Archive member included because of file (symbol)

/usr/lib/gcc/arm-none-eabi/4.9.3/libgcc.a(_udivsi3.o)
                              binaries/qsort.o (__aeabi_uidiv)
/usr/lib/gcc/arm-none-eabi/4.9.3/libgcc.a(_divsi3.o)
                              binaries/xsh_help.o (__aeabi_idiv)
/usr/lib/gcc/arm-none-eabi/4.9.3/libgcc.a(_dvmd_tls.o)
                              /usr/lib/gcc/arm-none-eabi/4.9.3/libgcc.a(_udivsi3.o) (__aeabi_idiv0)

Allocating common symbols
Common symbol       size              file

netbufpool          0x4               binaries/net.o
readylist           0x2               binaries/ready.o
rfltab              0x5a0             binaries/rflinit.o
sleepq              0x2               binaries/clkinit.o
intc_vector         0x200             binaries/evec.o
nnames              0x4               binaries/naminit.o
udptab              0x168             binaries/udp.o
minheap             0x4               binaries/meminit.o
marks               0x50              binaries/mark.o
currpid             0x4               binaries/initialize.o
Lf_data             0x20c             binaries/lfsinit.o
porttab             0x2d0             binaries/ptinit.o
ttytab              0x10c             binaries/ttyinit.o
box                 0x10              binaries/xsh_process_ring.o
proctab             0x15e0            binaries/initialize.o
eth_a_regs          0x1c              binaries/ethinit.o
prcount             0x4               binaries/initialize.o
lfltab              0xf00             binaries/lflinit.o
rdstab              0x8c              binaries/rdsinit.o
ethertab            0x138             binaries/ethinit.o
nsaddr              0x4               binaries/dns.o
NetData             0xa8              binaries/net.o
nmarks              0x4               binaries/mark.o
Defer               0x8               binaries/resched.o
semtab              0x4b0             binaries/initialize.o
maxheap             0x4               binaries/meminit.o
preempt             0x4               binaries/clkinit.o
buftab              0xf0              binaries/bufinit.o
Rf_data             0x18              binaries/rfsinit.o
mkmutex             0x4               binaries/mark.o
clktime             0x4               binaries/clkinit.o
box1                0x10              binaries/xsh_process_ring_incorrect_order.o
cpudelay            0x4               binaries/main.o
arpcache            0x140             binaries/arp.o
icmptab             0x230             binaries/icmp.o
nbpools             0x4               binaries/bufinit.o
queuetab            0x980             binaries/queue.o
ptnextid            0x4               binaries/ptinit.o
Ram                 0x19000           binaries/raminit.o
ipoqueue            0x2c              binaries/ip.o
memlist             0x8               binaries/initialize.o
nametab             0x19a0            binaries/naminit.o
ptfree              0x4               binaries/ptinit.o

Memory Configuration

Name             Origin             Length             Attributes
*default*        0x00000000         0xffffffff

Linker script and memory map

                0x81000000                physbase = 0x81000000
                0x81000000                . = physbase
                0x81000000                . = ALIGN (0x1000)

.text           0x81000000    0x16000
                0x81000000                text = ABSOLUTE (.)
 *(.text .text.*)
 .text          0x81000000       0x4c binaries/start.o
                0x81000000                start
 .text          0x8100004c      0x370 binaries/ascdate.o
                0x8100004c                ascdate
 .text          0x810003bc       0x18 binaries/bufinit.o
                0x810003bc                bufinit
 .text          0x810003d4       0x70 binaries/chprio.o
                0x810003d4                chprio
 .text          0x81000444       0xf0 binaries/clkhandler.o
                0x81000444                clkhandler
 .text          0x81000534       0xd4 binaries/clkinit.o
                0x81000534                clkinit
 .text          0x81000608       0x5c binaries/close.o
                0x81000608                close
 .text          0x81000664        0x0 binaries/conf.o
 .text          0x81000664       0x70 binaries/control.o
                0x81000664                control
 .text          0x810006d4      0x2c0 binaries/create.o
                0x810006d4                create
 .text          0x81000994       0xb0 binaries/evec.o
                0x81000994                initintc
                0x810009c0                set_evec
                0x81000a00                irq_dispatch
 .text          0x81000a44       0x10 binaries/exit.o
                0x81000a44                exit
 .text          0x81000a54       0x84 binaries/freebuf.o
                0x81000a54                freebuf
 .text          0x81000ad8      0x150 binaries/freemem.o
                0x81000ad8                freemem
 .text          0x81000c28       0x7c binaries/getbuf.o
                0x81000c28                getbuf
 .text          0x81000ca4       0x5c binaries/getc.o
                0x81000ca4                getc
 .text          0x81000d00       0x68 binaries/getdev.o
                0x81000d00                getdev
 .text          0x81000d68       0xa0 binaries/getitem.o
                0x81000d68                getitem
                0x81000d98                getfirst
                0x81000dcc                getlast
 .text          0x81000e08      0x108 binaries/getmem.o
                0x81000e08                getmem
 .text          0x81000f10       0x10 binaries/getpid.o
                0x81000f10                getpid
 .text          0x81000f20       0x5c binaries/getprio.o
                0x81000f20                getprio
 .text          0x81000f7c       0xd0 binaries/getstk.o
                0x81000f7c                getstk
 .text          0x8100104c       0x38 binaries/gettime.o
                0x8100104c                gettime
 .text          0x81001084      0x1c8 binaries/getutime.o
                0x81001084                getutime
 .text          0x8100124c       0x5c binaries/init.o
                0x8100124c                init
 .text          0x810012a8      0x2f8 binaries/initialize.o
                0x810012a8                nulluser
                0x81001540                stop
                0x81001564                delay
 .text          0x810015a0       0xc0 binaries/insert.o
                0x810015a0                insert
 .text          0x81001660      0x12c binaries/insertd.o
                0x81001660                insertd
 .text          0x8100178c        0x8 binaries/ioerr.o
                0x8100178c                ioerr
 .text          0x81001794        0x8 binaries/ionull.o
                0x81001794                ionull
 .text          0x8100179c      0x190 binaries/kill.o
                0x8100179c                kill
 .text          0x8100192c       0xb4 binaries/kprintf.o
                0x8100192c                kputc
                0x8100196c                kgetc
                0x810019a0                kprintf
 .text          0x810019e0       0xdc binaries/main.o
                0x810019e0                counterproc
                0x81001a1c                main
 .text          0x81001abc       0xd0 binaries/mark.o
                0x81001abc                markinit
                0x81001ae8                mark
 .text          0x81001b8c       0x44 binaries/meminit.o
                0x81001b8c                meminit
 .text          0x81001bd0      0x138 binaries/mkbufpool.o
                0x81001bd0                mkbufpool
 .text          0x81001d08       0x88 binaries/newqueue.o
                0x81001d08                newqueue
 .text          0x81001d90       0x68 binaries/open.o
                0x81001d90                open
 .text          0x81001df8       0x20 binaries/panic.o
                0x81001df8                panic
 .text          0x81001e18       0x48 binaries/platinit.o
                0x81001e18                platinit
 .text          0x81001e60       0xa8 binaries/ptclear.o
                0x81001e60                _ptclear
 .text          0x81001f08       0x90 binaries/ptcount.o
                0x81001f08                ptcount
 .text          0x81001f98      0x100 binaries/ptcreate.o
                0x81001f98                ptcreate
 .text          0x81002098       0x70 binaries/ptdelete.o
                0x81002098                ptdelete
 .text          0x81002108       0xbc binaries/ptinit.o
                0x81002108                ptinit
 .text          0x810021c4      0x144 binaries/ptrecv.o
                0x810021c4                ptrecv
 .text          0x81002308       0x6c binaries/ptreset.o
                0x81002308                ptreset
 .text          0x81002374      0x15c binaries/ptsend.o
                0x81002374                ptsend
 .text          0x810024d0       0x64 binaries/putc.o
                0x810024d0                putc
 .text          0x81002534       0xe0 binaries/queue.o
                0x81002534                enqueue
                0x810025b8                dequeue
 .text          0x81002614       0x68 binaries/read.o
                0x81002614                read
 .text          0x8100267c       0x74 binaries/ready.o
                0x8100267c                ready
 .text          0x810026f0       0x84 binaries/receive.o
                0x810026f0                receive
 .text          0x81002774       0x64 binaries/recvclr.o
                0x81002774                recvclr
 .text          0x810027d8       0xe0 binaries/recvtime.o
                0x810027d8                recvtime
 .text          0x810028b8      0x1d0 binaries/resched.o
                0x810028b8                resched
                0x810029d4                resched_cntl
 .text          0x81002a88       0x88 binaries/resume.o
                0x81002a88                resume
 .text          0x81002b10       0x64 binaries/seek.o
                0x81002b10                seek
 .text          0x81002b74       0x58 binaries/semcount.o
                0x81002b74                semcount
 .text          0x81002bcc       0xb8 binaries/semcreate.o
                0x81002bcc                semcreate
 .text          0x81002c84       0xc8 binaries/semdelete.o
                0x81002c84                semdelete
 .text          0x81002d4c       0xb4 binaries/semreset.o
                0x81002d4c                semreset
 .text          0x81002e00       0xc8 binaries/send.o
                0x81002e00                send
 .text          0x81002ec8       0x98 binaries/signal.o
                0x81002ec8                signal
 .text          0x81002f60       0xb8 binaries/signaln.o
                0x81002f60                signaln
 .text          0x81003018       0xd4 binaries/sleep.o
                0x81003018                sleepms
                0x810030b8                sleep
 .text          0x810030ec       0xd0 binaries/suspend.o
                0x810030ec                suspend
 .text          0x810031bc       0xa4 binaries/unsleep.o
                0x810031bc                unsleep
 .text          0x81003260       0x10 binaries/userret.o
                0x81003260                userret
 .text          0x81003270       0xc4 binaries/wait.o
                0x81003270                wait
 .text          0x81003334       0x90 binaries/wakeup.o
                0x81003334                wakeup
 .text          0x810033c4       0x68 binaries/write.o
                0x810033c4                write
 .text          0x8100342c       0x18 binaries/xdone.o
                0x8100342c                xdone
 .text          0x81003444       0x20 binaries/yield.o
                0x81003444                yield
 .text          0x81003464        0xc binaries/abs.o
                0x81003464                abs
 .text          0x81003470      0x130 binaries/atoi.o
                0x81003470                atoi
 .text          0x810035a0      0x130 binaries/atol.o
                0x810035a0                atol
 .text          0x810036d0       0x20 binaries/bzero.o
                0x810036d0                bzero
 .text          0x810036f0        0x0 binaries/ctype_.o
 .text          0x810036f0      0x968 binaries/doprnt.o
                0x810038e0                _doprnt
 .text          0x81004058      0x728 binaries/doscan.o
                0x81004058                _doscan
 .text          0x81004780      0x8c0 binaries/fdoprnt.o
                0x81004830                _fdoprnt
 .text          0x81005040       0x14 binaries/fgetc.o
                0x81005040                fgetc
 .text          0x81005054       0x84 binaries/fgets.o
                0x81005054                fgets
 .text          0x810050d8       0x3c binaries/fprintf.o
                0x810050d8                fprintf
 .text          0x81005114       0x24 binaries/fputc.o
                0x81005114                fputc
 .text          0x81005138       0x38 binaries/fputs.o
                0x81005138                fputs
 .text          0x81005170       0x78 binaries/fscanf.o
                0x810051a4                fscanf
 .text          0x810051e8       0x2c binaries/getchar.o
                0x810051e8                getchar
 .text          0x81005214        0xc binaries/labs.o
                0x81005214                labs
 .text          0x81005220       0x40 binaries/memchr.o
                0x81005220                memchr
 .text          0x81005260       0x58 binaries/memcmp.o
                0x81005260                memcmp
 .text          0x810052b8       0x24 binaries/memcpy.o
                0x810052b8                memcpy
 .text          0x810052dc       0x20 binaries/memset.o
                0x810052dc                memset
 .text          0x810052fc       0x58 binaries/printf.o
                0x810052fc                printf
 .text          0x81005354       0x2c binaries/putchar.o
                0x81005354                putchar
 .text          0x81005380      0x238 binaries/qsort.o
                0x81005598                qsort
 .text          0x810055b8       0x38 binaries/rand.o
                0x810055b8                srand
                0x810055c8                rand
 .text          0x810055f0       0x68 binaries/sprintf.o
                0x81005608                sprintf
 .text          0x81005658       0x78 binaries/sscanf.o
                0x8100568c                sscanf
 .text          0x810056d0       0x40 binaries/strchr.o
                0x810056d0                strchr
 .text          0x81005710       0x54 binaries/strcmp.o
                0x81005710                strcmp
 .text          0x81005764       0x1c binaries/strcpy.o
                0x81005764                strcpy
 .text          0x81005780       0x30 binaries/strlen.o
                0x81005780                strlen
 .text          0x810057b0       0x50 binaries/strncat.o
                0x810057b0                strncat
 .text          0x81005800       0x50 binaries/strncmp.o
                0x81005800                strncmp
 .text          0x81005850       0x80 binaries/strncpy.o
                0x81005850                strncpy
 .text          0x810058d0       0x50 binaries/strnlen.o
                0x810058d0                strnlen
 .text          0x81005920       0x40 binaries/strrchr.o
                0x81005920                strrchr
 .text          0x81005960       0xb0 binaries/strstr.o
                0x81005960                strstr
 .text          0x81005a10      0x154 binaries/ttycontrol.o
                0x81005a10                ttycontrol
 .text          0x81005b64       0xc8 binaries/ttygetc.o
                0x81005b64                ttygetc
 .text          0x81005c2c      0x4d4 binaries/ttyhandle_in.o
                0x81005cf8                ttyhandle_in
 .text          0x81006100      0x16c binaries/ttyhandle_out.o
                0x81006100                ttyhandle_out
 .text          0x8100626c       0xcc binaries/ttyhandler.o
                0x8100626c                ttyhandler
 .text          0x81006338      0x144 binaries/ttyinit.o
                0x81006338                ttyinit
 .text          0x8100647c        0xc binaries/ttykickout.o
                0x8100647c                ttykickout
 .text          0x81006488       0x9c binaries/ttyputc.o
                0x81006488                ttyputc
 .text          0x81006524      0x134 binaries/ttyread.o
                0x81006524                ttyread
 .text          0x81006658       0x48 binaries/ttywrite.o
                0x81006658                ttywrite
 .text          0x810066a0      0x160 binaries/mount.o
                0x810066a0                namlen
                0x810066f8                mount
 .text          0x81006800      0x1c0 binaries/naminit.o
                0x81006800                naminit
 .text          0x810069c0      0x24c binaries/nammap.o
                0x810069c0                namrepl
                0x81006b10                namcpy
                0x81006b6c                nammap
 .text          0x81006c0c       0x40 binaries/namopen.o
                0x81006c0c                namopen
 .text          0x81006c4c      0x108 binaries/colon2mac.o
                0x81006c4c                colon2mac
 .text          0x81006d54       0x44 binaries/ethcontrol.o
                0x81006d54                ethcontrol
 .text          0x81006d98      0x178 binaries/ethhandler.o
                0x81006d98                ethhandler
 .text          0x81006f10      0x7f8 binaries/ethinit.o
                0x81006f10                eth_phy_read
                0x81006f74                eth_phy_write
                0x81006fbc                eth_phy_reset
                0x8100711c                ethinit
 .text          0x81007708       0xf8 binaries/ethread.o
                0x81007708                ethread
 .text          0x81007800      0x120 binaries/ethwrite.o
                0x81007800                ethwrite
 .text          0x81007920       0x88 binaries/rdsbufalloc.o
                0x81007920                rdsbufalloc
 .text          0x810079a8       0xe8 binaries/rdsclose.o
                0x810079a8                rdsclose
 .text          0x81007a90      0x1e8 binaries/rdscomm.o
                0x81007a90                rdscomm
 .text          0x81007c78      0x1b0 binaries/rdscontrol.o
                0x81007c78                rdscontrol
 .text          0x81007e28      0x1e0 binaries/rdsinit.o
                0x81007e28                rdsinit
 .text          0x81008008      0x1a0 binaries/rdsopen.o
                0x81008008                rdsopen
 .text          0x810081a8      0x2d4 binaries/rdsprocess.o
                0x810081a8                rdsprocess
 .text          0x8100847c      0x240 binaries/rdsread.o
                0x8100847c                rdsread
 .text          0x810086bc      0x1d0 binaries/rdswrite.o
                0x810086bc                rdswrite
 .text          0x8100888c        0x8 binaries/ramclose.o
                0x8100888c                ramclose
 .text          0x81008894       0x3c binaries/raminit.o
                0x81008894                raminit
 .text          0x810088d0        0x8 binaries/ramopen.o
                0x810088d0                ramopen
 .text          0x810088d8       0x24 binaries/ramread.o
                0x810088d8                ramread
 .text          0x810088fc       0x20 binaries/ramwrite.o
                0x810088fc                ramwrite
 .text          0x8100891c       0x94 binaries/lfdballoc.o
                0x8100891c                lfdballoc
 .text          0x810089b0       0x4c binaries/lfdbfree.o
                0x810089b0                lfdbfree
 .text          0x810089fc       0xb8 binaries/lfflush.o
                0x810089fc                lfflush
 .text          0x81008ab4       0xc8 binaries/lfgetmode.o
                0x81008ab4                lfgetmode
 .text          0x81008b7c       0x6c binaries/lfiballoc.o
                0x81008b7c                lfiballoc
 .text          0x81008be8       0x28 binaries/lfibclear.o
                0x81008be8                lfibclear
 .text          0x81008c10       0x64 binaries/lfibget.o
                0x81008c10                lfibget
 .text          0x81008c74       0x90 binaries/lfibput.o
                0x81008c74                lfibput
 .text          0x81008d04       0xc4 binaries/lflclose.o
                0x81008d04                lflclose
 .text          0x81008dc8       0xc8 binaries/lflcontrol.o
                0x81008dc8                lflcontrol
 .text          0x81008e90      0x10c binaries/lflgetc.o
                0x81008e90                lflgetc
 .text          0x81008f9c       0xd0 binaries/lflinit.o
                0x81008f9c                lflinit
 .text          0x8100906c      0x14c binaries/lflputc.o
                0x8100906c                lflputc
 .text          0x810091b8       0x70 binaries/lflread.o
                0x810091b8                lflread
 .text          0x81009228       0xc0 binaries/lflseek.o
                0x81009228                lflseek
 .text          0x810092e8       0x50 binaries/lflwrite.o
                0x810092e8                lflwrite
 .text          0x81009338      0x11c binaries/lfsckfmt.o
                0x81009338                lfsckfmt
 .text          0x81009454      0x15c binaries/lfscreate.o
                0x81009454                lfscreate
 .text          0x810095b0      0x1f0 binaries/lfsetup.o
                0x810095b0                lfsetup
 .text          0x810097a0       0x44 binaries/lfsinit.o
                0x810097a0                lfsinit
 .text          0x810097e4      0x378 binaries/lfsopen.o
                0x810097e4                lfsopen
 .text          0x81009b5c      0x110 binaries/lftruncate.o
                0x81009b5c                lftruncate
 .text          0x81009c6c       0x7c binaries/rflclose.o
                0x81009c6c                rflclose
 .text          0x81009ce8       0x28 binaries/rflgetc.o
                0x81009ce8                rflgetc
 .text          0x81009d10       0x88 binaries/rflinit.o
                0x81009d10                rflinit
 .text          0x81009d98       0x2c binaries/rflputc.o
                0x81009d98                rflputc
 .text          0x81009dc4      0x2c4 binaries/rflread.o
                0x81009dc4                rflread
 .text          0x8100a088       0x7c binaries/rflseek.o
                0x8100a088                rflseek
 .text          0x8100a104      0x2e0 binaries/rflwrite.o
                0x8100a104                rflwrite
 .text          0x8100a3e4      0x198 binaries/rfscomm.o
                0x8100a3e4                rfscomm
 .text          0x8100a57c      0x224 binaries/rfscontrol.o
                0x8100a57c                rfscontrol
 .text          0x8100a7a0       0xc8 binaries/rfsgetmode.o
                0x8100a7a0                rfsgetmode
 .text          0x8100a868       0x84 binaries/rfsinit.o
                0x8100a868                rfsinit
 .text          0x8100a8ec       0x98 binaries/rfsndmsg.o
                0x8100a8ec                rfsndmsg
 .text          0x8100a984      0x238 binaries/rfsopen.o
                0x8100a984                rfsopen
 .text          0x8100abbc      0x780 binaries/arp.o
                0x8100abbc                arp_init
                0x8100abdc                arp_alloc
                0x8100acb4                arp_ntoh
                0x8100ad58                arp_hton
                0x8100adfc                arp_resolve
                0x8100b094                arp_in
 .text          0x8100b33c      0xd9c binaries/dhcp.o
                0x8100b33c                dump_dhcp_msg
                0x8100b960                get_dhcp_option_value
                0x8100b9bc                build_dhcp_discover
                0x8100bae8                build_dhcp_request
                0x8100bc94                getlocalip_boot
                0x8100c09c                getlocalip
 .text          0x8100c0d8      0x414 binaries/dns.o
                0x8100c0d8                dns_bldq
                0x8100c184                dns_getrname
                0x8100c248                dns_geta
                0x8100c378                dns_qa
 .text          0x8100c4ec      0x108 binaries/dot2ip.o
                0x8100c4ec                dot2ip
 .text          0x8100c5f4      0x328 binaries/hexdump.o
                0x8100c5f4                hexdump
                0x8100c740                hexadump
 .text          0x8100c91c      0x71c binaries/icmp.o
                0x8100c91c                icmp_init
                0x8100c940                icmp_register
                0x8100ca00                icmp_recv
                0x8100cba0                icmp_mkpkt
                0x8100cc90                icmp_in
                0x8100ce1c                icmp_send
                0x8100ce8c                icmp_release
                0x8100cf74                icmp_cksum
                0x8100cfd0                icmp_hton
                0x8100d004                icmp_ntoh
 .text          0x8100d038      0x67c binaries/ip.o
                0x8100d038                ip_local
                0x8100d068                ipcksum
                0x8100d0ac                ip_ntoh
                0x8100d150                ip_in
                0x8100d280                ip_hton
                0x8100d324                ip_out
                0x8100d3d8                ip_send
                0x8100d508                ipout
                0x8100d618                ip_enqueue
 .text          0x8100d6b4      0x1c4 binaries/net.o
                0x8100d6b4                net_init
                0x8100d7ac                eth_hton
                0x8100d7c0                eth_ntoh
                0x8100d7d4                netin
 .text          0x8100d878       0xf8 binaries/netstart.o
                0x8100d878                netstart
 .text          0x8100d970      0x9dc binaries/pdump.o
                0x8100d970                pdump
                0x8100defc                pdumph
 .text          0x8100e34c      0x580 binaries/tftp.o
                0x8100e34c                tftp_send1
                0x8100e438                tftpget_mb
                0x8100e898                tftpget
 .text          0x8100e8cc      0xa20 binaries/udp.o
                0x8100e8cc                udp_init
                0x8100e8f4                udp_in
                0x8100ea28                udp_register
                0x8100eb2c                udp_recv
                0x8100ecc8                udp_recvaddr
                0x8100ee80                udp_send
                0x8100f028                udp_sendto
                0x8100f194                udp_release
                0x8100f284                udp_ntoh
                0x8100f2b8                udp_hton
 .text          0x8100f2ec      0x13c binaries/addargs.o
                0x8100f2ec                addargs
 .text          0x8100f428      0x28c binaries/lexan.o
                0x8100f428                lexan
 .text          0x8100f6b4      0x68c binaries/shell.o
                0x8100f6b4                shell
 .text          0x8100fd40       0x64 binaries/xsh_argecho.o
                0x8100fd40                xsh_argecho
 .text          0x8100fda4      0x1c8 binaries/xsh_arp.o
                0x8100fda4                xsh_arp
 .text          0x8100ff6c      0x234 binaries/xsh_cat.o
                0x8100ff6c                xsh_cat
 .text          0x810101a0       0x5c binaries/xsh_clear.o
                0x810101a0                xsh_clear
 .text          0x810101fc      0x29c binaries/xsh_date.o
                0x810101fc                xsh_date
 .text          0x81010498       0x98 binaries/xsh_devdump.o
                0x81010498                xsh_devdump
 .text          0x81010530       0x68 binaries/xsh_echo.o
                0x81010530                xsh_echo
 .text          0x81010598        0x8 binaries/xsh_exit.o
                0x81010598                xsh_exit
 .text          0x810105a0       0xac binaries/xsh_hello.o
                0x810105a0                xsh_hello
 .text          0x8101064c      0x3b8 binaries/xsh_help.o
                0x8101064c                xsh_help
 .text          0x81010a04      0x354 binaries/xsh_ipaddr.o
                0x81010a04                xsh_ipaddr
 .text          0x81010d58      0x1fc binaries/xsh_kill.o
                0x81010d58                xsh_kill
 .text          0x81010f54      0x2ac binaries/xsh_led.o
                0x81010f54                xsh_led
 .text          0x81011200      0x434 binaries/xsh_memdump.o
                0x810112f4                xsh_memdump
 .text          0x81011634      0x224 binaries/xsh_memstat.o
                0x81011634                xsh_memstat
 .text          0x81011858      0x3b8 binaries/xsh_ping.o
                0x81011858                xsh_ping
 .text          0x81011c10       0xcc binaries/xsh_process_ring.o
                0x81011c10                xsh_process_ring
 .text          0x81011cdc       0xcc binaries/xsh_process_ring_incorrect_order.o
                0x81011cdc                xsh_process_ring_incorrect_order
 .text          0x81011da8      0x220 binaries/xsh_ps.o
                0x81011da8                xsh_ps
 .text          0x81011fc8      0x1d4 binaries/xsh_sleep.o
                0x81011fc8                xsh_sleep
 .text          0x8101219c      0x244 binaries/xsh_udpdump.o
                0x8101219c                xsh_udpdump
 .text          0x810123e0      0x3fc binaries/xsh_udpecho.o
                0x810123e0                xsh_udpecho
 .text          0x810127dc      0x250 binaries/xsh_udpeserver.o
                0x810127dc                xsh_udpeserver
 .text          0x81012a2c      0x1b4 binaries/xsh_uptime.o
                0x81012a2c                xsh_uptime
 .text          0x81012be0        0x4 binaries/consume.o
                0x81012be0                consumer
 .text          0x81012be4        0x4 binaries/produce.o
                0x81012be4                producer
 .text          0x81012be8       0xdc binaries/ring.o
                0x81012be8                counterDecrementer
 .text          0x81012cc4       0xa4 binaries/ring_incorrect_order.o
                0x81012cc4                counterDecrementerOutOfOrder
 .text          0x81012d68       0x2c binaries/ctxsw.o
                0x81012d68                ctxsw
 .text          0x81012d94      0x100 binaries/intr.o
                0x81012d94                disable
                0x81012da0                restore
                0x81012dc4                enable
                0x81012dcc                pause
                0x81012dcc                halt
                0x81012dd4                irq_except
                0x81012e04                initevec
                0x81012e64                expjmpinstr
 .text          0x81012e94      0x114 /usr/lib/gcc/arm-none-eabi/4.9.3/libgcc.a(_udivsi3.o)
                0x81012e94                __udivsi3
                0x81012e94                __aeabi_uidiv
                0x81012f88                __aeabi_uidivmod
 .text          0x81012fa8      0x148 /usr/lib/gcc/arm-none-eabi/4.9.3/libgcc.a(_divsi3.o)
                0x81012fa8                __aeabi_idiv
                0x81012fa8                __divsi3
                0x810130d0                __aeabi_idivmod
 .text          0x810130f0        0x4 /usr/lib/gcc/arm-none-eabi/4.9.3/libgcc.a(_dvmd_tls.o)
                0x810130f0                __aeabi_ldiv0
                0x810130f0                __aeabi_idiv0
 *(.rodata .rodata.*)
 .rodata.str1.4
                0x810130f4       0x78 binaries/ascdate.o
 .rodata.str1.4
                0x8101316c       0xcb binaries/conf.o
 *fill*         0x81013237        0x1 
 .rodata.str1.4
                0x81013238       0x60 binaries/getutime.o
 .rodata.str1.4
                0x81013298      0x16c binaries/initialize.o
                                0x170 (size before relaxing)
 .rodata.str1.4
                0x81013404       0x42 binaries/main.o
 *fill*         0x81013446        0x2 
 .rodata.str1.4
                0x81013448       0x10 binaries/panic.o
 .rodata.str1.4
                0x81013458       0x1c binaries/ptinit.o
 .rodata.str1.4
                0x81013474       0x25 binaries/ptsend.o
 *fill*         0x81013499        0x3 
 .rodata.str1.4
                0x8101349c       0x27 binaries/xdone.o
 *fill*         0x810134c3        0x1 
 .rodata        0x810134c4       0x81 binaries/ctype_.o
                0x810134c4                _ctype_
 *fill*         0x81013545        0x3 
 .rodata.str1.4
                0x81013548       0x2f binaries/doprnt.o
 .rodata.str1.4
                0x00000000       0x2d binaries/fdoprnt.o
 *fill*         0x81013577        0x1 
 .rodata.str1.4
                0x81013578       0x86 binaries/naminit.o
                                 0x8e (size before relaxing)
 *fill*         0x810135fe        0x2 
 .rodata.str1.4
                0x81013600       0xe5 binaries/ethinit.o
 *fill*         0x810136e5        0x3 
 .rodata.str1.4
                0x810136e8       0x12 binaries/ethread.o
 *fill*         0x810136fa        0x2 
 .rodata.str1.4
                0x810136fc       0x2c binaries/rdsbufalloc.o
 .rodata.str1.4
                0x81013728       0x76 binaries/rdscomm.o
 *fill*         0x8101379e        0x2 
 .rodata.str1.4
                0x810137a0       0x48 binaries/rdscontrol.o
 .rodata.str1.4
                0x810137e8       0x96 binaries/rdsinit.o
 *fill*         0x8101387e        0x2 
 .rodata.str1.4
                0x81013880       0x22 binaries/rdsopen.o
 *fill*         0x810138a2        0x2 
 .rodata.str1.4
                0x810138a4       0x4d binaries/rdsprocess.o
 *fill*         0x810138f1        0x3 
 .rodata.str1.4
                0x810138f4        0x9 binaries/raminit.o
 *fill*         0x810138fd        0x3 
 .rodata.str1.4
                0x81013900       0x37 binaries/lfdballoc.o
 *fill*         0x81013937        0x1 
 .rodata.str1.4
                0x81013938       0x14 binaries/lfiballoc.o
 .rodata.str1.4
                0x8101394c       0x23 binaries/lflcontrol.o
 *fill*         0x8101396f        0x1 
 .rodata.str1.4
                0x81013970       0xbb binaries/lfsckfmt.o
 *fill*         0x81013a2b        0x1 
 .rodata.str1.4
                0x81013a2c       0x21 binaries/rflread.o
 .rodata.str1.4
                0x00000000       0x21 binaries/rflwrite.o
 *fill*         0x81013a4d        0x3 
 .rodata.str1.4
                0x81013a50       0x75 binaries/rfscomm.o
 *fill*         0x81013ac5        0x3 
 .rodata.str1.4
                0x81013ac8       0x23 binaries/rfscontrol.o
 *fill*         0x81013aeb        0x1 
 .rodata.str1.4
                0x81013aec       0x63 binaries/rfsinit.o
 *fill*         0x81013b4f        0x1 
 .rodata.str1.4
                0x81013b50       0x2a binaries/rfsndmsg.o
 .rodata.str1.4
                0x00000000       0x22 binaries/rfsopen.o
 *fill*         0x81013b7a        0x2 
 .rodata.str1.4
                0x81013b7c       0x3d binaries/arp.o
 *fill*         0x81013bb9        0x3 
 .rodata.str1.4
                0x81013bbc      0x462 binaries/dhcp.o
                                0x466 (size before relaxing)
 *fill*         0x8101401e        0x2 
 .rodata.str1.4
                0x81014020       0xca binaries/hexdump.o
                                 0xd6 (size before relaxing)
 *fill*         0x810140ea        0x2 
 .rodata.str1.4
                0x810140ec       0x29 binaries/icmp.o
 *fill*         0x81014115        0x3 
 .rodata.str1.4
                0x81014118       0x52 binaries/ip.o
 *fill*         0x8101416a        0x2 
 .rodata.str1.4
                0x8101416c       0x53 binaries/net.o
 *fill*         0x810141bf        0x1 
 .rodata.str1.4
                0x810141c0       0x8f binaries/netstart.o
 *fill*         0x8101424f        0x1 
 .rodata.str1.4
                0x81014250      0x292 binaries/pdump.o
                                0x296 (size before relaxing)
 *fill*         0x810144e2        0x2 
 .rodata.str1.4
                0x810144e4      0x178 binaries/tftp.o
                                0x17c (size before relaxing)
 .rodata        0x8101465c      0x114 binaries/shell.o
                0x8101465c                cmdtab
 .rodata.str1.4
                0x81014770      0x302 binaries/shell.o
                                0x30a (size before relaxing)
 *fill*         0x81014a72        0x2 
 .rodata.str1.4
                0x81014a74       0x29 binaries/xsh_argecho.o
                                 0x2e (size before relaxing)
 *fill*         0x81014a9d        0x3 
 .rodata.str1.4
                0x81014aa0      0x13e binaries/xsh_arp.o
                                0x142 (size before relaxing)
 *fill*         0x81014bde        0x2 
 .rodata.str1.4
                0x81014be0       0x81 binaries/xsh_cat.o
                                 0xd1 (size before relaxing)
 *fill*         0x81014c61        0x3 
 .rodata.str1.4
                0x81014c64       0x15 binaries/xsh_clear.o
 *fill*         0x81014c79        0x3 
 .rodata.str1.4
                0x81014c7c      0x1af binaries/xsh_date.o
                                0x1cb (size before relaxing)
 *fill*         0x81014e2b        0x1 
 .rodata.str1.4
                0x81014e2c       0x61 binaries/xsh_devdump.o
 *fill*         0x81014e8d        0x3 
 .rodata.str1.4
                0x81014e90        0x8 binaries/xsh_echo.o
                                  0xa (size before relaxing)
 .rodata.str1.4
                0x81014e98       0x47 binaries/xsh_hello.o
                                 0x60 (size before relaxing)
 *fill*         0x81014edf        0x1 
 .rodata.str1.4
                0x81014ee0       0xe7 binaries/xsh_help.o
                                0x17a (size before relaxing)
 *fill*         0x81014fc7        0x1 
 .rodata.str1.4
                0x81014fc8       0xfb binaries/xsh_ipaddr.o
                                0x1ab (size before relaxing)
 *fill*         0x810150c3        0x1 
 .rodata.str1.4
                0x810150c4       0xc8 binaries/xsh_kill.o
                                0x136 (size before relaxing)
 .rodata.str1.4
                0x8101518c       0xf7 binaries/xsh_led.o
                                0x16b (size before relaxing)
 *fill*         0x81015283        0x1 
 .rodata.str1.4
                0x81015284      0x1ca binaries/xsh_memdump.o
                                0x262 (size before relaxing)
 *fill*         0x8101544e        0x2 
 .rodata.str1.4
                0x81015450      0x1cc binaries/xsh_memstat.o
                                0x232 (size before relaxing)
 .rodata.str1.4
                0x8101561c      0x13f binaries/xsh_ping.o
                                0x1b2 (size before relaxing)
 .rodata.str1.4
                0x00000000       0x25 binaries/xsh_process_ring.o
 *fill*         0x8101575b        0x1 
 .rodata.str1.4
                0x8101575c       0x17 binaries/xsh_process_ring_incorrect_order.o
                                 0x2f (size before relaxing)
 *fill*         0x81015773        0x1 
 .rodata        0x81015774       0x20 binaries/xsh_ps.o
 .rodata.str1.4
                0x81015794      0x11a binaries/xsh_ps.o
                                0x1d2 (size before relaxing)
 *fill*         0x810158ae        0x2 
 .rodata.str1.4
                0x810158b0       0x5e binaries/xsh_sleep.o
                                 0xf6 (size before relaxing)
 *fill*         0x8101590e        0x2 
 .rodata        0x81015910        0xc binaries/xsh_udpdump.o
 .rodata.str1.4
                0x8101591c      0x122 binaries/xsh_udpdump.o
                                0x1de (size before relaxing)
 *fill*         0x81015a3e        0x2 
 .rodata.str1.4
                0x81015a40      0x1ae binaries/xsh_udpecho.o
                                0x222 (size before relaxing)
 *fill*         0x81015bee        0x2 
 .rodata.str1.4
                0x81015bf0       0x97 binaries/xsh_udpeserver.o
                                0x13b (size before relaxing)
 *fill*         0x81015c87        0x1 
 .rodata.str1.4
                0x81015c88       0x77 binaries/xsh_uptime.o
                                0x112 (size before relaxing)
 *fill*         0x81015cff        0x1 
 .rodata.str1.4
                0x81015d00       0x30 binaries/ring.o
                                 0x2e (size before relaxing)
 .rodata.str1.4
                0x00000000       0x28 binaries/ring_incorrect_order.o
                0x81015d30                etext = ABSOLUTE (.)
                0x81016000                . = ALIGN (0x1000)
 *fill*         0x81015d30      0x2d0 

.glue_7         0x81016000        0x0
 .glue_7        0x00000000        0x0 linker stubs

.glue_7t        0x81016000        0x0
 .glue_7t       0x00000000        0x0 linker stubs

.vfp11_veneer   0x81016000        0x0
 .vfp11_veneer  0x00000000        0x0 linker stubs

.v4_bx          0x81016000        0x0
 .v4_bx         0x00000000        0x0 linker stubs

.iplt           0x81016000        0x0
 .iplt          0x00000000        0x0 binaries/start.o

.rel.dyn        0x81016000        0x0
 .rel.iplt      0x00000000        0x0 binaries/start.o

.data           0x81016000     0x1000
                0x81016000                data = ABSOLUTE (.)
 *(.data .data.*)
 .data          0x81016000        0x0 binaries/start.o
 .data          0x81016000       0x88 binaries/ascdate.o
                0x81016000                Date
 .data          0x81016088        0x0 binaries/bufinit.o
 .data          0x81016088        0x0 binaries/chprio.o
 .data          0x81016088        0x4 binaries/clkhandler.o
 .data          0x8101608c        0x0 binaries/clkinit.o
 .data          0x8101608c        0x0 binaries/close.o
 .data          0x8101608c      0x5a0 binaries/conf.o
                0x8101608c                devtab
 .data          0x8101662c        0x0 binaries/control.o
 .data          0x8101662c        0x4 binaries/create.o
 .data          0x81016630       0x3d binaries/evec.o
                0x81016630                expmsg2
                0x81016644                expmsg1
 .data          0x8101666d        0x0 binaries/exit.o
 .data          0x8101666d        0x0 binaries/freebuf.o
 .data          0x8101666d        0x0 binaries/freemem.o
 .data          0x8101666d        0x0 binaries/getbuf.o
 .data          0x8101666d        0x0 binaries/getc.o
 .data          0x8101666d        0x0 binaries/getdev.o
 .data          0x8101666d        0x0 binaries/getitem.o
 .data          0x8101666d        0x0 binaries/getmem.o
 .data          0x8101666d        0x0 binaries/getpid.o
 .data          0x8101666d        0x0 binaries/getprio.o
 .data          0x8101666d        0x0 binaries/getstk.o
 .data          0x8101666d        0x0 binaries/gettime.o
 .data          0x8101666d        0x0 binaries/getutime.o
 .data          0x8101666d        0x0 binaries/init.o
 .data          0x8101666d        0x0 binaries/initialize.o
 .data          0x8101666d        0x0 binaries/insert.o
 .data          0x8101666d        0x0 binaries/insertd.o
 .data          0x8101666d        0x0 binaries/ioerr.o
 .data          0x8101666d        0x0 binaries/ionull.o
 .data          0x8101666d        0x0 binaries/kill.o
 .data          0x8101666d        0x0 binaries/kprintf.o
 *fill*         0x8101666d        0x3 
 .data          0x81016670        0x4 binaries/main.o
                0x81016670                gcounter
 .data          0x81016674        0x0 binaries/mark.o
 .data          0x81016674        0x0 binaries/meminit.o
 .data          0x81016674        0x0 binaries/mkbufpool.o
 .data          0x81016674        0x2 binaries/newqueue.o
 .data          0x81016676        0x0 binaries/open.o
 .data          0x81016676        0x0 binaries/panic.o
 .data          0x81016676        0x0 binaries/platinit.o
 .data          0x81016676        0x0 binaries/ptclear.o
 .data          0x81016676        0x0 binaries/ptcount.o
 .data          0x81016676        0x0 binaries/ptcreate.o
 .data          0x81016676        0x0 binaries/ptdelete.o
 .data          0x81016676        0x0 binaries/ptinit.o
 .data          0x81016676        0x0 binaries/ptrecv.o
 .data          0x81016676        0x0 binaries/ptreset.o
 .data          0x81016676        0x0 binaries/ptsend.o
 .data          0x81016676        0x0 binaries/putc.o
 .data          0x81016676        0x0 binaries/queue.o
 .data          0x81016676        0x0 binaries/read.o
 .data          0x81016676        0x0 binaries/ready.o
 .data          0x81016676        0x0 binaries/receive.o
 .data          0x81016676        0x0 binaries/recvclr.o
 .data          0x81016676        0x0 binaries/recvtime.o
 .data          0x81016676        0x0 binaries/resched.o
 .data          0x81016676        0x0 binaries/resume.o
 .data          0x81016676        0x0 binaries/seek.o
 .data          0x81016676        0x0 binaries/semcount.o
 .data          0x81016676        0x0 binaries/semcreate.o
 .data          0x81016676        0x0 binaries/semdelete.o
 .data          0x81016676        0x0 binaries/semreset.o
 .data          0x81016676        0x0 binaries/send.o
 .data          0x81016676        0x0 binaries/signal.o
 .data          0x81016676        0x0 binaries/signaln.o
 .data          0x81016676        0x0 binaries/sleep.o
 .data          0x81016676        0x0 binaries/suspend.o
 .data          0x81016676        0x0 binaries/unsleep.o
 .data          0x81016676        0x0 binaries/userret.o
 .data          0x81016676        0x0 binaries/wait.o
 .data          0x81016676        0x0 binaries/wakeup.o
 .data          0x81016676        0x0 binaries/write.o
 .data          0x81016676        0x0 binaries/xdone.o
 .data          0x81016676        0x0 binaries/yield.o
 .data          0x81016676        0x0 binaries/abs.o
 .data          0x81016676        0x0 binaries/atoi.o
 .data          0x81016676        0x0 binaries/atol.o
 .data          0x81016676        0x0 binaries/bzero.o
 .data          0x81016676        0x0 binaries/ctype_.o
 .data          0x81016676        0x0 binaries/doprnt.o
 *fill*         0x81016676        0x2 
 .data          0x81016678       0x80 binaries/doscan.o
                0x81016678                _sctab
 .data          0x810166f8        0x0 binaries/fdoprnt.o
 .data          0x810166f8        0x0 binaries/fgetc.o
 .data          0x810166f8        0x0 binaries/fgets.o
 .data          0x810166f8        0x0 binaries/fprintf.o
 .data          0x810166f8        0x0 binaries/fputc.o
 .data          0x810166f8        0x0 binaries/fputs.o
 .data          0x810166f8        0x0 binaries/fscanf.o
 .data          0x810166f8        0x0 binaries/getchar.o
 .data          0x810166f8        0x0 binaries/labs.o
 .data          0x810166f8        0x0 binaries/memchr.o
 .data          0x810166f8        0x0 binaries/memcmp.o
 .data          0x810166f8        0x0 binaries/memcpy.o
 .data          0x810166f8        0x0 binaries/memset.o
 .data          0x810166f8        0x0 binaries/printf.o
 .data          0x810166f8        0x0 binaries/putchar.o
 .data          0x810166f8        0x0 binaries/qsort.o
 .data          0x810166f8        0x4 binaries/rand.o
 .data          0x810166fc        0x0 binaries/sprintf.o
 .data          0x810166fc        0x0 binaries/sscanf.o
 .data          0x810166fc        0x0 binaries/strchr.o
 .data          0x810166fc        0x0 binaries/strcmp.o
 .data          0x810166fc        0x0 binaries/strcpy.o
 .data          0x810166fc        0x0 binaries/strlen.o
 .data          0x810166fc        0x0 binaries/strncat.o
 .data          0x810166fc        0x0 binaries/strncmp.o
 .data          0x810166fc        0x0 binaries/strncpy.o
 .data          0x810166fc        0x0 binaries/strnlen.o
 .data          0x810166fc        0x0 binaries/strrchr.o
 .data          0x810166fc        0x0 binaries/strstr.o
 .data          0x810166fc        0x0 binaries/ttycontrol.o
 .data          0x810166fc        0x0 binaries/ttygetc.o
 .data          0x810166fc        0x0 binaries/ttyhandle_in.o
 .data          0x810166fc        0x0 binaries/ttyhandle_out.o
 .data          0x810166fc        0x0 binaries/ttyhandler.o
 .data          0x810166fc        0x0 binaries/ttyinit.o
 .data          0x810166fc        0x0 binaries/ttykickout.o
 .data          0x810166fc        0x0 binaries/ttyputc.o
 .data          0x810166fc        0x0 binaries/ttyread.o
 .data          0x810166fc        0x0 binaries/ttywrite.o
 .data          0x810166fc        0x0 binaries/mount.o
 .data          0x810166fc        0x0 binaries/naminit.o
 .data          0x810166fc        0x0 binaries/nammap.o
 .data          0x810166fc        0x0 binaries/namopen.o
 .data          0x810166fc        0x0 binaries/colon2mac.o
 .data          0x810166fc        0x0 binaries/ethcontrol.o
 .data          0x810166fc        0x0 binaries/ethhandler.o
 .data          0x810166fc        0x0 binaries/ethinit.o
 .data          0x810166fc        0x0 binaries/ethread.o
 .data          0x810166fc        0x0 binaries/ethwrite.o
 .data          0x810166fc        0x0 binaries/rdsbufalloc.o
 .data          0x810166fc        0x0 binaries/rdsclose.o
 .data          0x810166fc        0x0 binaries/rdscomm.o
 .data          0x810166fc        0x0 binaries/rdscontrol.o
 .data          0x810166fc        0x0 binaries/rdsinit.o
 .data          0x810166fc        0x0 binaries/rdsopen.o
 .data          0x810166fc        0x0 binaries/rdsprocess.o
 .data          0x810166fc        0x0 binaries/rdsread.o
 .data          0x810166fc        0x0 binaries/rdswrite.o
 .data          0x810166fc        0x0 binaries/ramclose.o
 .data          0x810166fc        0x0 binaries/raminit.o
 .data          0x810166fc        0x0 binaries/ramopen.o
 .data          0x810166fc        0x0 binaries/ramread.o
 .data          0x810166fc        0x0 binaries/ramwrite.o
 .data          0x810166fc        0x0 binaries/lfdballoc.o
 .data          0x810166fc        0x0 binaries/lfdbfree.o
 .data          0x810166fc        0x0 binaries/lfflush.o
 .data          0x810166fc        0x0 binaries/lfgetmode.o
 .data          0x810166fc        0x0 binaries/lfiballoc.o
 .data          0x810166fc        0x0 binaries/lfibclear.o
 .data          0x810166fc        0x0 binaries/lfibget.o
 .data          0x810166fc        0x0 binaries/lfibput.o
 .data          0x810166fc        0x0 binaries/lflclose.o
 .data          0x810166fc        0x0 binaries/lflcontrol.o
 .data          0x810166fc        0x0 binaries/lflgetc.o
 .data          0x810166fc        0x0 binaries/lflinit.o
 .data          0x810166fc        0x0 binaries/lflputc.o
 .data          0x810166fc        0x0 binaries/lflread.o
 .data          0x810166fc        0x0 binaries/lflseek.o
 .data          0x810166fc        0x0 binaries/lflwrite.o
 .data          0x810166fc        0x0 binaries/lfsckfmt.o
 .data          0x810166fc        0x0 binaries/lfscreate.o
 .data          0x810166fc        0x0 binaries/lfsetup.o
 .data          0x810166fc        0x0 binaries/lfsinit.o
 .data          0x810166fc        0x0 binaries/lfsopen.o
 .data          0x810166fc        0x0 binaries/lftruncate.o
 .data          0x810166fc        0x0 binaries/rflclose.o
 .data          0x810166fc        0x0 binaries/rflgetc.o
 .data          0x810166fc        0x0 binaries/rflinit.o
 .data          0x810166fc        0x0 binaries/rflputc.o
 .data          0x810166fc        0x0 binaries/rflread.o
 .data          0x810166fc        0x0 binaries/rflseek.o
 .data          0x810166fc        0x0 binaries/rflwrite.o
 .data          0x810166fc        0x0 binaries/rfscomm.o
 .data          0x810166fc        0x0 binaries/rfscontrol.o
 .data          0x810166fc        0x0 binaries/rfsgetmode.o
 .data          0x810166fc        0x0 binaries/rfsinit.o
 .data          0x810166fc        0x0 binaries/rfsndmsg.o
 .data          0x810166fc        0x0 binaries/rfsopen.o
 .data          0x810166fc        0x0 binaries/arp.o
 .data          0x810166fc        0x0 binaries/dhcp.o
 .data          0x810166fc        0x0 binaries/dns.o
 .data          0x810166fc        0x0 binaries/dot2ip.o
 .data          0x810166fc        0x0 binaries/hexdump.o
 .data          0x810166fc        0x4 binaries/icmp.o
 .data          0x81016700        0x0 binaries/ip.o
 .data          0x81016700        0x0 binaries/net.o
 .data          0x81016700        0x0 binaries/netstart.o
 .data          0x81016700        0x0 binaries/pdump.o
 .data          0x81016700        0x0 binaries/tftp.o
 .data          0x81016700        0x4 binaries/udp.o
 .data          0x81016704        0x0 binaries/addargs.o
 .data          0x81016704        0x0 binaries/lexan.o
 .data          0x81016704        0x4 binaries/shell.o
                0x81016704                ncmd
 .data          0x81016708        0x0 binaries/xsh_argecho.o
 .data          0x81016708        0x0 binaries/xsh_arp.o
 .data          0x81016708        0x0 binaries/xsh_cat.o
 .data          0x81016708        0x0 binaries/xsh_clear.o
 .data          0x81016708        0x0 binaries/xsh_date.o
 .data          0x81016708        0x0 binaries/xsh_devdump.o
 .data          0x81016708        0x0 binaries/xsh_echo.o
 .data          0x81016708        0x0 binaries/xsh_exit.o
 .data          0x81016708        0x0 binaries/xsh_hello.o
 .data          0x81016708        0x0 binaries/xsh_help.o
 .data          0x81016708        0x0 binaries/xsh_ipaddr.o
 .data          0x81016708        0x0 binaries/xsh_kill.o
 .data          0x81016708        0x0 binaries/xsh_led.o
 .data          0x81016708        0x0 binaries/xsh_memdump.o
 .data          0x81016708        0x0 binaries/xsh_memstat.o
 .data          0x81016708        0x0 binaries/xsh_ping.o
 .data          0x81016708        0x4 binaries/xsh_process_ring.o
                0x81016708                rounds
 .data          0x8101670c        0x4 binaries/xsh_process_ring_incorrect_order.o
                0x8101670c                rounds1
 .data          0x81016710        0x0 binaries/xsh_ps.o
 .data          0x81016710        0x0 binaries/xsh_sleep.o
 .data          0x81016710        0x0 binaries/xsh_udpdump.o
 .data          0x81016710        0x0 binaries/xsh_udpecho.o
 .data          0x81016710        0x0 binaries/xsh_udpeserver.o
 .data          0x81016710        0x0 binaries/xsh_uptime.o
 .data          0x81016710        0x0 binaries/consume.o
 .data          0x81016710        0x0 binaries/produce.o
 .data          0x81016710        0x0 binaries/ring.o
 .data          0x81016710        0x0 binaries/ring_incorrect_order.o
 .data          0x81016710        0x0 binaries/ctxsw.o
 .data          0x81016710        0x0 binaries/intr.o
 .data          0x81016710        0x0 /usr/lib/gcc/arm-none-eabi/4.9.3/libgcc.a(_udivsi3.o)
 .data          0x81016710        0x0 /usr/lib/gcc/arm-none-eabi/4.9.3/libgcc.a(_divsi3.o)
 .data          0x81016710        0x0 /usr/lib/gcc/arm-none-eabi/4.9.3/libgcc.a(_dvmd_tls.o)
                0x81016710                edata = ABSOLUTE (.)
                0x81017000                . = ALIGN (0x1000)
 *fill*         0x81016710      0x8f0 

.igot.plt       0x81017000        0x0
 .igot.plt      0x00000000        0x0 binaries/start.o

.bss            0x81017000    0x20000
                0x81017000                bss = ABSOLUTE (.)
 *(.bss .bss.*)
 .bss           0x81017000        0x0 binaries/start.o
 .bss           0x81017000        0x0 binaries/ascdate.o
 .bss           0x81017000        0x0 binaries/bufinit.o
 .bss           0x81017000        0x0 binaries/chprio.o
 .bss           0x81017000        0x0 binaries/clkhandler.o
 .bss           0x81017000        0x4 binaries/clkinit.o
                0x81017000                ctr1000
 .bss           0x81017004        0x0 binaries/close.o
 .bss           0x81017004        0x0 binaries/conf.o
 .bss           0x81017004        0x0 binaries/control.o
 .bss           0x81017004        0x0 binaries/create.o
 .bss           0x81017004        0x0 binaries/evec.o
 .bss           0x81017004        0x0 binaries/exit.o
 .bss           0x81017004        0x0 binaries/freebuf.o
 .bss           0x81017004        0x0 binaries/freemem.o
 .bss           0x81017004        0x0 binaries/getbuf.o
 .bss           0x81017004        0x0 binaries/getc.o
 .bss           0x81017004        0x0 binaries/getdev.o
 .bss           0x81017004        0x0 binaries/getitem.o
 .bss           0x81017004        0x0 binaries/getmem.o
 .bss           0x81017004        0x0 binaries/getpid.o
 .bss           0x81017004        0x0 binaries/getprio.o
 .bss           0x81017004        0x0 binaries/getstk.o
 .bss           0x81017004        0x0 binaries/gettime.o
 .bss           0x81017004        0x0 binaries/getutime.o
 .bss           0x81017004        0x0 binaries/init.o
 .bss           0x81017004        0x0 binaries/initialize.o
 .bss           0x81017004        0x0 binaries/insert.o
 .bss           0x81017004        0x0 binaries/insertd.o
 .bss           0x81017004        0x0 binaries/ioerr.o
 .bss           0x81017004        0x0 binaries/ionull.o
 .bss           0x81017004        0x0 binaries/kill.o
 .bss           0x81017004        0x0 binaries/kprintf.o
 .bss           0x81017004        0x0 binaries/main.o
 .bss           0x81017004        0x0 binaries/mark.o
 .bss           0x81017004        0x0 binaries/meminit.o
 .bss           0x81017004        0x0 binaries/mkbufpool.o
 .bss           0x81017004        0x0 binaries/newqueue.o
 .bss           0x81017004        0x0 binaries/open.o
 .bss           0x81017004        0x0 binaries/panic.o
 .bss           0x81017004        0x0 binaries/platinit.o
 .bss           0x81017004        0x0 binaries/ptclear.o
 .bss           0x81017004        0x0 binaries/ptcount.o
 .bss           0x81017004        0x0 binaries/ptcreate.o
 .bss           0x81017004        0x0 binaries/ptdelete.o
 .bss           0x81017004        0x0 binaries/ptinit.o
 .bss           0x81017004        0x0 binaries/ptrecv.o
 .bss           0x81017004        0x0 binaries/ptreset.o
 .bss           0x81017004        0x0 binaries/ptsend.o
 .bss           0x81017004        0x0 binaries/putc.o
 .bss           0x81017004        0x0 binaries/queue.o
 .bss           0x81017004        0x0 binaries/read.o
 .bss           0x81017004        0x0 binaries/ready.o
 .bss           0x81017004        0x0 binaries/receive.o
 .bss           0x81017004        0x0 binaries/recvclr.o
 .bss           0x81017004        0x0 binaries/recvtime.o
 .bss           0x81017004        0x0 binaries/resched.o
 .bss           0x81017004        0x0 binaries/resume.o
 .bss           0x81017004        0x0 binaries/seek.o
 .bss           0x81017004        0x0 binaries/semcount.o
 .bss           0x81017004        0x4 binaries/semcreate.o
 .bss           0x81017008        0x0 binaries/semdelete.o
 .bss           0x81017008        0x0 binaries/semreset.o
 .bss           0x81017008        0x0 binaries/send.o
 .bss           0x81017008        0x0 binaries/signal.o
 .bss           0x81017008        0x0 binaries/signaln.o
 .bss           0x81017008        0x0 binaries/sleep.o
 .bss           0x81017008        0x0 binaries/suspend.o
 .bss           0x81017008        0x0 binaries/unsleep.o
 .bss           0x81017008        0x0 binaries/userret.o
 .bss           0x81017008        0x0 binaries/wait.o
 .bss           0x81017008        0x0 binaries/wakeup.o
 .bss           0x81017008        0x0 binaries/write.o
 .bss           0x81017008        0x0 binaries/xdone.o
 .bss           0x81017008        0x0 binaries/yield.o
 .bss           0x81017008        0x0 binaries/abs.o
 .bss           0x81017008        0x0 binaries/atoi.o
 .bss           0x81017008        0x0 binaries/atol.o
 .bss           0x81017008        0x0 binaries/bzero.o
 .bss           0x81017008        0x0 binaries/ctype_.o
 .bss           0x81017008        0x0 binaries/doprnt.o
 .bss           0x81017008        0x0 binaries/doscan.o
 .bss           0x81017008        0x0 binaries/fdoprnt.o
 .bss           0x81017008        0x0 binaries/fgetc.o
 .bss           0x81017008        0x0 binaries/fgets.o
 .bss           0x81017008        0x0 binaries/fprintf.o
 .bss           0x81017008        0x0 binaries/fputc.o
 .bss           0x81017008        0x0 binaries/fputs.o
 .bss           0x81017008        0x0 binaries/fscanf.o
 .bss           0x81017008        0x0 binaries/getchar.o
 .bss           0x81017008        0x0 binaries/labs.o
 .bss           0x81017008        0x0 binaries/memchr.o
 .bss           0x81017008        0x0 binaries/memcmp.o
 .bss           0x81017008        0x0 binaries/memcpy.o
 .bss           0x81017008        0x0 binaries/memset.o
 .bss           0x81017008        0x0 binaries/printf.o
 .bss           0x81017008        0x0 binaries/putchar.o
 .bss           0x81017008        0x8 binaries/qsort.o
 .bss           0x81017010        0x0 binaries/rand.o
 .bss           0x81017010        0x0 binaries/sprintf.o
 .bss           0x81017010        0x0 binaries/sscanf.o
 .bss           0x81017010        0x0 binaries/strchr.o
 .bss           0x81017010        0x0 binaries/strcmp.o
 .bss           0x81017010        0x0 binaries/strcpy.o
 .bss           0x81017010        0x0 binaries/strlen.o
 .bss           0x81017010        0x0 binaries/strncat.o
 .bss           0x81017010        0x0 binaries/strncmp.o
 .bss           0x81017010        0x0 binaries/strncpy.o
 .bss           0x81017010        0x0 binaries/strnlen.o
 .bss           0x81017010        0x0 binaries/strrchr.o
 .bss           0x81017010        0x0 binaries/strstr.o
 .bss           0x81017010        0x0 binaries/ttycontrol.o
 .bss           0x81017010        0x0 binaries/ttygetc.o
 .bss           0x81017010        0x0 binaries/ttyhandle_in.o
 .bss           0x81017010        0x0 binaries/ttyhandle_out.o
 .bss           0x81017010        0x0 binaries/ttyhandler.o
 .bss           0x81017010        0x0 binaries/ttyinit.o
 .bss           0x81017010        0x0 binaries/ttykickout.o
 .bss           0x81017010        0x0 binaries/ttyputc.o
 .bss           0x81017010        0x0 binaries/ttyread.o
 .bss           0x81017010        0x0 binaries/ttywrite.o
 .bss           0x81017010        0x0 binaries/mount.o
 .bss           0x81017010        0x0 binaries/naminit.o
 .bss           0x81017010        0x0 binaries/nammap.o
 .bss           0x81017010        0x0 binaries/namopen.o
 .bss           0x81017010        0x0 binaries/colon2mac.o
 .bss           0x81017010        0x0 binaries/ethcontrol.o
 .bss           0x81017010        0x0 binaries/ethhandler.o
 .bss           0x81017010        0x0 binaries/ethinit.o
 .bss           0x81017010        0x0 binaries/ethread.o
 .bss           0x81017010        0x0 binaries/ethwrite.o
 .bss           0x81017010        0x0 binaries/rdsbufalloc.o
 .bss           0x81017010        0x0 binaries/rdsclose.o
 .bss           0x81017010        0x0 binaries/rdscomm.o
 .bss           0x81017010        0x0 binaries/rdscontrol.o
 .bss           0x81017010        0x0 binaries/rdsinit.o
 .bss           0x81017010        0x0 binaries/rdsopen.o
 .bss           0x81017010        0x0 binaries/rdsprocess.o
 .bss           0x81017010        0x0 binaries/rdsread.o
 .bss           0x81017010        0x0 binaries/rdswrite.o
 .bss           0x81017010        0x0 binaries/ramclose.o
 .bss           0x81017010        0x0 binaries/raminit.o
 .bss           0x81017010        0x0 binaries/ramopen.o
 .bss           0x81017010        0x0 binaries/ramread.o
 .bss           0x81017010        0x0 binaries/ramwrite.o
 .bss           0x81017010        0x0 binaries/lfdballoc.o
 .bss           0x81017010        0x0 binaries/lfdbfree.o
 .bss           0x81017010        0x0 binaries/lfflush.o
 .bss           0x81017010        0x0 binaries/lfgetmode.o
 .bss           0x81017010        0x0 binaries/lfiballoc.o
 .bss           0x81017010        0x0 binaries/lfibclear.o
 .bss           0x81017010        0x0 binaries/lfibget.o
 .bss           0x81017010        0x0 binaries/lfibput.o
 .bss           0x81017010        0x0 binaries/lflclose.o
 .bss           0x81017010        0x0 binaries/lflcontrol.o
 .bss           0x81017010        0x0 binaries/lflgetc.o
 .bss           0x81017010        0x0 binaries/lflinit.o
 .bss           0x81017010        0x0 binaries/lflputc.o
 .bss           0x81017010        0x0 binaries/lflread.o
 .bss           0x81017010        0x0 binaries/lflseek.o
 .bss           0x81017010        0x0 binaries/lflwrite.o
 .bss           0x81017010        0x0 binaries/lfsckfmt.o
 .bss           0x81017010        0x0 binaries/lfscreate.o
 .bss           0x81017010        0x0 binaries/lfsetup.o
 .bss           0x81017010        0x0 binaries/lfsinit.o
 .bss           0x81017010        0x0 binaries/lfsopen.o
 .bss           0x81017010        0x0 binaries/lftruncate.o
 .bss           0x81017010        0x0 binaries/rflclose.o
 .bss           0x81017010        0x0 binaries/rflgetc.o
 .bss           0x81017010        0x0 binaries/rflinit.o
 .bss           0x81017010        0x0 binaries/rflputc.o
 .bss           0x81017010        0x0 binaries/rflread.o
 .bss           0x81017010        0x0 binaries/rflseek.o
 .bss           0x81017010        0x0 binaries/rflwrite.o
 .bss           0x81017010        0x0 binaries/rfscomm.o
 .bss           0x81017010        0x0 binaries/rfscontrol.o
 .bss           0x81017010        0x0 binaries/rfsgetmode.o
 .bss           0x81017010        0x0 binaries/rfsinit.o
 .bss           0x81017010        0x0 binaries/rfsndmsg.o
 .bss           0x81017010        0x0 binaries/rfsopen.o
 .bss           0x81017010        0x0 binaries/arp.o
 .bss           0x81017010        0x0 binaries/dhcp.o
 .bss           0x81017010        0x0 binaries/dns.o
 .bss           0x81017010        0x0 binaries/dot2ip.o
 .bss           0x81017010        0x0 binaries/hexdump.o
 .bss           0x81017010        0x0 binaries/icmp.o
 .bss           0x81017010        0x0 binaries/ip.o
 .bss           0x81017010        0x0 binaries/net.o
 .bss           0x81017010        0x0 binaries/netstart.o
 .bss           0x81017010        0x0 binaries/pdump.o
 .bss           0x81017010        0x0 binaries/tftp.o
 .bss           0x81017010        0x0 binaries/udp.o
 .bss           0x81017010        0x0 binaries/addargs.o
 .bss           0x81017010        0x0 binaries/lexan.o
 .bss           0x81017010        0x0 binaries/shell.o
 .bss           0x81017010        0x0 binaries/xsh_argecho.o
 .bss           0x81017010        0x0 binaries/xsh_arp.o
 .bss           0x81017010        0x0 binaries/xsh_cat.o
 .bss           0x81017010        0x0 binaries/xsh_clear.o
 .bss           0x81017010        0x0 binaries/xsh_date.o
 .bss           0x81017010        0x0 binaries/xsh_devdump.o
 .bss           0x81017010        0x0 binaries/xsh_echo.o
 .bss           0x81017010        0x0 binaries/xsh_exit.o
 .bss           0x81017010        0x0 binaries/xsh_hello.o
 .bss           0x81017010        0x0 binaries/xsh_help.o
 .bss           0x81017010        0x0 binaries/xsh_ipaddr.o
 .bss           0x81017010        0x0 binaries/xsh_kill.o
 .bss           0x81017010        0x0 binaries/xsh_led.o
 .bss           0x81017010        0x0 binaries/xsh_memdump.o
 .bss           0x81017010        0x0 binaries/xsh_memstat.o
 .bss           0x81017010        0x4 binaries/xsh_ping.o
 .bss           0x81017014        0x0 binaries/xsh_process_ring.o
 .bss           0x81017014        0x0 binaries/xsh_process_ring_incorrect_order.o
 .bss           0x81017014        0x0 binaries/xsh_ps.o
 .bss           0x81017014        0x0 binaries/xsh_sleep.o
 .bss           0x81017014        0x0 binaries/xsh_udpdump.o
 .bss           0x81017014        0x0 binaries/xsh_udpecho.o
 .bss           0x81017014        0x0 binaries/xsh_udpeserver.o
 .bss           0x81017014        0x0 binaries/xsh_uptime.o
 .bss           0x81017014        0x0 binaries/consume.o
 .bss           0x81017014        0x0 binaries/produce.o
 .bss           0x81017014        0x4 binaries/ring.o
                0x81017014                round_num
 .bss           0x81017018        0x0 binaries/ring_incorrect_order.o
 .bss           0x81017018        0x0 binaries/ctxsw.o
 .bss           0x81017018        0x0 binaries/intr.o
 .bss           0x81017018        0x0 /usr/lib/gcc/arm-none-eabi/4.9.3/libgcc.a(_udivsi3.o)
 .bss           0x81017018        0x0 /usr/lib/gcc/arm-none-eabi/4.9.3/libgcc.a(_divsi3.o)
 .bss           0x81017018        0x0 /usr/lib/gcc/arm-none-eabi/4.9.3/libgcc.a(_dvmd_tls.o)
 *(COMMON)
 COMMON         0x81017018       0xf4 binaries/bufinit.o
                0x81017018                buftab
                0x81017108                nbpools
 COMMON         0x8101710c        0xc binaries/clkinit.o
                0x8101710c                sleepq
                0x81017110                preempt
                0x81017114                clktime
 COMMON         0x81017118      0x200 binaries/evec.o
                0x81017118                intc_vector
 COMMON         0x81017318     0x1aa0 binaries/initialize.o
                0x81017318                currpid
                0x8101731c                proctab
                0x810188fc                prcount
                0x81018900                semtab
                0x81018db0                memlist
 COMMON         0x81018db8        0x4 binaries/main.o
                0x81018db8                cpudelay
 COMMON         0x81018dbc       0x58 binaries/mark.o
                0x81018dbc                marks
                0x81018e0c                nmarks
                0x81018e10                mkmutex
 COMMON         0x81018e14        0x8 binaries/meminit.o
                0x81018e14                minheap
                0x81018e18                maxheap
 COMMON         0x81018e1c      0x2d8 binaries/ptinit.o
                0x81018e1c                porttab
                0x810190ec                ptnextid
                0x810190f0                ptfree
 COMMON         0x810190f4      0x980 binaries/queue.o
                0x810190f4                queuetab
 COMMON         0x81019a74        0x2 binaries/ready.o
                0x81019a74                readylist
 *fill*         0x81019a76        0x2 
 COMMON         0x81019a78        0x8 binaries/resched.o
                0x81019a78                Defer
 COMMON         0x81019a80      0x10c binaries/ttyinit.o
                0x81019a80                ttytab
 COMMON         0x81019b8c     0x19a4 binaries/naminit.o
                0x81019b8c                nnames
                0x81019b90                nametab
 COMMON         0x8101b530      0x154 binaries/ethinit.o
                0x8101b530                eth_a_regs
                0x8101b54c                ethertab
 COMMON         0x8101b684       0x8c binaries/rdsinit.o
                0x8101b684                rdstab
 COMMON         0x8101b710    0x19000 binaries/raminit.o
                0x8101b710                Ram
 COMMON         0x81034710      0xf00 binaries/lflinit.o
                0x81034710                lfltab
 COMMON         0x81035610      0x20c binaries/lfsinit.o
                0x81035610                Lf_data
 COMMON         0x8103581c      0x5a0 binaries/rflinit.o
                0x8103581c                rfltab
 COMMON         0x81035dbc       0x18 binaries/rfsinit.o
                0x81035dbc                Rf_data
 COMMON         0x81035dd4      0x140 binaries/arp.o
                0x81035dd4                arpcache
 COMMON         0x81035f14        0x4 binaries/dns.o
                0x81035f14                nsaddr
 COMMON         0x81035f18      0x230 binaries/icmp.o
                0x81035f18                icmptab
 COMMON         0x81036148       0x2c binaries/ip.o
                0x81036148                ipoqueue
 COMMON         0x81036174       0xac binaries/net.o
                0x81036174                netbufpool
                0x81036178                NetData
 COMMON         0x81036220      0x168 binaries/udp.o
                0x81036220                udptab
 COMMON         0x81036388       0x10 binaries/xsh_process_ring.o
                0x81036388                box
 COMMON         0x81036398       0x10 binaries/xsh_process_ring_incorrect_order.o
                0x81036398                box1
                0x810363a8                ebss = ABSOLUTE (.)
                0x81037000                . = ALIGN (0x1000)
 *fill*         0x810363a8      0xc58 
 */()
                0x81037000                end = ABSOLUTE (.)
                0x81037000                _end = ABSOLUTE (.)
                0x81037000                . = ALIGN (0x1000)
LOAD binaries/start.o
LOAD binaries/ascdate.o
LOAD binaries/bufinit.o
LOAD binaries/chprio.o
LOAD binaries/clkhandler.o
LOAD binaries/clkinit.o
LOAD binaries/close.o
LOAD binaries/conf.o
LOAD binaries/control.o
LOAD binaries/create.o
LOAD binaries/evec.o
LOAD binaries/exit.o
LOAD binaries/freebuf.o
LOAD binaries/freemem.o
LOAD binaries/getbuf.o
LOAD binaries/getc.o
LOAD binaries/getdev.o
LOAD binaries/getitem.o
LOAD binaries/getmem.o
LOAD binaries/getpid.o
LOAD binaries/getprio.o
LOAD binaries/getstk.o
LOAD binaries/gettime.o
LOAD binaries/getutime.o
LOAD binaries/init.o
LOAD binaries/initialize.o
LOAD binaries/insert.o
LOAD binaries/insertd.o
LOAD binaries/ioerr.o
LOAD binaries/ionull.o
LOAD binaries/kill.o
LOAD binaries/kprintf.o
LOAD binaries/main.o
LOAD binaries/mark.o
LOAD binaries/meminit.o
LOAD binaries/mkbufpool.o
LOAD binaries/newqueue.o
LOAD binaries/open.o
LOAD binaries/panic.o
LOAD binaries/platinit.o
LOAD binaries/ptclear.o
LOAD binaries/ptcount.o
LOAD binaries/ptcreate.o
LOAD binaries/ptdelete.o
LOAD binaries/ptinit.o
LOAD binaries/ptrecv.o
LOAD binaries/ptreset.o
LOAD binaries/ptsend.o
LOAD binaries/putc.o
LOAD binaries/queue.o
LOAD binaries/read.o
LOAD binaries/ready.o
LOAD binaries/receive.o
LOAD binaries/recvclr.o
LOAD binaries/recvtime.o
LOAD binaries/resched.o
LOAD binaries/resume.o
LOAD binaries/seek.o
LOAD binaries/semcount.o
LOAD binaries/semcreate.o
LOAD binaries/semdelete.o
LOAD binaries/semreset.o
LOAD binaries/send.o
LOAD binaries/signal.o
LOAD binaries/signaln.o
LOAD binaries/sleep.o
LOAD binaries/suspend.o
LOAD binaries/unsleep.o
LOAD binaries/userret.o
LOAD binaries/wait.o
LOAD binaries/wakeup.o
LOAD binaries/write.o
LOAD binaries/xdone.o
LOAD binaries/yield.o
LOAD binaries/abs.o
LOAD binaries/atoi.o
LOAD binaries/atol.o
LOAD binaries/bzero.o
LOAD binaries/ctype_.o
LOAD binaries/doprnt.o
LOAD binaries/doscan.o
LOAD binaries/fdoprnt.o
LOAD binaries/fgetc.o
LOAD binaries/fgets.o
LOAD binaries/fprintf.o
LOAD binaries/fputc.o
LOAD binaries/fputs.o
LOAD binaries/fscanf.o
LOAD binaries/getchar.o
LOAD binaries/labs.o
LOAD binaries/memchr.o
LOAD binaries/memcmp.o
LOAD binaries/memcpy.o
LOAD binaries/memset.o
LOAD binaries/printf.o
LOAD binaries/putchar.o
LOAD binaries/qsort.o
LOAD binaries/rand.o
LOAD binaries/sprintf.o
LOAD binaries/sscanf.o
LOAD binaries/strchr.o
LOAD binaries/strcmp.o
LOAD binaries/strcpy.o
LOAD binaries/strlen.o
LOAD binaries/strncat.o
LOAD binaries/strncmp.o
LOAD binaries/strncpy.o
LOAD binaries/strnlen.o
LOAD binaries/strrchr.o
LOAD binaries/strstr.o
LOAD binaries/ttycontrol.o
LOAD binaries/ttygetc.o
LOAD binaries/ttyhandle_in.o
LOAD binaries/ttyhandle_out.o
LOAD binaries/ttyhandler.o
LOAD binaries/ttyinit.o
LOAD binaries/ttykickout.o
LOAD binaries/ttyputc.o
LOAD binaries/ttyread.o
LOAD binaries/ttywrite.o
LOAD binaries/mount.o
LOAD binaries/naminit.o
LOAD binaries/nammap.o
LOAD binaries/namopen.o
LOAD binaries/colon2mac.o
LOAD binaries/ethcontrol.o
LOAD binaries/ethhandler.o
LOAD binaries/ethinit.o
LOAD binaries/ethread.o
LOAD binaries/ethwrite.o
LOAD binaries/rdsbufalloc.o
LOAD binaries/rdsclose.o
LOAD binaries/rdscomm.o
LOAD binaries/rdscontrol.o
LOAD binaries/rdsinit.o
LOAD binaries/rdsopen.o
LOAD binaries/rdsprocess.o
LOAD binaries/rdsread.o
LOAD binaries/rdswrite.o
LOAD binaries/ramclose.o
LOAD binaries/raminit.o
LOAD binaries/ramopen.o
LOAD binaries/ramread.o
LOAD binaries/ramwrite.o
LOAD binaries/lfdballoc.o
LOAD binaries/lfdbfree.o
LOAD binaries/lfflush.o
LOAD binaries/lfgetmode.o
LOAD binaries/lfiballoc.o
LOAD binaries/lfibclear.o
LOAD binaries/lfibget.o
LOAD binaries/lfibput.o
LOAD binaries/lflclose.o
LOAD binaries/lflcontrol.o
LOAD binaries/lflgetc.o
LOAD binaries/lflinit.o
LOAD binaries/lflputc.o
LOAD binaries/lflread.o
LOAD binaries/lflseek.o
LOAD binaries/lflwrite.o
LOAD binaries/lfsckfmt.o
LOAD binaries/lfscreate.o
LOAD binaries/lfsetup.o
LOAD binaries/lfsinit.o
LOAD binaries/lfsopen.o
LOAD binaries/lftruncate.o
LOAD binaries/rflclose.o
LOAD binaries/rflgetc.o
LOAD binaries/rflinit.o
LOAD binaries/rflputc.o
LOAD binaries/rflread.o
LOAD binaries/rflseek.o
LOAD binaries/rflwrite.o
LOAD binaries/rfscomm.o
LOAD binaries/rfscontrol.o
LOAD binaries/rfsgetmode.o
LOAD binaries/rfsinit.o
LOAD binaries/rfsndmsg.o
LOAD binaries/rfsopen.o
LOAD binaries/arp.o
LOAD binaries/dhcp.o
LOAD binaries/dns.o
LOAD binaries/dot2ip.o
LOAD binaries/hexdump.o
LOAD binaries/icmp.o
LOAD binaries/ip.o
LOAD binaries/net.o
LOAD binaries/netstart.o
LOAD binaries/pdump.o
LOAD binaries/tftp.o
LOAD binaries/udp.o
LOAD binaries/addargs.o
LOAD binaries/lexan.o
LOAD binaries/shell.o
LOAD binaries/xsh_argecho.o
LOAD binaries/xsh_arp.o
LOAD binaries/xsh_cat.o
LOAD binaries/xsh_clear.o
LOAD binaries/xsh_date.o
LOAD binaries/xsh_devdump.o
LOAD binaries/xsh_echo.o
LOAD binaries/xsh_exit.o
LOAD binaries/xsh_hello.o
LOAD binaries/xsh_help.o
LOAD binaries/xsh_ipaddr.o
LOAD binaries/xsh_kill.o
LOAD binaries/xsh_led.o
LOAD binaries/xsh_memdump.o
LOAD binaries/xsh_memstat.o
LOAD binaries/xsh_ping.o
LOAD binaries/xsh_process_ring.o
LOAD binaries/xsh_process_ring_incorrect_order.o
LOAD binaries/xsh_ps.o
LOAD binaries/xsh_sleep.o
LOAD binaries/xsh_udpdump.o
LOAD binaries/xsh_udpecho.o
LOAD binaries/xsh_udpeserver.o
LOAD binaries/xsh_uptime.o
LOAD binaries/consume.o
LOAD binaries/produce.o
LOAD binaries/ring.o
LOAD binaries/ring_incorrect_order.o
LOAD binaries/ctxsw.o
LOAD binaries/intr.o
LOAD /usr/lib/gcc/arm-none-eabi/4.9.3/libgcc.a
OUTPUT(../compile/xinu elf32-littlearm)

.ARM.attributes
                0x00000000       0x31
 .ARM.attributes
                0x00000000       0x25 binaries/start.o
 .ARM.attributes
                0x00000025       0x35 binaries/ascdate.o
 .ARM.attributes
                0x0000005a       0x35 binaries/bufinit.o
 .ARM.attributes
                0x0000008f       0x35 binaries/chprio.o
 .ARM.attributes
                0x000000c4       0x35 binaries/clkhandler.o
 .ARM.attributes
                0x000000f9       0x35 binaries/clkinit.o
 .ARM.attributes
                0x0000012e       0x35 binaries/close.o
 .ARM.attributes
                0x00000163       0x35 binaries/conf.o
 .ARM.attributes
                0x00000198       0x35 binaries/control.o
 .ARM.attributes
                0x000001cd       0x35 binaries/create.o
 .ARM.attributes
                0x00000202       0x35 binaries/evec.o
 .ARM.attributes
                0x00000237       0x35 binaries/exit.o
 .ARM.attributes
                0x0000026c       0x35 binaries/freebuf.o
 .ARM.attributes
                0x000002a1       0x35 binaries/freemem.o
 .ARM.attributes
                0x000002d6       0x35 binaries/getbuf.o
 .ARM.attributes
                0x0000030b       0x35 binaries/getc.o
 .ARM.attributes
                0x00000340       0x35 binaries/getdev.o
 .ARM.attributes
                0x00000375       0x35 binaries/getitem.o
 .ARM.attributes
                0x000003aa       0x35 binaries/getmem.o
 .ARM.attributes
                0x000003df       0x35 binaries/getpid.o
[...]
 .ARM.attributes
                0x00001be3       0x35 binaries/rdsopen.o
 .ARM.attributes
                0x00001c18       0x35 binaries/rdsprocess.o
 .ARM.attributes
                0x00001c4d       0x35 binaries/rdsread.o
 .ARM.attributes
                0x00001c82       0x35 binaries/rdswrite.o
 .ARM.attributes
                0x00001cb7       0x35 binaries/ramclose.o
 .ARM.attributes
                0x00001cec       0x35 binaries/raminit.o
 .ARM.attributes
                0x00001d21       0x35 binaries/ramopen.o
 .ARM.attributes
                0x00001d56       0x35 binaries/ramread.o
 .ARM.attributes
                0x00001d8b       0x35 binaries/ramwrite.o
 .ARM.attributes
                0x00001dc0       0x35 binaries/lfdballoc.o
 .ARM.attributes
                0x00001df5       0x35 binaries/lfdbfree.o
 .ARM.attributes
                0x00001e2a       0x35 binaries/lfflush.o
 .ARM.attributes
                0x00001e5f       0x35 binaries/lfgetmode.o
 .ARM.attributes
                0x00001e94       0x35 binaries/lfiballoc.o
 .ARM.attributes
                0x00001ec9       0x35 binaries/lfibclear.o
 .ARM.attributes
                0x00001efe       0x35 binaries/lfibget.o
 .ARM.attributes
                0x00001f33       0x35 binaries/lfibput.o
 .ARM.attributes
                0x00001f68       0x35 binaries/lflclose.o
 .ARM.attributes
                0x00001f9d       0x35 binaries/lflcontrol.o
 .ARM.attributes
                0x00001fd2       0x35 binaries/lflgetc.o
 .ARM.attributes
                0x00002007       0x35 binaries/lflinit.o
 .ARM.attributes
                0x0000203c       0x35 binaries/lflputc.o
 .ARM.attributes
                0x00002071       0x35 binaries/lflread.o
 .ARM.attributes
                0x000020a6       0x35 binaries/lflseek.o
 .ARM.attributes
                0x000020db       0x35 binaries/lflwrite.o
 .ARM.attributes
                0x00002110       0x35 binaries/lfsckfmt.o
 .ARM.attributes
                0x00002145       0x35 binaries/lfscreate.o
 .ARM.attributes
                0x0000217a       0x35 binaries/lfsetup.o
 .ARM.attributes
                0x000021af       0x35 binaries/lfsinit.o
 .ARM.attributes
                0x000021e4       0x35 binaries/lfsopen.o
 .ARM.attributes
                0x00002219       0x35 binaries/lftruncate.o
 .ARM.attributes
                0x0000224e       0x35 binaries/rflclose.o
 .ARM.attributes
                0x00002283       0x35 binaries/rflgetc.o
 .ARM.attributes
                0x000022b8       0x35 binaries/rflinit.o
 .ARM.attributes
                0x000022ed       0x35 binaries/rflputc.o
 .ARM.attributes
                0x00002322       0x35 binaries/rflread.o
 .ARM.attributes
                0x00002357       0x35 binaries/rflseek.o
 .ARM.attributes
                0x0000238c       0x35 binaries/rflwrite.o
 .ARM.attributes
                0x000023c1       0x35 binaries/rfscomm.o
 .ARM.attributes
                0x000023f6       0x35 binaries/rfscontrol.o
 .ARM.attributes
                0x0000242b       0x35 binaries/rfsgetmode.o
 .ARM.attributes
                0x00002460       0x35 binaries/rfsinit.o
 .ARM.attributes
                0x00002495       0x35 binaries/rfsndmsg.o
 .ARM.attributes
                0x000024ca       0x35 binaries/rfsopen.o
 .ARM.attributes
                0x000024ff       0x35 binaries/arp.o
 .ARM.attributes
                0x00002534       0x35 binaries/dhcp.o
 .ARM.attributes
                0x00002569       0x35 binaries/dns.o
 .ARM.attributes
                0x0000259e       0x35 binaries/dot2ip.o
 .ARM.attributes
                0x000025d3       0x35 binaries/hexdump.o
 .ARM.attributes
                0x00002608       0x35 binaries/icmp.o
 .ARM.attributes
                0x0000263d       0x35 binaries/ip.o
 .ARM.attributes
                0x00002672       0x35 binaries/net.o
 .ARM.attributes
                0x000026a7       0x35 binaries/netstart.o
 .ARM.attributes
                0x000026dc       0x35 binaries/pdump.o
 .ARM.attributes
                0x00002711       0x35 binaries/tftp.o
 .ARM.attributes
                0x00002746       0x35 binaries/udp.o
 .ARM.attributes
                0x0000277b       0x35 binaries/addargs.o
 .ARM.attributes
                0x000027b0       0x35 binaries/lexan.o
 .ARM.attributes
                0x000027e5       0x35 binaries/shell.o
 .ARM.attributes
                0x0000281a       0x35 binaries/xsh_argecho.o
 .ARM.attributes
                0x0000284f       0x35 binaries/xsh_arp.o
 .ARM.attributes
                0x00002884       0x35 binaries/xsh_cat.o
 .ARM.attributes
                0x000028b9       0x35 binaries/xsh_clear.o
 .ARM.attributes
                0x000028ee       0x35 binaries/xsh_date.o
 .ARM.attributes
                0x00002923       0x35 binaries/xsh_devdump.o
 .ARM.attributes
                0x00002958       0x35 binaries/xsh_echo.o
 .ARM.attributes
                0x0000298d       0x35 binaries/xsh_exit.o
 .ARM.attributes
                0x000029c2       0x35 binaries/xsh_hello.o
 .ARM.attributes
                0x000029f7       0x35 binaries/xsh_help.o
 .ARM.attributes
                0x00002a2c       0x35 binaries/xsh_ipaddr.o
 .ARM.attributes
                0x00002a61       0x35 binaries/xsh_kill.o
 .ARM.attributes
                0x00002a96       0x35 binaries/xsh_led.o
 .ARM.attributes
                0x00002acb       0x35 binaries/xsh_memdump.o
 .ARM.attributes
                0x00002b00       0x35 binaries/xsh_memstat.o
 .ARM.attributes
                0x00002b35       0x35 binaries/xsh_ping.o
 .ARM.attributes
                0x00002b6a       0x35 binaries/xsh_process_ring.o
 .ARM.attributes
                0x00002b9f       0x35 binaries/xsh_process_ring_incorrect_order.o
 .ARM.attributes
                0x00002bd4       0x35 binaries/xsh_ps.o
 .ARM.attributes
                0x00002c09       0x35 binaries/xsh_sleep.o
 .ARM.attributes
                0x00002c3e       0x35 binaries/xsh_udpdump.o
 .ARM.attributes
                0x00002c73       0x35 binaries/xsh_udpecho.o
 .ARM.attributes
                0x00002ca8       0x35 binaries/xsh_udpeserver.o
 .ARM.attributes
                0x00002cdd       0x35 binaries/xsh_uptime.o
 .ARM.attributes
                0x00002d12       0x35 binaries/consume.o
 .ARM.attributes
                0x00002d47       0x35 binaries/produce.o
 .ARM.attributes
                0x00002d7c       0x35 binaries/ring.o
 .ARM.attributes
                0x00002db1       0x35 binaries/ring_incorrect_order.o
 .ARM.attributes
                0x00002de6       0x25 binaries/ctxsw.o
 .ARM.attributes
                0x00002e0b       0x25 binaries/intr.o
 .ARM.attributes
                0x00002e30       0x18 /usr/lib/gcc/arm-none-eabi/4.9.3/libgcc.a(_udivsi3.o)
 .ARM.attributes
                0x00002e48       0x18 /usr/lib/gcc/arm-none-eabi/4.9.3/libgcc.a(_divsi3.o)
 .ARM.attributes
                0x00002e60       0x18 /usr/lib/gcc/arm-none-eabi/4.9.3/libgcc.a(_dvmd_tls.o)

.comment        0x00000000       0x70
 .comment       0x00000000       0x70 binaries/ascdate.o
                                 0x71 (size before relaxing)
 .comment       0x00000000       0x71 binaries/bufinit.o
 .comment       0x00000000       0x71 binaries/chprio.o
 .comment       0x00000000       0x71 binaries/clkhandler.o
 .comment       0x00000000       0x71 binaries/clkinit.o
 .comment       0x00000000       0x71 binaries/close.o
 .comment       0x00000000       0x71 binaries/conf.o
 .comment       0x00000000       0x71 binaries/control.o
 .comment       0x00000000       0x71 binaries/create.o
 .comment       0x00000000       0x71 binaries/evec.o
 .comment       0x00000000       0x71 binaries/exit.o
 .comment       0x00000000       0x71 binaries/freebuf.o
 .comment       0x00000000       0x71 binaries/freemem.o
 .comment       0x00000000       0x71 binaries/getbuf.o
 .comment       0x00000000       0x71 binaries/getc.o
 .comment       0x00000000       0x71 binaries/getdev.o
 .comment       0x00000000       0x71 binaries/getitem.o
 .comment       0x00000000       0x71 binaries/getmem.o
 .comment       0x00000000       0x71 binaries/getpid.o
 .comment       0x00000000       0x71 binaries/getprio.o
 .comment       0x00000000       0x71 binaries/getstk.o
 .comment       0x00000000       0x71 binaries/gettime.o
 .comment       0x00000000       0x71 binaries/getutime.o
 .comment       0x00000000       0x71 binaries/init.o
 .comment       0x00000000       0x71 binaries/initialize.o
 .comment       0x00000000       0x71 binaries/insert.o
 .comment       0x00000000       0x71 binaries/insertd.o
 .comment       0x00000000       0x71 binaries/ioerr.o
 .comment       0x00000000       0x71 binaries/ionull.o
 .comment       0x00000000       0x71 binaries/kill.o
 .comment       0x00000000       0x71 binaries/kprintf.o
 .comment       0x00000000       0x71 binaries/main.o
 .comment       0x00000000       0x71 binaries/mark.o
 .comment       0x00000000       0x71 binaries/meminit.o
 .comment       0x00000000       0x71 binaries/mkbufpool.o
 .comment       0x00000000       0x71 binaries/newqueue.o
 .comment       0x00000000       0x71 binaries/open.o
 .comment       0x00000000       0x71 binaries/panic.o
 .comment       0x00000000       0x71 binaries/platinit.o
 .comment       0x00000000       0x71 binaries/ptclear.o
 .comment       0x00000000       0x71 binaries/ptcount.o
 .comment       0x00000000       0x71 binaries/ptcreate.o
 .comment       0x00000000       0x71 binaries/ptdelete.o
 .comment       0x00000000       0x71 binaries/ptinit.o
 .comment       0x00000000       0x71 binaries/ptrecv.o
 .comment       0x00000000       0x71 binaries/ptreset.o
 .comment       0x00000000       0x71 binaries/ptsend.o
 .comment       0x00000000       0x71 binaries/putc.o
 .comment       0x00000000       0x71 binaries/queue.o
 .comment       0x00000000       0x71 binaries/read.o
 .comment       0x00000000       0x71 binaries/ready.o
 .comment       0x00000000       0x71 binaries/receive.o
 .comment       0x00000000       0x71 binaries/recvclr.o
 .comment       0x00000000       0x71 binaries/recvtime.o
 .comment       0x00000000       0x71 binaries/resched.o
 .comment       0x00000000       0x71 binaries/resume.o
 .comment       0x00000000       0x71 binaries/seek.o
 .comment       0x00000000       0x71 binaries/semcount.o
 .comment       0x00000000       0x71 binaries/semcreate.o
 .comment       0x00000000       0x71 binaries/semdelete.o
 .comment       0x00000000       0x71 binaries/semreset.o
 .comment       0x00000000       0x71 binaries/send.o
 .comment       0x00000000       0x71 binaries/signal.o
 .comment       0x00000000       0x71 binaries/signaln.o
 .comment       0x00000000       0x71 binaries/sleep.o
 .comment       0x00000000       0x71 binaries/suspend.o
 .comment       0x00000000       0x71 binaries/unsleep.o
 .comment       0x00000000       0x71 binaries/userret.o
 .comment       0x00000000       0x71 binaries/wait.o
 .comment       0x00000000       0x71 binaries/wakeup.o
 .comment       0x00000000       0x71 binaries/write.o
 .comment       0x00000000       0x71 binaries/xdone.o
 .comment       0x00000000       0x71 binaries/yield.o
 .comment       0x00000000       0x71 binaries/abs.o
 .comment       0x00000000       0x71 binaries/atoi.o
 .comment       0x00000000       0x71 binaries/atol.o
 .comment       0x00000000       0x71 binaries/bzero.o
 .comment       0x00000000       0x71 binaries/ctype_.o
 .comment       0x00000000       0x71 binaries/doprnt.o
 .comment       0x00000000       0x71 binaries/doscan.o
 .comment       0x00000000       0x71 binaries/fdoprnt.o
 .comment       0x00000000       0x71 binaries/fgetc.o
 .comment       0x00000000       0x71 binaries/fgets.o
 .comment       0x00000000       0x71 binaries/fprintf.o
 .comment       0x00000000       0x71 binaries/fputc.o
 .comment       0x00000000       0x71 binaries/fputs.o
 .comment       0x00000000       0x71 binaries/fscanf.o
 .comment       0x00000000       0x71 binaries/getchar.o
 .comment       0x00000000       0x71 binaries/labs.o
 .comment       0x00000000       0x71 binaries/memchr.o
 .comment       0x00000000       0x71 binaries/memcmp.o
 .comment       0x00000000       0x71 binaries/memcpy.o
 .comment       0x00000000       0x71 binaries/memset.o
 .comment       0x00000000       0x71 binaries/printf.o
 .comment       0x00000000       0x71 binaries/putchar.o
 .comment       0x00000000       0x71 binaries/qsort.o
 .comment       0x00000000       0x71 binaries/rand.o
 .comment       0x00000000       0x71 binaries/sprintf.o
 .comment       0x00000000       0x71 binaries/sscanf.o
 .comment       0x00000000       0x71 binaries/strchr.o
 .comment       0x00000000       0x71 binaries/strcmp.o
 .comment       0x00000000       0x71 binaries/strcpy.o
 .comment       0x00000000       0x71 binaries/strlen.o
 .comment       0x00000000       0x71 binaries/strncat.o
 .comment       0x00000000       0x71 binaries/strncmp.o
 .comment       0x00000000       0x71 binaries/strncpy.o
 .comment       0x00000000       0x71 binaries/strnlen.o
 .comment       0x00000000       0x71 binaries/strrchr.o
 .comment       0x00000000       0x71 binaries/strstr.o
 .comment       0x00000000       0x71 binaries/ttycontrol.o
 .comment       0x00000000       0x71 binaries/ttygetc.o
 .comment       0x00000000       0x71 binaries/ttyhandle_in.o
 .comment       0x00000000       0x71 binaries/ttyhandle_out.o
 .comment       0x00000000       0x71 binaries/ttyhandler.o
 .comment       0x00000000       0x71 binaries/ttyinit.o
 .comment       0x00000000       0x71 binaries/ttykickout.o
 .comment       0x00000000       0x71 binaries/ttyputc.o
 .comment       0x00000000       0x71 binaries/ttyread.o
 .comment       0x00000000       0x71 binaries/ttywrite.o
 .comment       0x00000000       0x71 binaries/mount.o
 .comment       0x00000000       0x71 binaries/naminit.o
 .comment       0x00000000       0x71 binaries/nammap.o
 .comment       0x00000000       0x71 binaries/namopen.o
 .comment       0x00000000       0x71 binaries/colon2mac.o
 .comment       0x00000000       0x71 binaries/ethcontrol.o
 .comment       0x00000000       0x71 binaries/ethhandler.o
 .comment       0x00000000       0x71 binaries/ethinit.o
 .comment       0x00000000       0x71 binaries/ethread.o
 .comment       0x00000000       0x71 binaries/ethwrite.o
 .comment       0x00000000       0x71 binaries/rdsbufalloc.o
 .comment       0x00000000       0x71 binaries/rdsclose.o
 .comment       0x00000000       0x71 binaries/rdscomm.o
 .comment       0x00000000       0x71 binaries/rdscontrol.o
 .comment       0x00000000       0x71 binaries/rdsinit.o
 .comment       0x00000000       0x71 binaries/rdsopen.o
 .comment       0x00000000       0x71 binaries/rdsprocess.o
 .comment       0x00000000       0x71 binaries/rdsread.o
 .comment       0x00000000       0x71 binaries/rdswrite.o
 .comment       0x00000000       0x71 binaries/ramclose.o
 .comment       0x00000000       0x71 binaries/raminit.o
 .comment       0x00000000       0x71 binaries/ramopen.o
 .comment       0x00000000       0x71 binaries/ramread.o
 .comment       0x00000000       0x71 binaries/ramwrite.o
 .comment       0x00000000       0x71 binaries/lfdballoc.o
 .comment       0x00000000       0x71 binaries/lfdbfree.o
 .comment       0x00000000       0x71 binaries/lfflush.o
 .comment       0x00000000       0x71 binaries/lfgetmode.o
 .comment       0x00000000       0x71 binaries/lfiballoc.o
 .comment       0x00000000       0x71 binaries/lfibclear.o
 .comment       0x00000000       0x71 binaries/lfibget.o
 .comment       0x00000000       0x71 binaries/lfibput.o
 .comment       0x00000000       0x71 binaries/lflclose.o
 .comment       0x00000000       0x71 binaries/lflcontrol.o
 .comment       0x00000000       0x71 binaries/lflgetc.o
 .comment       0x00000000       0x71 binaries/lflinit.o
 .comment       0x00000000       0x71 binaries/lflputc.o
 .comment       0x00000000       0x71 binaries/lflread.o
 .comment       0x00000000       0x71 binaries/lflseek.o
 .comment       0x00000000       0x71 binaries/lflwrite.o
 .comment       0x00000000       0x71 binaries/lfsckfmt.o
 .comment       0x00000000       0x71 binaries/lfscreate.o
 .comment       0x00000000       0x71 binaries/lfsetup.o
 .comment       0x00000000       0x71 binaries/lfsinit.o
 .comment       0x00000000       0x71 binaries/lfsopen.o
 .comment       0x00000000       0x71 binaries/lftruncate.o
 .comment       0x00000000       0x71 binaries/rflclose.o
 .comment       0x00000000       0x71 binaries/rflgetc.o
 .comment       0x00000000       0x71 binaries/rflinit.o
 .comment       0x00000000       0x71 binaries/rflputc.o
 .comment       0x00000000       0x71 binaries/rflread.o
 .comment       0x00000000       0x71 binaries/rflseek.o
 .comment       0x00000000       0x71 binaries/rflwrite.o
 .comment       0x00000000       0x71 binaries/rfscomm.o
 .comment       0x00000000       0x71 binaries/rfscontrol.o
 .comment       0x00000000       0x71 binaries/rfsgetmode.o
 .comment       0x00000000       0x71 binaries/rfsinit.o
 .comment       0x00000000       0x71 binaries/rfsndmsg.o
 .comment       0x00000000       0x71 binaries/rfsopen.o
 .comment       0x00000000       0x71 binaries/arp.o
 .comment       0x00000000       0x71 binaries/dhcp.o
 .comment       0x00000000       0x71 binaries/dns.o
 .comment       0x00000000       0x71 binaries/dot2ip.o
 .comment       0x00000000       0x71 binaries/hexdump.o
 .comment       0x00000000       0x71 binaries/icmp.o
 .comment       0x00000000       0x71 binaries/ip.o
 .comment       0x00000000       0x71 binaries/net.o
 .comment       0x00000000       0x71 binaries/netstart.o
 .comment       0x00000000       0x71 binaries/pdump.o
 .comment       0x00000000       0x71 binaries/tftp.o
 .comment       0x00000000       0x71 binaries/udp.o
 .comment       0x00000000       0x71 binaries/addargs.o
 .comment       0x00000000       0x71 binaries/lexan.o
 .comment       0x00000000       0x71 binaries/shell.o
 .comment       0x00000000       0x71 binaries/xsh_argecho.o
 .comment       0x00000000       0x71 binaries/xsh_arp.o
 .comment       0x00000000       0x71 binaries/xsh_cat.o
 .comment       0x00000000       0x71 binaries/xsh_clear.o
 .comment       0x00000000       0x71 binaries/xsh_date.o
 .comment       0x00000000       0x71 binaries/xsh_devdump.o
 .comment       0x00000000       0x71 binaries/xsh_echo.o
 .comment       0x00000000       0x71 binaries/xsh_exit.o
 .comment       0x00000000       0x71 binaries/xsh_hello.o
 .comment       0x00000000       0x71 binaries/xsh_help.o
 .comment       0x00000000       0x71 binaries/xsh_ipaddr.o
 .comment       0x00000000       0x71 binaries/xsh_kill.o
 .comment       0x00000000       0x71 binaries/xsh_led.o
 .comment       0x00000000       0x71 binaries/xsh_memdump.o
 .comment       0x00000000       0x71 binaries/xsh_memstat.o
 .comment       0x00000000       0x71 binaries/xsh_ping.o
 .comment       0x00000000       0x71 binaries/xsh_process_ring.o
 .comment       0x00000000       0x71 binaries/xsh_process_ring_incorrect_order.o
 .comment       0x00000000       0x71 binaries/xsh_ps.o
 .comment       0x00000000       0x71 binaries/xsh_sleep.o
 .comment       0x00000000       0x71 binaries/xsh_udpdump.o
 .comment       0x00000000       0x71 binaries/xsh_udpecho.o
 .comment       0x00000000       0x71 binaries/xsh_udpeserver.o
 .comment       0x00000000       0x71 binaries/xsh_uptime.o
 .comment       0x00000000       0x71 binaries/consume.o
 .comment       0x00000000       0x71 binaries/produce.o
 .comment       0x00000000       0x71 binaries/ring.o
 .comment       0x00000000       0x71 binaries/ring_incorrect_order.o

.debug_frame    0x00000000       0x40
 .debug_frame   0x00000000       0x20 /usr/lib/gcc/arm-none-eabi/4.9.3/libgcc.a(_udivsi3.o)
 .debug_frame   0x00000020       0x20 /usr/lib/gcc/arm-none-eabi/4.9.3/libgcc.a(_divsi3.o)
