Archive member included because of file (symbol)

/usr/lib/gcc/arm-none-eabi/4.9.3/libgcc.a(_udivsi3.o)
                              binaries/qsort.o (__aeabi_uidiv)
/usr/lib/gcc/arm-none-eabi/4.9.3/libgcc.a(_divsi3.o)
                              binaries/xsh_help.o (__aeabi_idiv)
/usr/lib/gcc/arm-none-eabi/4.9.3/libgcc.a(_dvmd_tls.o)
                              /usr/lib/gcc/arm-none-eabi/4.9.3/libgcc.a(_udivsi3.o) (__aeabi_idiv0)

Allocating common symbols
Common symbol       size              file

netbufpool          0x4               binaries/net.o
readylist           0x2               binaries/ready.o
rfltab              0x5a0             binaries/rflinit.o
sleepq              0x2               binaries/clkinit.o
intc_vector         0x200             binaries/evec.o
nnames              0x4               binaries/naminit.o
babyBirds           0x4               binaries/xsh_babybird.o
udptab              0x168             binaries/udp.o
minheap             0x4               binaries/meminit.o
marks               0x50              binaries/mark.o
currpid             0x4               binaries/initialize.o
Lf_data             0x20c             binaries/lfsinit.o
porttab             0x2d0             binaries/ptinit.o
worms               0x4               binaries/xsh_babybird.o
ttytab              0x10c             binaries/ttyinit.o
box                 0x10              binaries/xsh_process_ring.o
proctab             0x15e0            binaries/initialize.o
eth_a_regs          0x1c              binaries/ethinit.o
prcount             0x4               binaries/initialize.o
baby_mutex          0x4               binaries/xsh_babybird.o
lfltab              0xf00             binaries/lflinit.o
rdstab              0x8c              binaries/rdsinit.o
ethertab            0x138             binaries/ethinit.o
nsaddr              0x4               binaries/dns.o
NetData             0xa8              binaries/net.o
nmarks              0x4               binaries/mark.o
Defer               0x8               binaries/resched.o
semtab              0x4b0             binaries/initialize.o
maxheap             0x4               binaries/meminit.o
preempt             0x4               binaries/clkinit.o
buftab              0xf0              binaries/bufinit.o
Rf_data             0x18              binaries/rfsinit.o
parent_mutex        0x4               binaries/xsh_babybird.o
mkmutex             0x4               binaries/mark.o
clktime             0x4               binaries/clkinit.o
box1                0x10              binaries/xsh_process_ring_incorrect_order.o
cpudelay            0x4               binaries/main.o
arpcache            0x140             binaries/arp.o
icmptab             0x230             binaries/icmp.o
nbpools             0x4               binaries/bufinit.o
queuetab            0x980             binaries/queue.o
ptnextid            0x4               binaries/ptinit.o
Ram                 0x19000           binaries/raminit.o
ipoqueue            0x2c              binaries/ip.o
memlist             0x8               binaries/initialize.o
nametab             0x19a0            binaries/naminit.o
ptfree              0x4               binaries/ptinit.o

Memory Configuration

Name             Origin             Length             Attributes
*default*        0x00000000         0xffffffff

Linker script and memory map

                0x81000000                physbase = 0x81000000
                0x81000000                . = physbase
                0x81000000                . = ALIGN (0x1000)

.text           0x81000000    0x17000
                0x81000000                text = ABSOLUTE (.)
 *(.text .text.*)
 .text          0x81000000       0x4c binaries/start.o
                0x81000000                start
 .text          0x8100004c      0x370 binaries/ascdate.o
                0x8100004c                ascdate
 .text          0x810003bc       0x18 binaries/bufinit.o
                0x810003bc                bufinit
 .text          0x810003d4       0x70 binaries/chprio.o
                0x810003d4                chprio
 .text          0x81000444       0xf0 binaries/clkhandler.o
                0x81000444                clkhandler
 .text          0x81000534       0xd4 binaries/clkinit.o
                0x81000534                clkinit
 .text          0x81000608       0x5c binaries/close.o
                0x81000608                close
 .text          0x81000664        0x0 binaries/conf.o
 .text          0x81000664       0x70 binaries/control.o
                0x81000664                control
 .text          0x810006d4      0x2c0 binaries/create.o
                0x810006d4                create
 .text          0x81000994       0xb0 binaries/evec.o
                0x81000994                initintc
                0x810009c0                set_evec
                0x81000a00                irq_dispatch
 .text          0x81000a44       0x10 binaries/exit.o
                0x81000a44                exit
 .text          0x81000a54       0x84 binaries/freebuf.o
                0x81000a54                freebuf
 .text          0x81000ad8      0x150 binaries/freemem.o
                0x81000ad8                freemem
 .text          0x81000c28       0x7c binaries/getbuf.o
                0x81000c28                getbuf
 .text          0x81000ca4       0x5c binaries/getc.o
                0x81000ca4                getc
 .text          0x81000d00       0x68 binaries/getdev.o
                0x81000d00                getdev
 .text          0x81000d68       0xa0 binaries/getitem.o
                0x81000d68                getitem
                0x81000d98                getfirst
                0x81000dcc                getlast
 .text          0x81000e08      0x108 binaries/getmem.o
                0x81000e08                getmem
 .text          0x81000f10       0x10 binaries/getpid.o
                0x81000f10                getpid
 .text          0x81000f20       0x5c binaries/getprio.o
                0x81000f20                getprio
 .text          0x81000f7c       0xd0 binaries/getstk.o
                0x81000f7c                getstk
 .text          0x8100104c       0x38 binaries/gettime.o
                0x8100104c                gettime
 .text          0x81001084      0x1c8 binaries/getutime.o
                0x81001084                getutime
 .text          0x8100124c       0x5c binaries/init.o
                0x8100124c                init
 .text          0x810012a8      0x2f8 binaries/initialize.o
                0x810012a8                nulluser
                0x81001540                stop
                0x81001564                delay
 .text          0x810015a0       0xc0 binaries/insert.o
                0x810015a0                insert
 .text          0x81001660      0x12c binaries/insertd.o
                0x81001660                insertd
 .text          0x8100178c        0x8 binaries/ioerr.o
                0x8100178c                ioerr
 .text          0x81001794        0x8 binaries/ionull.o
                0x81001794                ionull
 .text          0x8100179c      0x190 binaries/kill.o
                0x8100179c                kill
 .text          0x8100192c       0xb4 binaries/kprintf.o
                0x8100192c                kputc
                0x8100196c                kgetc
                0x810019a0                kprintf
 .text          0x810019e0       0x14 binaries/lockcreate.o
                0x810019e0                lockcreate
 .text          0x810019f4       0xdc binaries/main.o
                0x810019f4                counterproc
                0x81001a30                main
 .text          0x81001ad0       0xd0 binaries/mark.o
                0x81001ad0                markinit
                0x81001afc                mark
 .text          0x81001ba0       0x44 binaries/meminit.o
                0x81001ba0                meminit
 .text          0x81001be4      0x138 binaries/mkbufpool.o
                0x81001be4                mkbufpool
 .text          0x81001d1c       0x88 binaries/newqueue.o
                0x81001d1c                newqueue
 .text          0x81001da4       0x68 binaries/open.o
                0x81001da4                open
 .text          0x81001e0c       0x20 binaries/panic.o
                0x81001e0c                panic
 .text          0x81001e2c       0x48 binaries/platinit.o
                0x81001e2c                platinit
 .text          0x81001e74       0xa8 binaries/ptclear.o
                0x81001e74                _ptclear
 .text          0x81001f1c       0x90 binaries/ptcount.o
                0x81001f1c                ptcount
 .text          0x81001fac      0x100 binaries/ptcreate.o
                0x81001fac                ptcreate
 .text          0x810020ac       0x70 binaries/ptdelete.o
                0x810020ac                ptdelete
 .text          0x8100211c       0xbc binaries/ptinit.o
                0x8100211c                ptinit
 .text          0x810021d8      0x144 binaries/ptrecv.o
                0x810021d8                ptrecv
 .text          0x8100231c       0x6c binaries/ptreset.o
                0x8100231c                ptreset
 .text          0x81002388      0x15c binaries/ptsend.o
                0x81002388                ptsend
 .text          0x810024e4       0x64 binaries/putc.o
                0x810024e4                putc
 .text          0x81002548       0xe0 binaries/queue.o
                0x81002548                enqueue
                0x810025cc                dequeue
 .text          0x81002628       0x68 binaries/read.o
                0x81002628                read
 .text          0x81002690       0x74 binaries/ready.o
                0x81002690                ready
 .text          0x81002704       0x84 binaries/receive.o
                0x81002704                receive
 .text          0x81002788       0x64 binaries/recvclr.o
                0x81002788                recvclr
 .text          0x810027ec       0xe0 binaries/recvtime.o
                0x810027ec                recvtime
 .text          0x810028cc      0x1d0 binaries/resched.o
                0x810028cc                resched
                0x810029e8                resched_cntl
 .text          0x81002a9c       0x88 binaries/resume.o
                0x81002a9c                resume
 .text          0x81002b24       0x64 binaries/seek.o
                0x81002b24                seek
 .text          0x81002b88       0x58 binaries/semcount.o
                0x81002b88                semcount
 .text          0x81002be0       0xb8 binaries/semcreate.o
                0x81002be0                semcreate
 .text          0x81002c98       0xc8 binaries/semdelete.o
                0x81002c98                semdelete
 .text          0x81002d60       0xb4 binaries/semreset.o
                0x81002d60                semreset
 .text          0x81002e14       0xc8 binaries/send.o
                0x81002e14                send
 .text          0x81002edc       0x98 binaries/signal.o
                0x81002edc                signal
 .text          0x81002f74       0xb8 binaries/signaln.o
                0x81002f74                signaln
 .text          0x8100302c       0xd4 binaries/sleep.o
                0x8100302c                sleepms
                0x810030cc                sleep
 .text          0x81003100       0xd0 binaries/suspend.o
                0x81003100                suspend
 .text          0x810031d0       0x24 binaries/tas_lock.o
                0x810031d0                tas_lock
 .text          0x810031f4       0x1c binaries/tas_unlock.o
                0x810031f4                tas_unlock
 .text          0x81003210       0xa4 binaries/unsleep.o
                0x81003210                unsleep
 .text          0x810032b4       0x10 binaries/userret.o
                0x810032b4                userret
 .text          0x810032c4       0xc4 binaries/wait.o
                0x810032c4                wait
 .text          0x81003388       0x90 binaries/wakeup.o
                0x81003388                wakeup
 .text          0x81003418       0x68 binaries/write.o
                0x81003418                write
 .text          0x81003480       0x18 binaries/xdone.o
                0x81003480                xdone
 .text          0x81003498       0x20 binaries/yield.o
                0x81003498                yield
 .text          0x810034b8        0xc binaries/abs.o
                0x810034b8                abs
 .text          0x810034c4      0x130 binaries/atoi.o
                0x810034c4                atoi
 .text          0x810035f4      0x130 binaries/atol.o
                0x810035f4                atol
 .text          0x81003724       0x20 binaries/bzero.o
                0x81003724                bzero
 .text          0x81003744        0x0 binaries/ctype_.o
 .text          0x81003744      0x968 binaries/doprnt.o
                0x81003934                _doprnt
 .text          0x810040ac      0x728 binaries/doscan.o
                0x810040ac                _doscan
 .text          0x810047d4      0x8c0 binaries/fdoprnt.o
                0x81004884                _fdoprnt
 .text          0x81005094       0x14 binaries/fgetc.o
                0x81005094                fgetc
 .text          0x810050a8       0x84 binaries/fgets.o
                0x810050a8                fgets
 .text          0x8100512c       0x3c binaries/fprintf.o
                0x8100512c                fprintf
 .text          0x81005168       0x24 binaries/fputc.o
                0x81005168                fputc
 .text          0x8100518c       0x38 binaries/fputs.o
                0x8100518c                fputs
 .text          0x810051c4       0x78 binaries/fscanf.o
                0x810051f8                fscanf
 .text          0x8100523c       0x2c binaries/getchar.o
                0x8100523c                getchar
 .text          0x81005268        0xc binaries/labs.o
                0x81005268                labs
 .text          0x81005274       0x40 binaries/memchr.o
                0x81005274                memchr
 .text          0x810052b4       0x58 binaries/memcmp.o
                0x810052b4                memcmp
 .text          0x8100530c       0x24 binaries/memcpy.o
                0x8100530c                memcpy
 .text          0x81005330       0x20 binaries/memset.o
                0x81005330                memset
 .text          0x81005350       0x58 binaries/printf.o
                0x81005350                printf
 .text          0x810053a8       0x2c binaries/putchar.o
                0x810053a8                putchar
 .text          0x810053d4      0x238 binaries/qsort.o
                0x810055ec                qsort
 .text          0x8100560c       0x38 binaries/rand.o
                0x8100560c                srand
                0x8100561c                rand
 .text          0x81005644       0x68 binaries/sprintf.o
                0x8100565c                sprintf
 .text          0x810056ac       0x78 binaries/sscanf.o
                0x810056e0                sscanf
 .text          0x81005724       0x40 binaries/strchr.o
                0x81005724                strchr
 .text          0x81005764       0x54 binaries/strcmp.o
                0x81005764                strcmp
 .text          0x810057b8       0x1c binaries/strcpy.o
                0x810057b8                strcpy
 .text          0x810057d4       0x30 binaries/strlen.o
                0x810057d4                strlen
 .text          0x81005804       0x50 binaries/strncat.o
                0x81005804                strncat
 .text          0x81005854       0x50 binaries/strncmp.o
                0x81005854                strncmp
 .text          0x810058a4       0x80 binaries/strncpy.o
                0x810058a4                strncpy
 .text          0x81005924       0x50 binaries/strnlen.o
                0x81005924                strnlen
 .text          0x81005974       0x40 binaries/strrchr.o
                0x81005974                strrchr
 .text          0x810059b4       0xb0 binaries/strstr.o
                0x810059b4                strstr
 .text          0x81005a64      0x154 binaries/ttycontrol.o
                0x81005a64                ttycontrol
 .text          0x81005bb8       0xc8 binaries/ttygetc.o
                0x81005bb8                ttygetc
 .text          0x81005c80      0x4d4 binaries/ttyhandle_in.o
                0x81005d4c                ttyhandle_in
 .text          0x81006154      0x16c binaries/ttyhandle_out.o
                0x81006154                ttyhandle_out
 .text          0x810062c0       0xcc binaries/ttyhandler.o
                0x810062c0                ttyhandler
 .text          0x8100638c      0x144 binaries/ttyinit.o
                0x8100638c                ttyinit
 .text          0x810064d0        0xc binaries/ttykickout.o
                0x810064d0                ttykickout
 .text          0x810064dc       0x9c binaries/ttyputc.o
                0x810064dc                ttyputc
 .text          0x81006578      0x134 binaries/ttyread.o
                0x81006578                ttyread
 .text          0x810066ac       0x48 binaries/ttywrite.o
                0x810066ac                ttywrite
 .text          0x810066f4      0x160 binaries/mount.o
                0x810066f4                namlen
                0x8100674c                mount
 .text          0x81006854      0x1c0 binaries/naminit.o
                0x81006854                naminit
 .text          0x81006a14      0x24c binaries/nammap.o
                0x81006a14                namrepl
                0x81006b64                namcpy
                0x81006bc0                nammap
 .text          0x81006c60       0x40 binaries/namopen.o
                0x81006c60                namopen
 .text          0x81006ca0      0x108 binaries/colon2mac.o
                0x81006ca0                colon2mac
 .text          0x81006da8       0x44 binaries/ethcontrol.o
                0x81006da8                ethcontrol
 .text          0x81006dec      0x178 binaries/ethhandler.o
                0x81006dec                ethhandler
 .text          0x81006f64      0x7f8 binaries/ethinit.o
                0x81006f64                eth_phy_read
                0x81006fc8                eth_phy_write
                0x81007010                eth_phy_reset
                0x81007170                ethinit
 .text          0x8100775c       0xf8 binaries/ethread.o
                0x8100775c                ethread
 .text          0x81007854      0x120 binaries/ethwrite.o
                0x81007854                ethwrite
 .text          0x81007974       0x88 binaries/rdsbufalloc.o
                0x81007974                rdsbufalloc
 .text          0x810079fc       0xe8 binaries/rdsclose.o
                0x810079fc                rdsclose
 .text          0x81007ae4      0x1e8 binaries/rdscomm.o
                0x81007ae4                rdscomm
 .text          0x81007ccc      0x1b0 binaries/rdscontrol.o
                0x81007ccc                rdscontrol
 .text          0x81007e7c      0x1e0 binaries/rdsinit.o
                0x81007e7c                rdsinit
 .text          0x8100805c      0x1a0 binaries/rdsopen.o
                0x8100805c                rdsopen
 .text          0x810081fc      0x2d4 binaries/rdsprocess.o
                0x810081fc                rdsprocess
 .text          0x810084d0      0x240 binaries/rdsread.o
                0x810084d0                rdsread
 .text          0x81008710      0x1d0 binaries/rdswrite.o
                0x81008710                rdswrite
 .text          0x810088e0        0x8 binaries/ramclose.o
                0x810088e0                ramclose
 .text          0x810088e8       0x3c binaries/raminit.o
                0x810088e8                raminit
 .text          0x81008924        0x8 binaries/ramopen.o
                0x81008924                ramopen
 .text          0x8100892c       0x24 binaries/ramread.o
                0x8100892c                ramread
 .text          0x81008950       0x20 binaries/ramwrite.o
                0x81008950                ramwrite
 .text          0x81008970       0x94 binaries/lfdballoc.o
                0x81008970                lfdballoc
 .text          0x81008a04       0x4c binaries/lfdbfree.o
                0x81008a04                lfdbfree
 .text          0x81008a50       0xb8 binaries/lfflush.o
                0x81008a50                lfflush
 .text          0x81008b08       0xc8 binaries/lfgetmode.o
                0x81008b08                lfgetmode
 .text          0x81008bd0       0x6c binaries/lfiballoc.o
                0x81008bd0                lfiballoc
 .text          0x81008c3c       0x28 binaries/lfibclear.o
                0x81008c3c                lfibclear
 .text          0x81008c64       0x64 binaries/lfibget.o
                0x81008c64                lfibget
 .text          0x81008cc8       0x90 binaries/lfibput.o
                0x81008cc8                lfibput
 .text          0x81008d58       0xc4 binaries/lflclose.o
                0x81008d58                lflclose
 .text          0x81008e1c       0xc8 binaries/lflcontrol.o
                0x81008e1c                lflcontrol
 .text          0x81008ee4      0x10c binaries/lflgetc.o
                0x81008ee4                lflgetc
 .text          0x81008ff0       0xd0 binaries/lflinit.o
                0x81008ff0                lflinit
 .text          0x810090c0      0x14c binaries/lflputc.o
                0x810090c0                lflputc
 .text          0x8100920c       0x70 binaries/lflread.o
                0x8100920c                lflread
 .text          0x8100927c       0xc0 binaries/lflseek.o
                0x8100927c                lflseek
 .text          0x8100933c       0x50 binaries/lflwrite.o
                0x8100933c                lflwrite
 .text          0x8100938c      0x11c binaries/lfsckfmt.o
                0x8100938c                lfsckfmt
 .text          0x810094a8      0x15c binaries/lfscreate.o
                0x810094a8                lfscreate
 .text          0x81009604      0x1f0 binaries/lfsetup.o
                0x81009604                lfsetup
 .text          0x810097f4       0x44 binaries/lfsinit.o
                0x810097f4                lfsinit
 .text          0x81009838      0x378 binaries/lfsopen.o
                0x81009838                lfsopen
 .text          0x81009bb0      0x110 binaries/lftruncate.o
                0x81009bb0                lftruncate
 .text          0x81009cc0       0x7c binaries/rflclose.o
                0x81009cc0                rflclose
 .text          0x81009d3c       0x28 binaries/rflgetc.o
                0x81009d3c                rflgetc
 .text          0x81009d64       0x88 binaries/rflinit.o
                0x81009d64                rflinit
 .text          0x81009dec       0x2c binaries/rflputc.o
                0x81009dec                rflputc
 .text          0x81009e18      0x2c4 binaries/rflread.o
                0x81009e18                rflread
 .text          0x8100a0dc       0x7c binaries/rflseek.o
                0x8100a0dc                rflseek
 .text          0x8100a158      0x2e0 binaries/rflwrite.o
                0x8100a158                rflwrite
 .text          0x8100a438      0x198 binaries/rfscomm.o
                0x8100a438                rfscomm
 .text          0x8100a5d0      0x224 binaries/rfscontrol.o
                0x8100a5d0                rfscontrol
 .text          0x8100a7f4       0xc8 binaries/rfsgetmode.o
                0x8100a7f4                rfsgetmode
 .text          0x8100a8bc       0x84 binaries/rfsinit.o
                0x8100a8bc                rfsinit
 .text          0x8100a940       0x98 binaries/rfsndmsg.o
                0x8100a940                rfsndmsg
 .text          0x8100a9d8      0x238 binaries/rfsopen.o
                0x8100a9d8                rfsopen
 .text          0x8100ac10      0x780 binaries/arp.o
                0x8100ac10                arp_init
                0x8100ac30                arp_alloc
                0x8100ad08                arp_ntoh
                0x8100adac                arp_hton
                0x8100ae50                arp_resolve
                0x8100b0e8                arp_in
 .text          0x8100b390      0xd9c binaries/dhcp.o
                0x8100b390                dump_dhcp_msg
                0x8100b9b4                get_dhcp_option_value
                0x8100ba10                build_dhcp_discover
                0x8100bb3c                build_dhcp_request
                0x8100bce8                getlocalip_boot
                0x8100c0f0                getlocalip
 .text          0x8100c12c      0x414 binaries/dns.o
                0x8100c12c                dns_bldq
                0x8100c1d8                dns_getrname
                0x8100c29c                dns_geta
                0x8100c3cc                dns_qa
 .text          0x8100c540      0x108 binaries/dot2ip.o
                0x8100c540                dot2ip
 .text          0x8100c648      0x328 binaries/hexdump.o
                0x8100c648                hexdump
                0x8100c794                hexadump
 .text          0x8100c970      0x71c binaries/icmp.o
                0x8100c970                icmp_init
                0x8100c994                icmp_register
                0x8100ca54                icmp_recv
                0x8100cbf4                icmp_mkpkt
                0x8100cce4                icmp_in
                0x8100ce70                icmp_send
                0x8100cee0                icmp_release
                0x8100cfc8                icmp_cksum
                0x8100d024                icmp_hton
                0x8100d058                icmp_ntoh
 .text          0x8100d08c      0x67c binaries/ip.o
                0x8100d08c                ip_local
                0x8100d0bc                ipcksum
                0x8100d100                ip_ntoh
                0x8100d1a4                ip_in
                0x8100d2d4                ip_hton
                0x8100d378                ip_out
                0x8100d42c                ip_send
                0x8100d55c                ipout
                0x8100d66c                ip_enqueue
 .text          0x8100d708      0x1c4 binaries/net.o
                0x8100d708                net_init
                0x8100d800                eth_hton
                0x8100d814                eth_ntoh
                0x8100d828                netin
 .text          0x8100d8cc       0xf8 binaries/netstart.o
                0x8100d8cc                netstart
 .text          0x8100d9c4      0x9dc binaries/pdump.o
                0x8100d9c4                pdump
                0x8100df50                pdumph
 .text          0x8100e3a0      0x580 binaries/tftp.o
                0x8100e3a0                tftp_send1
                0x8100e48c                tftpget_mb
                0x8100e8ec                tftpget
 .text          0x8100e920      0xa20 binaries/udp.o
                0x8100e920                udp_init
                0x8100e948                udp_in
                0x8100ea7c                udp_register
                0x8100eb80                udp_recv
                0x8100ed1c                udp_recvaddr
                0x8100eed4                udp_send
                0x8100f07c                udp_sendto
                0x8100f1e8                udp_release
                0x8100f2d8                udp_ntoh
                0x8100f30c                udp_hton
 .text          0x8100f340      0x13c binaries/addargs.o
                0x8100f340                addargs
 .text          0x8100f47c      0x28c binaries/lexan.o
                0x8100f47c                lexan
 .text          0x8100f708      0x68c binaries/shell.o
                0x8100f708                shell
 .text          0x8100fd94       0x64 binaries/xsh_argecho.o
                0x8100fd94                xsh_argecho
 .text          0x8100fdf8      0x1c8 binaries/xsh_arp.o
                0x8100fdf8                xsh_arp
 .text          0x8100ffc0      0x17c binaries/xsh_babybird.o
                0x8100ffc0                xsh_babybird
 .text          0x8101013c      0x234 binaries/xsh_cat.o
                0x8101013c                xsh_cat
 .text          0x81010370       0x5c binaries/xsh_clear.o
                0x81010370                xsh_clear
 .text          0x810103cc      0x29c binaries/xsh_date.o
                0x810103cc                xsh_date
 .text          0x81010668       0x98 binaries/xsh_devdump.o
                0x81010668                xsh_devdump
 .text          0x81010700       0x68 binaries/xsh_echo.o
                0x81010700                xsh_echo
 .text          0x81010768        0x8 binaries/xsh_exit.o
                0x81010768                xsh_exit
 .text          0x81010770       0xac binaries/xsh_hello.o
                0x81010770                xsh_hello
 .text          0x8101081c      0x3b8 binaries/xsh_help.o
                0x8101081c                xsh_help
 .text          0x81010bd4      0x354 binaries/xsh_ipaddr.o
                0x81010bd4                xsh_ipaddr
 .text          0x81010f28      0x1fc binaries/xsh_kill.o
                0x81010f28                xsh_kill
 .text          0x81011124      0x2ac binaries/xsh_led.o
                0x81011124                xsh_led
 .text          0x810113d0      0x434 binaries/xsh_memdump.o
                0x810114c4                xsh_memdump
 .text          0x81011804      0x224 binaries/xsh_memstat.o
                0x81011804                xsh_memstat
 .text          0x81011a28      0x3b8 binaries/xsh_ping.o
                0x81011a28                xsh_ping
 .text          0x81011de0       0xcc binaries/xsh_process_ring.o
                0x81011de0                xsh_process_ring
 .text          0x81011eac       0xcc binaries/xsh_process_ring_incorrect_order.o
                0x81011eac                xsh_process_ring_incorrect_order
 .text          0x81011f78      0x220 binaries/xsh_ps.o
                0x81011f78                xsh_ps
 .text          0x81012198      0x1d4 binaries/xsh_sleep.o
                0x81012198                xsh_sleep
 .text          0x8101236c      0x244 binaries/xsh_udpdump.o
                0x8101236c                xsh_udpdump
 .text          0x810125b0      0x3fc binaries/xsh_udpecho.o
                0x810125b0                xsh_udpecho
 .text          0x810129ac      0x250 binaries/xsh_udpeserver.o
                0x810129ac                xsh_udpeserver
 .text          0x81012bfc      0x1b4 binaries/xsh_uptime.o
                0x81012bfc                xsh_uptime
 .text          0x81012db0       0x64 binaries/babyBird.o
                0x81012db0                babyBirdProcess
 .text          0x81012e14        0x4 binaries/consume.o
                0x81012e14                consumer
 .text          0x81012e18       0x88 binaries/parentBird.o
                0x81012e18                parentBirdProcess
 .text          0x81012ea0        0x4 binaries/produce.o
                0x81012ea0                producer
 .text          0x81012ea4       0xdc binaries/ring.o
                0x81012ea4                counterDecrementer
 .text          0x81012f80       0xa4 binaries/ring_incorrect_order.o
                0x81012f80                counterDecrementerOutOfOrder
 .text          0x81013024       0x2c binaries/ctxsw.o
                0x81013024                ctxsw
 .text          0x81013050      0x100 binaries/intr.o
                0x81013050                disable
                0x8101305c                restore
                0x81013080                enable
                0x81013088                pause
                0x81013088                halt
                0x81013090                irq_except
                0x810130c0                initevec
                0x81013120                expjmpinstr
 .text          0x81013150      0x114 /usr/lib/gcc/arm-none-eabi/4.9.3/libgcc.a(_udivsi3.o)
                0x81013150                __udivsi3
                0x81013150                __aeabi_uidiv
                0x81013244                __aeabi_uidivmod
 .text          0x81013264      0x148 /usr/lib/gcc/arm-none-eabi/4.9.3/libgcc.a(_divsi3.o)
                0x81013264                __aeabi_idiv
                0x81013264                __divsi3
                0x8101338c                __aeabi_idivmod
 .text          0x810133ac        0x4 /usr/lib/gcc/arm-none-eabi/4.9.3/libgcc.a(_dvmd_tls.o)
                0x810133ac                __aeabi_ldiv0
                0x810133ac                __aeabi_idiv0
 *(.rodata .rodata.*)
 .rodata.str1.4
                0x810133b0       0x78 binaries/ascdate.o
 .rodata.str1.4
                0x81013428       0xcb binaries/conf.o
 *fill*         0x810134f3        0x1 
 .rodata.str1.4
                0x810134f4       0x60 binaries/getutime.o
 .rodata.str1.4
                0x81013554      0x16c binaries/initialize.o
                                0x170 (size before relaxing)
 .rodata.str1.4
                0x810136c0       0x42 binaries/main.o
 *fill*         0x81013702        0x2 
 .rodata.str1.4
                0x81013704       0x10 binaries/panic.o
 .rodata.str1.4
                0x81013714       0x1c binaries/ptinit.o
 .rodata.str1.4
                0x81013730       0x25 binaries/ptsend.o
 *fill*         0x81013755        0x3 
 .rodata.str1.4
                0x81013758       0x27 binaries/xdone.o
 *fill*         0x8101377f        0x1 
 .rodata        0x81013780       0x81 binaries/ctype_.o
                0x81013780                _ctype_
 *fill*         0x81013801        0x3 
 .rodata.str1.4
                0x81013804       0x2f binaries/doprnt.o
 .rodata.str1.4
                0x00000000       0x2d binaries/fdoprnt.o
 *fill*         0x81013833        0x1 
 .rodata.str1.4
                0x81013834       0x86 binaries/naminit.o
                                 0x8e (size before relaxing)
 *fill*         0x810138ba        0x2 
 .rodata.str1.4
                0x810138bc       0xe5 binaries/ethinit.o
 *fill*         0x810139a1        0x3 
 .rodata.str1.4
                0x810139a4       0x12 binaries/ethread.o
 *fill*         0x810139b6        0x2 
 .rodata.str1.4
                0x810139b8       0x2c binaries/rdsbufalloc.o
 .rodata.str1.4
                0x810139e4       0x76 binaries/rdscomm.o
 *fill*         0x81013a5a        0x2 
 .rodata.str1.4
                0x81013a5c       0x48 binaries/rdscontrol.o
 .rodata.str1.4
                0x81013aa4       0x96 binaries/rdsinit.o
 *fill*         0x81013b3a        0x2 
 .rodata.str1.4
                0x81013b3c       0x22 binaries/rdsopen.o
 *fill*         0x81013b5e        0x2 
 .rodata.str1.4
                0x81013b60       0x4d binaries/rdsprocess.o
 *fill*         0x81013bad        0x3 
 .rodata.str1.4
                0x81013bb0        0x9 binaries/raminit.o
 *fill*         0x81013bb9        0x3 
 .rodata.str1.4
                0x81013bbc       0x37 binaries/lfdballoc.o
 *fill*         0x81013bf3        0x1 
 .rodata.str1.4
                0x81013bf4       0x14 binaries/lfiballoc.o
 .rodata.str1.4
                0x81013c08       0x23 binaries/lflcontrol.o
 *fill*         0x81013c2b        0x1 
 .rodata.str1.4
                0x81013c2c       0xbb binaries/lfsckfmt.o
 *fill*         0x81013ce7        0x1 
 .rodata.str1.4
                0x81013ce8       0x21 binaries/rflread.o
 .rodata.str1.4
                0x00000000       0x21 binaries/rflwrite.o
 *fill*         0x81013d09        0x3 
 .rodata.str1.4
                0x81013d0c       0x75 binaries/rfscomm.o
 *fill*         0x81013d81        0x3 
 .rodata.str1.4
                0x81013d84       0x23 binaries/rfscontrol.o
 *fill*         0x81013da7        0x1 
 .rodata.str1.4
                0x81013da8       0x63 binaries/rfsinit.o
 *fill*         0x81013e0b        0x1 
 .rodata.str1.4
                0x81013e0c       0x2a binaries/rfsndmsg.o
 .rodata.str1.4
                0x00000000       0x22 binaries/rfsopen.o
 *fill*         0x81013e36        0x2 
 .rodata.str1.4
                0x81013e38       0x3d binaries/arp.o
 *fill*         0x81013e75        0x3 
 .rodata.str1.4
                0x81013e78      0x462 binaries/dhcp.o
                                0x466 (size before relaxing)
 *fill*         0x810142da        0x2 
 .rodata.str1.4
                0x810142dc       0xca binaries/hexdump.o
                                 0xd6 (size before relaxing)
 *fill*         0x810143a6        0x2 
 .rodata.str1.4
                0x810143a8       0x29 binaries/icmp.o
 *fill*         0x810143d1        0x3 
 .rodata.str1.4
                0x810143d4       0x52 binaries/ip.o
 *fill*         0x81014426        0x2 
 .rodata.str1.4
                0x81014428       0x53 binaries/net.o
 *fill*         0x8101447b        0x1 
 .rodata.str1.4
                0x8101447c       0x8f binaries/netstart.o
 *fill*         0x8101450b        0x1 
 .rodata.str1.4
                0x8101450c      0x292 binaries/pdump.o
                                0x296 (size before relaxing)
 *fill*         0x8101479e        0x2 
 .rodata.str1.4
                0x810147a0      0x178 binaries/tftp.o
                                0x17c (size before relaxing)
 .rodata        0x81014918      0x120 binaries/shell.o
                0x81014918                cmdtab
 .rodata.str1.4
                0x81014a38      0x30e binaries/shell.o
                                0x316 (size before relaxing)
 *fill*         0x81014d46        0x2 
 .rodata.str1.4
                0x81014d48       0x29 binaries/xsh_argecho.o
                                 0x2e (size before relaxing)
 *fill*         0x81014d71        0x3 
 .rodata.str1.4
                0x81014d74      0x13e binaries/xsh_arp.o
                                0x142 (size before relaxing)
 *fill*         0x81014eb2        0x2 
 .rodata.str1.4
                0x81014eb4       0x4f binaries/xsh_babybird.o
                                 0x59 (size before relaxing)
 *fill*         0x81014f03        0x1 
 .rodata.str1.4
                0x81014f04       0x81 binaries/xsh_cat.o
                                 0xd1 (size before relaxing)
 *fill*         0x81014f85        0x3 
 .rodata.str1.4
                0x81014f88       0x15 binaries/xsh_clear.o
 *fill*         0x81014f9d        0x3 
 .rodata.str1.4
                0x81014fa0      0x197 binaries/xsh_date.o
                                0x1cb (size before relaxing)
 *fill*         0x81015137        0x1 
 .rodata.str1.4
                0x81015138       0x61 binaries/xsh_devdump.o
 *fill*         0x81015199        0x3 
 .rodata.str1.4
                0x8101519c        0x8 binaries/xsh_echo.o
                                  0xa (size before relaxing)
 .rodata.str1.4
                0x810151a4       0x47 binaries/xsh_hello.o
                                 0x60 (size before relaxing)
 *fill*         0x810151eb        0x1 
 .rodata.str1.4
                0x810151ec       0xe7 binaries/xsh_help.o
                                0x17a (size before relaxing)
 *fill*         0x810152d3        0x1 
 .rodata.str1.4
                0x810152d4       0xfb binaries/xsh_ipaddr.o
                                0x1ab (size before relaxing)
 *fill*         0x810153cf        0x1 
 .rodata.str1.4
                0x810153d0       0xc8 binaries/xsh_kill.o
                                0x136 (size before relaxing)
 .rodata.str1.4
                0x81015498       0xf7 binaries/xsh_led.o
                                0x16b (size before relaxing)
 *fill*         0x8101558f        0x1 
 .rodata.str1.4
                0x81015590      0x1ca binaries/xsh_memdump.o
                                0x262 (size before relaxing)
 *fill*         0x8101575a        0x2 
 .rodata.str1.4
                0x8101575c      0x1cc binaries/xsh_memstat.o
                                0x232 (size before relaxing)
 .rodata.str1.4
                0x81015928      0x13f binaries/xsh_ping.o
                                0x1b2 (size before relaxing)
 .rodata.str1.4
                0x00000000       0x25 binaries/xsh_process_ring.o
 *fill*         0x81015a67        0x1 
 .rodata.str1.4
                0x81015a68       0x17 binaries/xsh_process_ring_incorrect_order.o
                                 0x2f (size before relaxing)
 *fill*         0x81015a7f        0x1 
 .rodata        0x81015a80       0x20 binaries/xsh_ps.o
 .rodata.str1.4
                0x81015aa0      0x11a binaries/xsh_ps.o
                                0x1d2 (size before relaxing)
 *fill*         0x81015bba        0x2 
 .rodata.str1.4
                0x81015bbc       0x5e binaries/xsh_sleep.o
                                 0xf6 (size before relaxing)
 *fill*         0x81015c1a        0x2 
 .rodata        0x81015c1c        0xc binaries/xsh_udpdump.o
 .rodata.str1.4
                0x81015c28      0x122 binaries/xsh_udpdump.o
                                0x1de (size before relaxing)
 *fill*         0x81015d4a        0x2 
 .rodata.str1.4
                0x81015d4c      0x1ae binaries/xsh_udpecho.o
                                0x222 (size before relaxing)
 *fill*         0x81015efa        0x2 
 .rodata.str1.4
                0x81015efc       0x97 binaries/xsh_udpeserver.o
                                0x13b (size before relaxing)
 *fill*         0x81015f93        0x1 
 .rodata.str1.4
                0x81015f94       0x77 binaries/xsh_uptime.o
                                0x112 (size before relaxing)
 *fill*         0x8101600b        0x1 
 .rodata.str1.4
                0x8101600c       0x25 binaries/babyBird.o
 *fill*         0x81016031        0x3 
 .rodata.str1.4
                0x81016034       0x17 binaries/parentBird.o
 *fill*         0x8101604b        0x1 
 .rodata.str1.4
                0x8101604c       0x30 binaries/ring.o
                                 0x2e (size before relaxing)
 .rodata.str1.4
                0x00000000       0x28 binaries/ring_incorrect_order.o
                0x8101607c                etext = ABSOLUTE (.)
                0x81017000                . = ALIGN (0x1000)
 *fill*         0x8101607c      0xf84 

.glue_7         0x81017000        0x0
 .glue_7        0x00000000        0x0 linker stubs

.glue_7t        0x81017000        0x0
 .glue_7t       0x00000000        0x0 linker stubs

.vfp11_veneer   0x81017000        0x0
 .vfp11_veneer  0x00000000        0x0 linker stubs

.v4_bx          0x81017000        0x0
 .v4_bx         0x00000000        0x0 linker stubs

.iplt           0x81017000        0x0
 .iplt          0x00000000        0x0 binaries/start.o

.rel.dyn        0x81017000        0x0
 .rel.iplt      0x00000000        0x0 binaries/start.o

.data           0x81017000     0x1000
                0x81017000                data = ABSOLUTE (.)
 *(.data .data.*)
 .data          0x81017000        0x0 binaries/start.o
 .data          0x81017000       0x88 binaries/ascdate.o
                0x81017000                Date
 .data          0x81017088        0x0 binaries/bufinit.o
 .data          0x81017088        0x0 binaries/chprio.o
 .data          0x81017088        0x4 binaries/clkhandler.o
 .data          0x8101708c        0x0 binaries/clkinit.o
 .data          0x8101708c        0x0 binaries/close.o
 .data          0x8101708c      0x5a0 binaries/conf.o
                0x8101708c                devtab
 .data          0x8101762c        0x0 binaries/control.o
 .data          0x8101762c        0x4 binaries/create.o
 .data          0x81017630       0x3d binaries/evec.o
                0x81017630                expmsg2
                0x81017644                expmsg1
 .data          0x8101766d        0x0 binaries/exit.o
 .data          0x8101766d        0x0 binaries/freebuf.o
 .data          0x8101766d        0x0 binaries/freemem.o
 .data          0x8101766d        0x0 binaries/getbuf.o
 .data          0x8101766d        0x0 binaries/getc.o
 .data          0x8101766d        0x0 binaries/getdev.o
 .data          0x8101766d        0x0 binaries/getitem.o
 .data          0x8101766d        0x0 binaries/getmem.o
 .data          0x8101766d        0x0 binaries/getpid.o
 .data          0x8101766d        0x0 binaries/getprio.o
 .data          0x8101766d        0x0 binaries/getstk.o
 .data          0x8101766d        0x0 binaries/gettime.o
 .data          0x8101766d        0x0 binaries/getutime.o
 .data          0x8101766d        0x0 binaries/init.o
 .data          0x8101766d        0x0 binaries/initialize.o
 .data          0x8101766d        0x0 binaries/insert.o
 .data          0x8101766d        0x0 binaries/insertd.o
 .data          0x8101766d        0x0 binaries/ioerr.o
 .data          0x8101766d        0x0 binaries/ionull.o
 .data          0x8101766d        0x0 binaries/kill.o
 .data          0x8101766d        0x0 binaries/kprintf.o
 .data          0x8101766d        0x0 binaries/lockcreate.o
 *fill*         0x8101766d        0x3 
 .data          0x81017670        0x4 binaries/main.o
                0x81017670                gcounter
 .data          0x81017674        0x0 binaries/mark.o
 .data          0x81017674        0x0 binaries/meminit.o
 .data          0x81017674        0x0 binaries/mkbufpool.o
 .data          0x81017674        0x2 binaries/newqueue.o
 .data          0x81017676        0x0 binaries/open.o
 .data          0x81017676        0x0 binaries/panic.o
 .data          0x81017676        0x0 binaries/platinit.o
 .data          0x81017676        0x0 binaries/ptclear.o
 .data          0x81017676        0x0 binaries/ptcount.o
 .data          0x81017676        0x0 binaries/ptcreate.o
 .data          0x81017676        0x0 binaries/ptdelete.o
 .data          0x81017676        0x0 binaries/ptinit.o
 .data          0x81017676        0x0 binaries/ptrecv.o
 .data          0x81017676        0x0 binaries/ptreset.o
 .data          0x81017676        0x0 binaries/ptsend.o
 .data          0x81017676        0x0 binaries/putc.o
 .data          0x81017676        0x0 binaries/queue.o
 .data          0x81017676        0x0 binaries/read.o
 .data          0x81017676        0x0 binaries/ready.o
 .data          0x81017676        0x0 binaries/receive.o
 .data          0x81017676        0x0 binaries/recvclr.o
 .data          0x81017676        0x0 binaries/recvtime.o
 .data          0x81017676        0x0 binaries/resched.o
 .data          0x81017676        0x0 binaries/resume.o
 .data          0x81017676        0x0 binaries/seek.o
 .data          0x81017676        0x0 binaries/semcount.o
 .data          0x81017676        0x0 binaries/semcreate.o
 .data          0x81017676        0x0 binaries/semdelete.o
 .data          0x81017676        0x0 binaries/semreset.o
 .data          0x81017676        0x0 binaries/send.o
 .data          0x81017676        0x0 binaries/signal.o
 .data          0x81017676        0x0 binaries/signaln.o
 .data          0x81017676        0x0 binaries/sleep.o
 .data          0x81017676        0x0 binaries/suspend.o
 .data          0x81017676        0x0 binaries/tas_lock.o
 .data          0x81017676        0x0 binaries/tas_unlock.o
 .data          0x81017676        0x0 binaries/unsleep.o
 .data          0x81017676        0x0 binaries/userret.o
 .data          0x81017676        0x0 binaries/wait.o
 .data          0x81017676        0x0 binaries/wakeup.o
 .data          0x81017676        0x0 binaries/write.o
 .data          0x81017676        0x0 binaries/xdone.o
 .data          0x81017676        0x0 binaries/yield.o
 .data          0x81017676        0x0 binaries/abs.o
 .data          0x81017676        0x0 binaries/atoi.o
 .data          0x81017676        0x0 binaries/atol.o
 .data          0x81017676        0x0 binaries/bzero.o
 .data          0x81017676        0x0 binaries/ctype_.o
 .data          0x81017676        0x0 binaries/doprnt.o
 *fill*         0x81017676        0x2 
 .data          0x81017678       0x80 binaries/doscan.o
                0x81017678                _sctab
 .data          0x810176f8        0x0 binaries/fdoprnt.o
 .data          0x810176f8        0x0 binaries/fgetc.o
 .data          0x810176f8        0x0 binaries/fgets.o
 .data          0x810176f8        0x0 binaries/fprintf.o
 .data          0x810176f8        0x0 binaries/fputc.o
 .data          0x810176f8        0x0 binaries/fputs.o
 .data          0x810176f8        0x0 binaries/fscanf.o
 .data          0x810176f8        0x0 binaries/getchar.o
 .data          0x810176f8        0x0 binaries/labs.o
 .data          0x810176f8        0x0 binaries/memchr.o
 .data          0x810176f8        0x0 binaries/memcmp.o
 .data          0x810176f8        0x0 binaries/memcpy.o
 .data          0x810176f8        0x0 binaries/memset.o
 .data          0x810176f8        0x0 binaries/printf.o
 .data          0x810176f8        0x0 binaries/putchar.o
 .data          0x810176f8        0x0 binaries/qsort.o
 .data          0x810176f8        0x4 binaries/rand.o
 .data          0x810176fc        0x0 binaries/sprintf.o
 .data          0x810176fc        0x0 binaries/sscanf.o
 .data          0x810176fc        0x0 binaries/strchr.o
 .data          0x810176fc        0x0 binaries/strcmp.o
 .data          0x810176fc        0x0 binaries/strcpy.o
 .data          0x810176fc        0x0 binaries/strlen.o
 .data          0x810176fc        0x0 binaries/strncat.o
 .data          0x810176fc        0x0 binaries/strncmp.o
 .data          0x810176fc        0x0 binaries/strncpy.o
 .data          0x810176fc        0x0 binaries/strnlen.o
 .data          0x810176fc        0x0 binaries/strrchr.o
 .data          0x810176fc        0x0 binaries/strstr.o
 .data          0x810176fc        0x0 binaries/ttycontrol.o
 .data          0x810176fc        0x0 binaries/ttygetc.o
 .data          0x810176fc        0x0 binaries/ttyhandle_in.o
 .data          0x810176fc        0x0 binaries/ttyhandle_out.o
 .data          0x810176fc        0x0 binaries/ttyhandler.o
 .data          0x810176fc        0x0 binaries/ttyinit.o
 .data          0x810176fc        0x0 binaries/ttykickout.o
 .data          0x810176fc        0x0 binaries/ttyputc.o
 .data          0x810176fc        0x0 binaries/ttyread.o
 .data          0x810176fc        0x0 binaries/ttywrite.o
 .data          0x810176fc        0x0 binaries/mount.o
 .data          0x810176fc        0x0 binaries/naminit.o
 .data          0x810176fc        0x0 binaries/nammap.o
 .data          0x810176fc        0x0 binaries/namopen.o
 .data          0x810176fc        0x0 binaries/colon2mac.o
 .data          0x810176fc        0x0 binaries/ethcontrol.o
 .data          0x810176fc        0x0 binaries/ethhandler.o
 .data          0x810176fc        0x0 binaries/ethinit.o
 .data          0x810176fc        0x0 binaries/ethread.o
 .data          0x810176fc        0x0 binaries/ethwrite.o
 .data          0x810176fc        0x0 binaries/rdsbufalloc.o
 .data          0x810176fc        0x0 binaries/rdsclose.o
 .data          0x810176fc        0x0 binaries/rdscomm.o
 .data          0x810176fc        0x0 binaries/rdscontrol.o
 .data          0x810176fc        0x0 binaries/rdsinit.o
 .data          0x810176fc        0x0 binaries/rdsopen.o
 .data          0x810176fc        0x0 binaries/rdsprocess.o
 .data          0x810176fc        0x0 binaries/rdsread.o
 .data          0x810176fc        0x0 binaries/rdswrite.o
 .data          0x810176fc        0x0 binaries/ramclose.o
 .data          0x810176fc        0x0 binaries/raminit.o
 .data          0x810176fc        0x0 binaries/ramopen.o
 .data          0x810176fc        0x0 binaries/ramread.o
 .data          0x810176fc        0x0 binaries/ramwrite.o
 .data          0x810176fc        0x0 binaries/lfdballoc.o
 .data          0x810176fc        0x0 binaries/lfdbfree.o
 .data          0x810176fc        0x0 binaries/lfflush.o
 .data          0x810176fc        0x0 binaries/lfgetmode.o
 .data          0x810176fc        0x0 binaries/lfiballoc.o
 .data          0x810176fc        0x0 binaries/lfibclear.o
 .data          0x810176fc        0x0 binaries/lfibget.o
 .data          0x810176fc        0x0 binaries/lfibput.o
 .data          0x810176fc        0x0 binaries/lflclose.o
 .data          0x810176fc        0x0 binaries/lflcontrol.o
 .data          0x810176fc        0x0 binaries/lflgetc.o
 .data          0x810176fc        0x0 binaries/lflinit.o
 .data          0x810176fc        0x0 binaries/lflputc.o
 .data          0x810176fc        0x0 binaries/lflread.o
 .data          0x810176fc        0x0 binaries/lflseek.o
 .data          0x810176fc        0x0 binaries/lflwrite.o
 .data          0x810176fc        0x0 binaries/lfsckfmt.o
 .data          0x810176fc        0x0 binaries/lfscreate.o
 .data          0x810176fc        0x0 binaries/lfsetup.o
 .data          0x810176fc        0x0 binaries/lfsinit.o
 .data          0x810176fc        0x0 binaries/lfsopen.o
 .data          0x810176fc        0x0 binaries/lftruncate.o
 .data          0x810176fc        0x0 binaries/rflclose.o
 .data          0x810176fc        0x0 binaries/rflgetc.o
 .data          0x810176fc        0x0 binaries/rflinit.o
 .data          0x810176fc        0x0 binaries/rflputc.o
 .data          0x810176fc        0x0 binaries/rflread.o
 .data          0x810176fc        0x0 binaries/rflseek.o
 .data          0x810176fc        0x0 binaries/rflwrite.o
 .data          0x810176fc        0x0 binaries/rfscomm.o
 .data          0x810176fc        0x0 binaries/rfscontrol.o
 .data          0x810176fc        0x0 binaries/rfsgetmode.o
 .data          0x810176fc        0x0 binaries/rfsinit.o
 .data          0x810176fc        0x0 binaries/rfsndmsg.o
 .data          0x810176fc        0x0 binaries/rfsopen.o
 .data          0x810176fc        0x0 binaries/arp.o
 .data          0x810176fc        0x0 binaries/dhcp.o
 .data          0x810176fc        0x0 binaries/dns.o
 .data          0x810176fc        0x0 binaries/dot2ip.o
 .data          0x810176fc        0x0 binaries/hexdump.o
 .data          0x810176fc        0x4 binaries/icmp.o
 .data          0x81017700        0x0 binaries/ip.o
 .data          0x81017700        0x0 binaries/net.o
 .data          0x81017700        0x0 binaries/netstart.o
 .data          0x81017700        0x0 binaries/pdump.o
 .data          0x81017700        0x0 binaries/tftp.o
 .data          0x81017700        0x4 binaries/udp.o
 .data          0x81017704        0x0 binaries/addargs.o
 .data          0x81017704        0x0 binaries/lexan.o
 .data          0x81017704        0x4 binaries/shell.o
                0x81017704                ncmd
 .data          0x81017708        0x0 binaries/xsh_argecho.o
 .data          0x81017708        0x0 binaries/xsh_arp.o
 .data          0x81017708        0x4 binaries/xsh_babybird.o
                0x81017708                parent_itr
 .data          0x8101770c        0x0 binaries/xsh_cat.o
 .data          0x8101770c        0x0 binaries/xsh_clear.o
 .data          0x8101770c        0x0 binaries/xsh_date.o
 .data          0x8101770c        0x0 binaries/xsh_devdump.o
 .data          0x8101770c        0x0 binaries/xsh_echo.o
 .data          0x8101770c        0x0 binaries/xsh_exit.o
 .data          0x8101770c        0x0 binaries/xsh_hello.o
 .data          0x8101770c        0x0 binaries/xsh_help.o
 .data          0x8101770c        0x0 binaries/xsh_ipaddr.o
 .data          0x8101770c        0x0 binaries/xsh_kill.o
 .data          0x8101770c        0x0 binaries/xsh_led.o
 .data          0x8101770c        0x0 binaries/xsh_memdump.o
 .data          0x8101770c        0x0 binaries/xsh_memstat.o
 .data          0x8101770c        0x0 binaries/xsh_ping.o
 .data          0x8101770c        0x4 binaries/xsh_process_ring.o
                0x8101770c                rounds
 .data          0x81017710        0x4 binaries/xsh_process_ring_incorrect_order.o
                0x81017710                rounds1
 .data          0x81017714        0x0 binaries/xsh_ps.o
 .data          0x81017714        0x0 binaries/xsh_sleep.o
 .data          0x81017714        0x0 binaries/xsh_udpdump.o
 .data          0x81017714        0x0 binaries/xsh_udpecho.o
 .data          0x81017714        0x0 binaries/xsh_udpeserver.o
 .data          0x81017714        0x0 binaries/xsh_uptime.o
 .data          0x81017714        0x0 binaries/babyBird.o
 .data          0x81017714        0x0 binaries/consume.o
 .data          0x81017714        0x0 binaries/parentBird.o
 .data          0x81017714        0x0 binaries/produce.o
 .data          0x81017714        0x0 binaries/ring.o
 .data          0x81017714        0x0 binaries/ring_incorrect_order.o
 .data          0x81017714        0x0 binaries/ctxsw.o
 .data          0x81017714        0x0 binaries/intr.o
 .data          0x81017714        0x0 /usr/lib/gcc/arm-none-eabi/4.9.3/libgcc.a(_udivsi3.o)
 .data          0x81017714        0x0 /usr/lib/gcc/arm-none-eabi/4.9.3/libgcc.a(_divsi3.o)
 .data          0x81017714        0x0 /usr/lib/gcc/arm-none-eabi/4.9.3/libgcc.a(_dvmd_tls.o)
                0x81017714                edata = ABSOLUTE (.)
                0x81018000                . = ALIGN (0x1000)
 *fill*         0x81017714      0x8ec 

.igot.plt       0x81018000        0x0
 .igot.plt      0x00000000        0x0 binaries/start.o

.bss            0x81018000    0x20000
                0x81018000                bss = ABSOLUTE (.)
 *(.bss .bss.*)
 .bss           0x81018000        0x0 binaries/start.o
 .bss           0x81018000        0x0 binaries/ascdate.o
 .bss           0x81018000        0x0 binaries/bufinit.o
 .bss           0x81018000        0x0 binaries/chprio.o
 .bss           0x81018000        0x0 binaries/clkhandler.o
 .bss           0x81018000        0x4 binaries/clkinit.o
                0x81018000                ctr1000
 .bss           0x81018004        0x0 binaries/close.o
 .bss           0x81018004        0x0 binaries/conf.o
 .bss           0x81018004        0x0 binaries/control.o
 .bss           0x81018004        0x0 binaries/create.o
 .bss           0x81018004        0x0 binaries/evec.o
 .bss           0x81018004        0x0 binaries/exit.o
 .bss           0x81018004        0x0 binaries/freebuf.o
 .bss           0x81018004        0x0 binaries/freemem.o
 .bss           0x81018004        0x0 binaries/getbuf.o
 .bss           0x81018004        0x0 binaries/getc.o
 .bss           0x81018004        0x0 binaries/getdev.o
 .bss           0x81018004        0x0 binaries/getitem.o
 .bss           0x81018004        0x0 binaries/getmem.o
 .bss           0x81018004        0x0 binaries/getpid.o
 .bss           0x81018004        0x0 binaries/getprio.o
 .bss           0x81018004        0x0 binaries/getstk.o
 .bss           0x81018004        0x0 binaries/gettime.o
 .bss           0x81018004        0x0 binaries/getutime.o
 .bss           0x81018004        0x0 binaries/init.o
 .bss           0x81018004        0x0 binaries/initialize.o
 .bss           0x81018004        0x0 binaries/insert.o
 .bss           0x81018004        0x0 binaries/insertd.o
 .bss           0x81018004        0x0 binaries/ioerr.o
 .bss           0x81018004        0x0 binaries/ionull.o
 .bss           0x81018004        0x0 binaries/kill.o
 .bss           0x81018004        0x0 binaries/kprintf.o
 .bss           0x81018004        0x0 binaries/lockcreate.o
 .bss           0x81018004        0x0 binaries/main.o
 .bss           0x81018004        0x0 binaries/mark.o
 .bss           0x81018004        0x0 binaries/meminit.o
 .bss           0x81018004        0x0 binaries/mkbufpool.o
 .bss           0x81018004        0x0 binaries/newqueue.o
 .bss           0x81018004        0x0 binaries/open.o
 .bss           0x81018004        0x0 binaries/panic.o
 .bss           0x81018004        0x0 binaries/platinit.o
 .bss           0x81018004        0x0 binaries/ptclear.o
 .bss           0x81018004        0x0 binaries/ptcount.o
 .bss           0x81018004        0x0 binaries/ptcreate.o
 .bss           0x81018004        0x0 binaries/ptdelete.o
 .bss           0x81018004        0x0 binaries/ptinit.o
 .bss           0x81018004        0x0 binaries/ptrecv.o
 .bss           0x81018004        0x0 binaries/ptreset.o
 .bss           0x81018004        0x0 binaries/ptsend.o
 .bss           0x81018004        0x0 binaries/putc.o
 .bss           0x81018004        0x0 binaries/queue.o
 .bss           0x81018004        0x0 binaries/read.o
 .bss           0x81018004        0x0 binaries/ready.o
 .bss           0x81018004        0x0 binaries/receive.o
 .bss           0x81018004        0x0 binaries/recvclr.o
 .bss           0x81018004        0x0 binaries/recvtime.o
 .bss           0x81018004        0x0 binaries/resched.o
 .bss           0x81018004        0x0 binaries/resume.o
 .bss           0x81018004        0x0 binaries/seek.o
 .bss           0x81018004        0x0 binaries/semcount.o
 .bss           0x81018004        0x4 binaries/semcreate.o
 .bss           0x81018008        0x0 binaries/semdelete.o
 .bss           0x81018008        0x0 binaries/semreset.o
 .bss           0x81018008        0x0 binaries/send.o
 .bss           0x81018008        0x0 binaries/signal.o
 .bss           0x81018008        0x0 binaries/signaln.o
 .bss           0x81018008        0x0 binaries/sleep.o
 .bss           0x81018008        0x0 binaries/suspend.o
 .bss           0x81018008        0x0 binaries/tas_lock.o
 .bss           0x81018008        0x0 binaries/tas_unlock.o
 .bss           0x81018008        0x0 binaries/unsleep.o
 .bss           0x81018008        0x0 binaries/userret.o
 .bss           0x81018008        0x0 binaries/wait.o
 .bss           0x81018008        0x0 binaries/wakeup.o
 .bss           0x81018008        0x0 binaries/write.o
 .bss           0x81018008        0x0 binaries/xdone.o
 .bss           0x81018008        0x0 binaries/yield.o
 .bss           0x81018008        0x0 binaries/abs.o
 .bss           0x81018008        0x0 binaries/atoi.o
 .bss           0x81018008        0x0 binaries/atol.o
 .bss           0x81018008        0x0 binaries/bzero.o
 .bss           0x81018008        0x0 binaries/ctype_.o
 .bss           0x81018008        0x0 binaries/doprnt.o
 .bss           0x81018008        0x0 binaries/doscan.o
 .bss           0x81018008        0x0 binaries/fdoprnt.o
 .bss           0x81018008        0x0 binaries/fgetc.o
 .bss           0x81018008        0x0 binaries/fgets.o
 .bss           0x81018008        0x0 binaries/fprintf.o
 .bss           0x81018008        0x0 binaries/fputc.o
 .bss           0x81018008        0x0 binaries/fputs.o
 .bss           0x81018008        0x0 binaries/fscanf.o
 .bss           0x81018008        0x0 binaries/getchar.o
 .bss           0x81018008        0x0 binaries/labs.o
 .bss           0x81018008        0x0 binaries/memchr.o
 .bss           0x81018008        0x0 binaries/memcmp.o
 .bss           0x81018008        0x0 binaries/memcpy.o
 .bss           0x81018008        0x0 binaries/memset.o
 .bss           0x81018008        0x0 binaries/printf.o
 .bss           0x81018008        0x0 binaries/putchar.o
 .bss           0x81018008        0x8 binaries/qsort.o
 .bss           0x81018010        0x0 binaries/rand.o
 .bss           0x81018010        0x0 binaries/sprintf.o
 .bss           0x81018010        0x0 binaries/sscanf.o
 .bss           0x81018010        0x0 binaries/strchr.o
 .bss           0x81018010        0x0 binaries/strcmp.o
 .bss           0x81018010        0x0 binaries/strcpy.o
 .bss           0x81018010        0x0 binaries/strlen.o
 .bss           0x81018010        0x0 binaries/strncat.o
 .bss           0x81018010        0x0 binaries/strncmp.o
 .bss           0x81018010        0x0 binaries/strncpy.o
 .bss           0x81018010        0x0 binaries/strnlen.o
 .bss           0x81018010        0x0 binaries/strrchr.o
 .bss           0x81018010        0x0 binaries/strstr.o
 .bss           0x81018010        0x0 binaries/ttycontrol.o
 .bss           0x81018010        0x0 binaries/ttygetc.o
 .bss           0x81018010        0x0 binaries/ttyhandle_in.o
 .bss           0x81018010        0x0 binaries/ttyhandle_out.o
 .bss           0x81018010        0x0 binaries/ttyhandler.o
 .bss           0x81018010        0x0 binaries/ttyinit.o
 .bss           0x81018010        0x0 binaries/ttykickout.o
 .bss           0x81018010        0x0 binaries/ttyputc.o
 .bss           0x81018010        0x0 binaries/ttyread.o
 .bss           0x81018010        0x0 binaries/ttywrite.o
 .bss           0x81018010        0x0 binaries/mount.o
 .bss           0x81018010        0x0 binaries/naminit.o
 .bss           0x81018010        0x0 binaries/nammap.o
 .bss           0x81018010        0x0 binaries/namopen.o
 .bss           0x81018010        0x0 binaries/colon2mac.o
 .bss           0x81018010        0x0 binaries/ethcontrol.o
 .bss           0x81018010        0x0 binaries/ethhandler.o
 .bss           0x81018010        0x0 binaries/ethinit.o
 .bss           0x81018010        0x0 binaries/ethread.o
 .bss           0x81018010        0x0 binaries/ethwrite.o
 .bss           0x81018010        0x0 binaries/rdsbufalloc.o
 .bss           0x81018010        0x0 binaries/rdsclose.o
 .bss           0x81018010        0x0 binaries/rdscomm.o
 .bss           0x81018010        0x0 binaries/rdscontrol.o
 .bss           0x81018010        0x0 binaries/rdsinit.o
 .bss           0x81018010        0x0 binaries/rdsopen.o
 .bss           0x81018010        0x0 binaries/rdsprocess.o
 .bss           0x81018010        0x0 binaries/rdsread.o
 .bss           0x81018010        0x0 binaries/rdswrite.o
 .bss           0x81018010        0x0 binaries/ramclose.o
 .bss           0x81018010        0x0 binaries/raminit.o
 .bss           0x81018010        0x0 binaries/ramopen.o
 .bss           0x81018010        0x0 binaries/ramread.o
 .bss           0x81018010        0x0 binaries/ramwrite.o
 .bss           0x81018010        0x0 binaries/lfdballoc.o
 .bss           0x81018010        0x0 binaries/lfdbfree.o
 .bss           0x81018010        0x0 binaries/lfflush.o
 .bss           0x81018010        0x0 binaries/lfgetmode.o
 .bss           0x81018010        0x0 binaries/lfiballoc.o
 .bss           0x81018010        0x0 binaries/lfibclear.o
 .bss           0x81018010        0x0 binaries/lfibget.o
 .bss           0x81018010        0x0 binaries/lfibput.o
 .bss           0x81018010        0x0 binaries/lflclose.o
 .bss           0x81018010        0x0 binaries/lflcontrol.o
 .bss           0x81018010        0x0 binaries/lflgetc.o
 .bss           0x81018010        0x0 binaries/lflinit.o
 .bss           0x81018010        0x0 binaries/lflputc.o
 .bss           0x81018010        0x0 binaries/lflread.o
 .bss           0x81018010        0x0 binaries/lflseek.o
 .bss           0x81018010        0x0 binaries/lflwrite.o
 .bss           0x81018010        0x0 binaries/lfsckfmt.o
 .bss           0x81018010        0x0 binaries/lfscreate.o
 .bss           0x81018010        0x0 binaries/lfsetup.o
 .bss           0x81018010        0x0 binaries/lfsinit.o
 .bss           0x81018010        0x0 binaries/lfsopen.o
 .bss           0x81018010        0x0 binaries/lftruncate.o
 .bss           0x81018010        0x0 binaries/rflclose.o
 .bss           0x81018010        0x0 binaries/rflgetc.o
 .bss           0x81018010        0x0 binaries/rflinit.o
 .bss           0x81018010        0x0 binaries/rflputc.o
 .bss           0x81018010        0x0 binaries/rflread.o
 .bss           0x81018010        0x0 binaries/rflseek.o
 .bss           0x81018010        0x0 binaries/rflwrite.o
 .bss           0x81018010        0x0 binaries/rfscomm.o
 .bss           0x81018010        0x0 binaries/rfscontrol.o
 .bss           0x81018010        0x0 binaries/rfsgetmode.o
 .bss           0x81018010        0x0 binaries/rfsinit.o
 .bss           0x81018010        0x0 binaries/rfsndmsg.o
 .bss           0x81018010        0x0 binaries/rfsopen.o
 .bss           0x81018010        0x0 binaries/arp.o
 .bss           0x81018010        0x0 binaries/dhcp.o
 .bss           0x81018010        0x0 binaries/dns.o
 .bss           0x81018010        0x0 binaries/dot2ip.o
 .bss           0x81018010        0x0 binaries/hexdump.o
 .bss           0x81018010        0x0 binaries/icmp.o
 .bss           0x81018010        0x0 binaries/ip.o
 .bss           0x81018010        0x0 binaries/net.o
 .bss           0x81018010        0x0 binaries/netstart.o
 .bss           0x81018010        0x0 binaries/pdump.o
 .bss           0x81018010        0x0 binaries/tftp.o
 .bss           0x81018010        0x0 binaries/udp.o
 .bss           0x81018010        0x0 binaries/addargs.o
 .bss           0x81018010        0x0 binaries/lexan.o
 .bss           0x81018010        0x0 binaries/shell.o
 .bss           0x81018010        0x0 binaries/xsh_argecho.o
 .bss           0x81018010        0x0 binaries/xsh_arp.o
 .bss           0x81018010        0x0 binaries/xsh_babybird.o
 .bss           0x81018010        0x0 binaries/xsh_cat.o
 .bss           0x81018010        0x0 binaries/xsh_clear.o
 .bss           0x81018010        0x0 binaries/xsh_date.o
 .bss           0x81018010        0x0 binaries/xsh_devdump.o
 .bss           0x81018010        0x0 binaries/xsh_echo.o
 .bss           0x81018010        0x0 binaries/xsh_exit.o
 .bss           0x81018010        0x0 binaries/xsh_hello.o
 .bss           0x81018010        0x0 binaries/xsh_help.o
 .bss           0x81018010        0x0 binaries/xsh_ipaddr.o
 .bss           0x81018010        0x0 binaries/xsh_kill.o
 .bss           0x81018010        0x0 binaries/xsh_led.o
 .bss           0x81018010        0x0 binaries/xsh_memdump.o
 .bss           0x81018010        0x0 binaries/xsh_memstat.o
 .bss           0x81018010        0x4 binaries/xsh_ping.o
 .bss           0x81018014        0x0 binaries/xsh_process_ring.o
 .bss           0x81018014        0x0 binaries/xsh_process_ring_incorrect_order.o
 .bss           0x81018014        0x0 binaries/xsh_ps.o
 .bss           0x81018014        0x0 binaries/xsh_sleep.o
 .bss           0x81018014        0x0 binaries/xsh_udpdump.o
 .bss           0x81018014        0x0 binaries/xsh_udpecho.o
 .bss           0x81018014        0x0 binaries/xsh_udpeserver.o
 .bss           0x81018014        0x0 binaries/xsh_uptime.o
 .bss           0x81018014        0x0 binaries/babyBird.o
 .bss           0x81018014        0x0 binaries/consume.o
 .bss           0x81018014        0x0 binaries/parentBird.o
 .bss           0x81018014        0x0 binaries/produce.o
 .bss           0x81018014        0x4 binaries/ring.o
                0x81018014                round_num
 .bss           0x81018018        0x0 binaries/ring_incorrect_order.o
 .bss           0x81018018        0x0 binaries/ctxsw.o
 .bss           0x81018018        0x0 binaries/intr.o
 .bss           0x81018018        0x0 /usr/lib/gcc/arm-none-eabi/4.9.3/libgcc.a(_udivsi3.o)
 .bss           0x81018018        0x0 /usr/lib/gcc/arm-none-eabi/4.9.3/libgcc.a(_divsi3.o)
 .bss           0x81018018        0x0 /usr/lib/gcc/arm-none-eabi/4.9.3/libgcc.a(_dvmd_tls.o)
 *(COMMON)
 COMMON         0x81018018       0xf4 binaries/bufinit.o
                0x81018018                buftab
                0x81018108                nbpools
 COMMON         0x8101810c        0xc binaries/clkinit.o
                0x8101810c                sleepq
                0x81018110                preempt
                0x81018114                clktime
 COMMON         0x81018118      0x200 binaries/evec.o
                0x81018118                intc_vector
 COMMON         0x81018318     0x1aa0 binaries/initialize.o
                0x81018318                currpid
                0x8101831c                proctab
                0x810198fc                prcount
                0x81019900                semtab
                0x81019db0                memlist
 COMMON         0x81019db8        0x4 binaries/main.o
                0x81019db8                cpudelay
 COMMON         0x81019dbc       0x58 binaries/mark.o
                0x81019dbc                marks
                0x81019e0c                nmarks
                0x81019e10                mkmutex
 COMMON         0x81019e14        0x8 binaries/meminit.o
                0x81019e14                minheap
                0x81019e18                maxheap
 COMMON         0x81019e1c      0x2d8 binaries/ptinit.o
                0x81019e1c                porttab
                0x8101a0ec                ptnextid
                0x8101a0f0                ptfree
 COMMON         0x8101a0f4      0x980 binaries/queue.o
                0x8101a0f4                queuetab
 COMMON         0x8101aa74        0x2 binaries/ready.o
                0x8101aa74                readylist
 *fill*         0x8101aa76        0x2 
 COMMON         0x8101aa78        0x8 binaries/resched.o
                0x8101aa78                Defer
 COMMON         0x8101aa80      0x10c binaries/ttyinit.o
                0x8101aa80                ttytab
 COMMON         0x8101ab8c     0x19a4 binaries/naminit.o
                0x8101ab8c                nnames
                0x8101ab90                nametab
 COMMON         0x8101c530      0x154 binaries/ethinit.o
                0x8101c530                eth_a_regs
                0x8101c54c                ethertab
 COMMON         0x8101c684       0x8c binaries/rdsinit.o
                0x8101c684                rdstab
 COMMON         0x8101c710    0x19000 binaries/raminit.o
                0x8101c710                Ram
 COMMON         0x81035710      0xf00 binaries/lflinit.o
                0x81035710                lfltab
 COMMON         0x81036610      0x20c binaries/lfsinit.o
                0x81036610                Lf_data
 COMMON         0x8103681c      0x5a0 binaries/rflinit.o
                0x8103681c                rfltab
 COMMON         0x81036dbc       0x18 binaries/rfsinit.o
                0x81036dbc                Rf_data
 COMMON         0x81036dd4      0x140 binaries/arp.o
                0x81036dd4                arpcache
 COMMON         0x81036f14        0x4 binaries/dns.o
                0x81036f14                nsaddr
 COMMON         0x81036f18      0x230 binaries/icmp.o
                0x81036f18                icmptab
 COMMON         0x81037148       0x2c binaries/ip.o
                0x81037148                ipoqueue
 COMMON         0x81037174       0xac binaries/net.o
                0x81037174                netbufpool
                0x81037178                NetData
 COMMON         0x81037220      0x168 binaries/udp.o
                0x81037220                udptab
 COMMON         0x81037388       0x10 binaries/xsh_babybird.o
                0x81037388                babyBirds
                0x8103738c                worms
                0x81037390                baby_mutex
                0x81037394                parent_mutex
 COMMON         0x81037398       0x10 binaries/xsh_process_ring.o
                0x81037398                box
 COMMON         0x810373a8       0x10 binaries/xsh_process_ring_incorrect_order.o
                0x810373a8                box1
                0x810373b8                ebss = ABSOLUTE (.)
                0x81038000                . = ALIGN (0x1000)
 *fill*         0x810373b8      0xc48 
 */()
                0x81038000                end = ABSOLUTE (.)
                0x81038000                _end = ABSOLUTE (.)
                0x81038000                . = ALIGN (0x1000)
LOAD binaries/start.o
LOAD binaries/ascdate.o
LOAD binaries/bufinit.o
LOAD binaries/chprio.o
LOAD binaries/clkhandler.o
LOAD binaries/clkinit.o
LOAD binaries/close.o
LOAD binaries/conf.o
LOAD binaries/control.o
LOAD binaries/create.o
LOAD binaries/evec.o
LOAD binaries/exit.o
LOAD binaries/freebuf.o
LOAD binaries/freemem.o
LOAD binaries/getbuf.o
LOAD binaries/getc.o
LOAD binaries/getdev.o
LOAD binaries/getitem.o
LOAD binaries/getmem.o
LOAD binaries/getpid.o
LOAD binaries/getprio.o
LOAD binaries/getstk.o
LOAD binaries/gettime.o
LOAD binaries/getutime.o
LOAD binaries/init.o
LOAD binaries/initialize.o
LOAD binaries/insert.o
LOAD binaries/insertd.o
LOAD binaries/ioerr.o
LOAD binaries/ionull.o
LOAD binaries/kill.o
LOAD binaries/kprintf.o
LOAD binaries/lockcreate.o
LOAD binaries/main.o
LOAD binaries/mark.o
LOAD binaries/meminit.o
LOAD binaries/mkbufpool.o
LOAD binaries/newqueue.o
LOAD binaries/open.o
LOAD binaries/panic.o
LOAD binaries/platinit.o
LOAD binaries/ptclear.o
LOAD binaries/ptcount.o
LOAD binaries/ptcreate.o
LOAD binaries/ptdelete.o
LOAD binaries/ptinit.o
LOAD binaries/ptrecv.o
LOAD binaries/ptreset.o
LOAD binaries/ptsend.o
LOAD binaries/putc.o
LOAD binaries/queue.o
LOAD binaries/read.o
LOAD binaries/ready.o
LOAD binaries/receive.o
LOAD binaries/recvclr.o
LOAD binaries/recvtime.o
LOAD binaries/resched.o
LOAD binaries/resume.o
LOAD binaries/seek.o
LOAD binaries/semcount.o
LOAD binaries/semcreate.o
LOAD binaries/semdelete.o
LOAD binaries/semreset.o
LOAD binaries/send.o
LOAD binaries/signal.o
LOAD binaries/signaln.o
LOAD binaries/sleep.o
LOAD binaries/suspend.o
LOAD binaries/tas_lock.o
LOAD binaries/tas_unlock.o
LOAD binaries/unsleep.o
LOAD binaries/userret.o
LOAD binaries/wait.o
LOAD binaries/wakeup.o
LOAD binaries/write.o
LOAD binaries/xdone.o
LOAD binaries/yield.o
LOAD binaries/abs.o
LOAD binaries/atoi.o
LOAD binaries/atol.o
LOAD binaries/bzero.o
LOAD binaries/ctype_.o
LOAD binaries/doprnt.o
LOAD binaries/doscan.o
LOAD binaries/fdoprnt.o
LOAD binaries/fgetc.o
LOAD binaries/fgets.o
LOAD binaries/fprintf.o
LOAD binaries/fputc.o
LOAD binaries/fputs.o
LOAD binaries/fscanf.o
LOAD binaries/getchar.o
LOAD binaries/labs.o
LOAD binaries/memchr.o
LOAD binaries/memcmp.o
LOAD binaries/memcpy.o
LOAD binaries/memset.o
LOAD binaries/printf.o
LOAD binaries/putchar.o
LOAD binaries/qsort.o
LOAD binaries/rand.o
LOAD binaries/sprintf.o
LOAD binaries/sscanf.o
LOAD binaries/strchr.o
LOAD binaries/strcmp.o
LOAD binaries/strcpy.o
LOAD binaries/strlen.o
LOAD binaries/strncat.o
LOAD binaries/strncmp.o
LOAD binaries/strncpy.o
LOAD binaries/strnlen.o
LOAD binaries/strrchr.o
LOAD binaries/strstr.o
LOAD binaries/ttycontrol.o
LOAD binaries/ttygetc.o
LOAD binaries/ttyhandle_in.o
LOAD binaries/ttyhandle_out.o
LOAD binaries/ttyhandler.o
LOAD binaries/ttyinit.o
LOAD binaries/ttykickout.o
LOAD binaries/ttyputc.o
LOAD binaries/ttyread.o
LOAD binaries/ttywrite.o
LOAD binaries/mount.o
LOAD binaries/naminit.o
LOAD binaries/nammap.o
LOAD binaries/namopen.o
LOAD binaries/colon2mac.o
LOAD binaries/ethcontrol.o
LOAD binaries/ethhandler.o
LOAD binaries/ethinit.o
LOAD binaries/ethread.o
LOAD binaries/ethwrite.o
LOAD binaries/rdsbufalloc.o
LOAD binaries/rdsclose.o
LOAD binaries/rdscomm.o
LOAD binaries/rdscontrol.o
LOAD binaries/rdsinit.o
LOAD binaries/rdsopen.o
LOAD binaries/rdsprocess.o
LOAD binaries/rdsread.o
LOAD binaries/rdswrite.o
LOAD binaries/ramclose.o
LOAD binaries/raminit.o
LOAD binaries/ramopen.o
LOAD binaries/ramread.o
LOAD binaries/ramwrite.o
LOAD binaries/lfdballoc.o
LOAD binaries/lfdbfree.o
LOAD binaries/lfflush.o
LOAD binaries/lfgetmode.o
LOAD binaries/lfiballoc.o
LOAD binaries/lfibclear.o
LOAD binaries/lfibget.o
LOAD binaries/lfibput.o
LOAD binaries/lflclose.o
LOAD binaries/lflcontrol.o
LOAD binaries/lflgetc.o
LOAD binaries/lflinit.o
LOAD binaries/lflputc.o
LOAD binaries/lflread.o
LOAD binaries/lflseek.o
LOAD binaries/lflwrite.o
LOAD binaries/lfsckfmt.o
LOAD binaries/lfscreate.o
LOAD binaries/lfsetup.o
LOAD binaries/lfsinit.o
LOAD binaries/lfsopen.o
LOAD binaries/lftruncate.o
LOAD binaries/rflclose.o
LOAD binaries/rflgetc.o
LOAD binaries/rflinit.o
LOAD binaries/rflputc.o
LOAD binaries/rflread.o
LOAD binaries/rflseek.o
LOAD binaries/rflwrite.o
LOAD binaries/rfscomm.o
LOAD binaries/rfscontrol.o
LOAD binaries/rfsgetmode.o
LOAD binaries/rfsinit.o
LOAD binaries/rfsndmsg.o
LOAD binaries/rfsopen.o
LOAD binaries/arp.o
LOAD binaries/dhcp.o
LOAD binaries/dns.o
LOAD binaries/dot2ip.o
LOAD binaries/hexdump.o
LOAD binaries/icmp.o
LOAD binaries/ip.o
LOAD binaries/net.o
LOAD binaries/netstart.o
LOAD binaries/pdump.o
LOAD binaries/tftp.o
LOAD binaries/udp.o
LOAD binaries/addargs.o
[...]
                0x00001df5       0x35 binaries/ramread.o
 .ARM.attributes
                0x00001e2a       0x35 binaries/ramwrite.o
 .ARM.attributes
                0x00001e5f       0x35 binaries/lfdballoc.o
 .ARM.attributes
                0x00001e94       0x35 binaries/lfdbfree.o
 .ARM.attributes
                0x00001ec9       0x35 binaries/lfflush.o
 .ARM.attributes
                0x00001efe       0x35 binaries/lfgetmode.o
 .ARM.attributes
                0x00001f33       0x35 binaries/lfiballoc.o
 .ARM.attributes
                0x00001f68       0x35 binaries/lfibclear.o
 .ARM.attributes
                0x00001f9d       0x35 binaries/lfibget.o
 .ARM.attributes
                0x00001fd2       0x35 binaries/lfibput.o
 .ARM.attributes
                0x00002007       0x35 binaries/lflclose.o
 .ARM.attributes
                0x0000203c       0x35 binaries/lflcontrol.o
 .ARM.attributes
                0x00002071       0x35 binaries/lflgetc.o
 .ARM.attributes
                0x000020a6       0x35 binaries/lflinit.o
 .ARM.attributes
                0x000020db       0x35 binaries/lflputc.o
 .ARM.attributes
                0x00002110       0x35 binaries/lflread.o
 .ARM.attributes
                0x00002145       0x35 binaries/lflseek.o
 .ARM.attributes
                0x0000217a       0x35 binaries/lflwrite.o
 .ARM.attributes
                0x000021af       0x35 binaries/lfsckfmt.o
 .ARM.attributes
                0x000021e4       0x35 binaries/lfscreate.o
 .ARM.attributes
                0x00002219       0x35 binaries/lfsetup.o
 .ARM.attributes
                0x0000224e       0x35 binaries/lfsinit.o
 .ARM.attributes
                0x00002283       0x35 binaries/lfsopen.o
 .ARM.attributes
                0x000022b8       0x35 binaries/lftruncate.o
 .ARM.attributes
                0x000022ed       0x35 binaries/rflclose.o
 .ARM.attributes
                0x00002322       0x35 binaries/rflgetc.o
 .ARM.attributes
                0x00002357       0x35 binaries/rflinit.o
 .ARM.attributes
                0x0000238c       0x35 binaries/rflputc.o
 .ARM.attributes
                0x000023c1       0x35 binaries/rflread.o
 .ARM.attributes
                0x000023f6       0x35 binaries/rflseek.o
 .ARM.attributes
                0x0000242b       0x35 binaries/rflwrite.o
 .ARM.attributes
                0x00002460       0x35 binaries/rfscomm.o
 .ARM.attributes
                0x00002495       0x35 binaries/rfscontrol.o
 .ARM.attributes
                0x000024ca       0x35 binaries/rfsgetmode.o
 .ARM.attributes
                0x000024ff       0x35 binaries/rfsinit.o
 .ARM.attributes
                0x00002534       0x35 binaries/rfsndmsg.o
 .ARM.attributes
                0x00002569       0x35 binaries/rfsopen.o
 .ARM.attributes
                0x0000259e       0x35 binaries/arp.o
 .ARM.attributes
                0x000025d3       0x35 binaries/dhcp.o
 .ARM.attributes
                0x00002608       0x35 binaries/dns.o
 .ARM.attributes
                0x0000263d       0x35 binaries/dot2ip.o
 .ARM.attributes
                0x00002672       0x35 binaries/hexdump.o
 .ARM.attributes
                0x000026a7       0x35 binaries/icmp.o
 .ARM.attributes
                0x000026dc       0x35 binaries/ip.o
 .ARM.attributes
                0x00002711       0x35 binaries/net.o
 .ARM.attributes
                0x00002746       0x35 binaries/netstart.o
 .ARM.attributes
                0x0000277b       0x35 binaries/pdump.o
 .ARM.attributes
                0x000027b0       0x35 binaries/tftp.o
 .ARM.attributes
                0x000027e5       0x35 binaries/udp.o
 .ARM.attributes
                0x0000281a       0x35 binaries/addargs.o
 .ARM.attributes
                0x0000284f       0x35 binaries/lexan.o
 .ARM.attributes
                0x00002884       0x35 binaries/shell.o
 .ARM.attributes
                0x000028b9       0x35 binaries/xsh_argecho.o
 .ARM.attributes
                0x000028ee       0x35 binaries/xsh_arp.o
 .ARM.attributes
                0x00002923       0x35 binaries/xsh_babybird.o
 .ARM.attributes
                0x00002958       0x35 binaries/xsh_cat.o
 .ARM.attributes
                0x0000298d       0x35 binaries/xsh_clear.o
 .ARM.attributes
                0x000029c2       0x35 binaries/xsh_date.o
 .ARM.attributes
                0x000029f7       0x35 binaries/xsh_devdump.o
 .ARM.attributes
                0x00002a2c       0x35 binaries/xsh_echo.o
 .ARM.attributes
                0x00002a61       0x35 binaries/xsh_exit.o
 .ARM.attributes
                0x00002a96       0x35 binaries/xsh_hello.o
 .ARM.attributes
                0x00002acb       0x35 binaries/xsh_help.o
 .ARM.attributes
                0x00002b00       0x35 binaries/xsh_ipaddr.o
 .ARM.attributes
                0x00002b35       0x35 binaries/xsh_kill.o
 .ARM.attributes
                0x00002b6a       0x35 binaries/xsh_led.o
 .ARM.attributes
                0x00002b9f       0x35 binaries/xsh_memdump.o
 .ARM.attributes
                0x00002bd4       0x35 binaries/xsh_memstat.o
 .ARM.attributes
                0x00002c09       0x35 binaries/xsh_ping.o
 .ARM.attributes
                0x00002c3e       0x35 binaries/xsh_process_ring.o
 .ARM.attributes
                0x00002c73       0x35 binaries/xsh_process_ring_incorrect_order.o
 .ARM.attributes
                0x00002ca8       0x35 binaries/xsh_ps.o
 .ARM.attributes
                0x00002cdd       0x35 binaries/xsh_sleep.o
 .ARM.attributes
                0x00002d12       0x35 binaries/xsh_udpdump.o
 .ARM.attributes
                0x00002d47       0x35 binaries/xsh_udpecho.o
 .ARM.attributes
                0x00002d7c       0x35 binaries/xsh_udpeserver.o
 .ARM.attributes
                0x00002db1       0x35 binaries/xsh_uptime.o
 .ARM.attributes
                0x00002de6       0x35 binaries/babyBird.o
 .ARM.attributes
                0x00002e1b       0x35 binaries/consume.o
 .ARM.attributes
                0x00002e50       0x35 binaries/parentBird.o
 .ARM.attributes
                0x00002e85       0x35 binaries/produce.o
 .ARM.attributes
                0x00002eba       0x35 binaries/ring.o
 .ARM.attributes
                0x00002eef       0x35 binaries/ring_incorrect_order.o
 .ARM.attributes
                0x00002f24       0x25 binaries/ctxsw.o
 .ARM.attributes
                0x00002f49       0x25 binaries/intr.o
 .ARM.attributes
                0x00002f6e       0x18 /usr/lib/gcc/arm-none-eabi/4.9.3/libgcc.a(_udivsi3.o)
 .ARM.attributes
                0x00002f86       0x18 /usr/lib/gcc/arm-none-eabi/4.9.3/libgcc.a(_divsi3.o)
 .ARM.attributes
                0x00002f9e       0x18 /usr/lib/gcc/arm-none-eabi/4.9.3/libgcc.a(_dvmd_tls.o)

.comment        0x00000000       0x70
 .comment       0x00000000       0x70 binaries/ascdate.o
                                 0x71 (size before relaxing)
 .comment       0x00000000       0x71 binaries/bufinit.o
 .comment       0x00000000       0x71 binaries/chprio.o
 .comment       0x00000000       0x71 binaries/clkhandler.o
 .comment       0x00000000       0x71 binaries/clkinit.o
 .comment       0x00000000       0x71 binaries/close.o
 .comment       0x00000000       0x71 binaries/conf.o
 .comment       0x00000000       0x71 binaries/control.o
 .comment       0x00000000       0x71 binaries/create.o
 .comment       0x00000000       0x71 binaries/evec.o
 .comment       0x00000000       0x71 binaries/exit.o
 .comment       0x00000000       0x71 binaries/freebuf.o
 .comment       0x00000000       0x71 binaries/freemem.o
 .comment       0x00000000       0x71 binaries/getbuf.o
 .comment       0x00000000       0x71 binaries/getc.o
 .comment       0x00000000       0x71 binaries/getdev.o
 .comment       0x00000000       0x71 binaries/getitem.o
 .comment       0x00000000       0x71 binaries/getmem.o
 .comment       0x00000000       0x71 binaries/getpid.o
 .comment       0x00000000       0x71 binaries/getprio.o
 .comment       0x00000000       0x71 binaries/getstk.o
 .comment       0x00000000       0x71 binaries/gettime.o
 .comment       0x00000000       0x71 binaries/getutime.o
 .comment       0x00000000       0x71 binaries/init.o
 .comment       0x00000000       0x71 binaries/initialize.o
 .comment       0x00000000       0x71 binaries/insert.o
 .comment       0x00000000       0x71 binaries/insertd.o
 .comment       0x00000000       0x71 binaries/ioerr.o
 .comment       0x00000000       0x71 binaries/ionull.o
 .comment       0x00000000       0x71 binaries/kill.o
 .comment       0x00000000       0x71 binaries/kprintf.o
 .comment       0x00000000       0x71 binaries/lockcreate.o
 .comment       0x00000000       0x71 binaries/main.o
 .comment       0x00000000       0x71 binaries/mark.o
 .comment       0x00000000       0x71 binaries/meminit.o
 .comment       0x00000000       0x71 binaries/mkbufpool.o
 .comment       0x00000000       0x71 binaries/newqueue.o
 .comment       0x00000000       0x71 binaries/open.o
 .comment       0x00000000       0x71 binaries/panic.o
 .comment       0x00000000       0x71 binaries/platinit.o
 .comment       0x00000000       0x71 binaries/ptclear.o
 .comment       0x00000000       0x71 binaries/ptcount.o
 .comment       0x00000000       0x71 binaries/ptcreate.o
 .comment       0x00000000       0x71 binaries/ptdelete.o
 .comment       0x00000000       0x71 binaries/ptinit.o
 .comment       0x00000000       0x71 binaries/ptrecv.o
 .comment       0x00000000       0x71 binaries/ptreset.o
 .comment       0x00000000       0x71 binaries/ptsend.o
 .comment       0x00000000       0x71 binaries/putc.o
 .comment       0x00000000       0x71 binaries/queue.o
 .comment       0x00000000       0x71 binaries/read.o
 .comment       0x00000000       0x71 binaries/ready.o
 .comment       0x00000000       0x71 binaries/receive.o
 .comment       0x00000000       0x71 binaries/recvclr.o
 .comment       0x00000000       0x71 binaries/recvtime.o
 .comment       0x00000000       0x71 binaries/resched.o
 .comment       0x00000000       0x71 binaries/resume.o
 .comment       0x00000000       0x71 binaries/seek.o
 .comment       0x00000000       0x71 binaries/semcount.o
 .comment       0x00000000       0x71 binaries/semcreate.o
 .comment       0x00000000       0x71 binaries/semdelete.o
 .comment       0x00000000       0x71 binaries/semreset.o
 .comment       0x00000000       0x71 binaries/send.o
 .comment       0x00000000       0x71 binaries/signal.o
 .comment       0x00000000       0x71 binaries/signaln.o
 .comment       0x00000000       0x71 binaries/sleep.o
 .comment       0x00000000       0x71 binaries/suspend.o
 .comment       0x00000000       0x71 binaries/tas_lock.o
 .comment       0x00000000       0x71 binaries/tas_unlock.o
 .comment       0x00000000       0x71 binaries/unsleep.o
 .comment       0x00000000       0x71 binaries/userret.o
 .comment       0x00000000       0x71 binaries/wait.o
 .comment       0x00000000       0x71 binaries/wakeup.o
 .comment       0x00000000       0x71 binaries/write.o
 .comment       0x00000000       0x71 binaries/xdone.o
 .comment       0x00000000       0x71 binaries/yield.o
 .comment       0x00000000       0x71 binaries/abs.o
 .comment       0x00000000       0x71 binaries/atoi.o
 .comment       0x00000000       0x71 binaries/atol.o
 .comment       0x00000000       0x71 binaries/bzero.o
 .comment       0x00000000       0x71 binaries/ctype_.o
 .comment       0x00000000       0x71 binaries/doprnt.o
 .comment       0x00000000       0x71 binaries/doscan.o
 .comment       0x00000000       0x71 binaries/fdoprnt.o
 .comment       0x00000000       0x71 binaries/fgetc.o
 .comment       0x00000000       0x71 binaries/fgets.o
 .comment       0x00000000       0x71 binaries/fprintf.o
 .comment       0x00000000       0x71 binaries/fputc.o
 .comment       0x00000000       0x71 binaries/fputs.o
 .comment       0x00000000       0x71 binaries/fscanf.o
 .comment       0x00000000       0x71 binaries/getchar.o
 .comment       0x00000000       0x71 binaries/labs.o
 .comment       0x00000000       0x71 binaries/memchr.o
 .comment       0x00000000       0x71 binaries/memcmp.o
 .comment       0x00000000       0x71 binaries/memcpy.o
 .comment       0x00000000       0x71 binaries/memset.o
 .comment       0x00000000       0x71 binaries/printf.o
 .comment       0x00000000       0x71 binaries/putchar.o
 .comment       0x00000000       0x71 binaries/qsort.o
 .comment       0x00000000       0x71 binaries/rand.o
 .comment       0x00000000       0x71 binaries/sprintf.o
 .comment       0x00000000       0x71 binaries/sscanf.o
 .comment       0x00000000       0x71 binaries/strchr.o
 .comment       0x00000000       0x71 binaries/strcmp.o
 .comment       0x00000000       0x71 binaries/strcpy.o
 .comment       0x00000000       0x71 binaries/strlen.o
 .comment       0x00000000       0x71 binaries/strncat.o
 .comment       0x00000000       0x71 binaries/strncmp.o
 .comment       0x00000000       0x71 binaries/strncpy.o
 .comment       0x00000000       0x71 binaries/strnlen.o
 .comment       0x00000000       0x71 binaries/strrchr.o
 .comment       0x00000000       0x71 binaries/strstr.o
 .comment       0x00000000       0x71 binaries/ttycontrol.o
 .comment       0x00000000       0x71 binaries/ttygetc.o
 .comment       0x00000000       0x71 binaries/ttyhandle_in.o
 .comment       0x00000000       0x71 binaries/ttyhandle_out.o
 .comment       0x00000000       0x71 binaries/ttyhandler.o
 .comment       0x00000000       0x71 binaries/ttyinit.o
 .comment       0x00000000       0x71 binaries/ttykickout.o
 .comment       0x00000000       0x71 binaries/ttyputc.o
 .comment       0x00000000       0x71 binaries/ttyread.o
 .comment       0x00000000       0x71 binaries/ttywrite.o
 .comment       0x00000000       0x71 binaries/mount.o
 .comment       0x00000000       0x71 binaries/naminit.o
 .comment       0x00000000       0x71 binaries/nammap.o
 .comment       0x00000000       0x71 binaries/namopen.o
 .comment       0x00000000       0x71 binaries/colon2mac.o
 .comment       0x00000000       0x71 binaries/ethcontrol.o
 .comment       0x00000000       0x71 binaries/ethhandler.o
 .comment       0x00000000       0x71 binaries/ethinit.o
 .comment       0x00000000       0x71 binaries/ethread.o
 .comment       0x00000000       0x71 binaries/ethwrite.o
 .comment       0x00000000       0x71 binaries/rdsbufalloc.o
 .comment       0x00000000       0x71 binaries/rdsclose.o
 .comment       0x00000000       0x71 binaries/rdscomm.o
 .comment       0x00000000       0x71 binaries/rdscontrol.o
 .comment       0x00000000       0x71 binaries/rdsinit.o
 .comment       0x00000000       0x71 binaries/rdsopen.o
 .comment       0x00000000       0x71 binaries/rdsprocess.o
 .comment       0x00000000       0x71 binaries/rdsread.o
 .comment       0x00000000       0x71 binaries/rdswrite.o
 .comment       0x00000000       0x71 binaries/ramclose.o
 .comment       0x00000000       0x71 binaries/raminit.o
 .comment       0x00000000       0x71 binaries/ramopen.o
 .comment       0x00000000       0x71 binaries/ramread.o
 .comment       0x00000000       0x71 binaries/ramwrite.o
 .comment       0x00000000       0x71 binaries/lfdballoc.o
 .comment       0x00000000       0x71 binaries/lfdbfree.o
 .comment       0x00000000       0x71 binaries/lfflush.o
 .comment       0x00000000       0x71 binaries/lfgetmode.o
 .comment       0x00000000       0x71 binaries/lfiballoc.o
 .comment       0x00000000       0x71 binaries/lfibclear.o
 .comment       0x00000000       0x71 binaries/lfibget.o
 .comment       0x00000000       0x71 binaries/lfibput.o
 .comment       0x00000000       0x71 binaries/lflclose.o
 .comment       0x00000000       0x71 binaries/lflcontrol.o
 .comment       0x00000000       0x71 binaries/lflgetc.o
 .comment       0x00000000       0x71 binaries/lflinit.o
 .comment       0x00000000       0x71 binaries/lflputc.o
 .comment       0x00000000       0x71 binaries/lflread.o
 .comment       0x00000000       0x71 binaries/lflseek.o
 .comment       0x00000000       0x71 binaries/lflwrite.o
 .comment       0x00000000       0x71 binaries/lfsckfmt.o
 .comment       0x00000000       0x71 binaries/lfscreate.o
 .comment       0x00000000       0x71 binaries/lfsetup.o
 .comment       0x00000000       0x71 binaries/lfsinit.o
 .comment       0x00000000       0x71 binaries/lfsopen.o
 .comment       0x00000000       0x71 binaries/lftruncate.o
 .comment       0x00000000       0x71 binaries/rflclose.o
 .comment       0x00000000       0x71 binaries/rflgetc.o
 .comment       0x00000000       0x71 binaries/rflinit.o
 .comment       0x00000000       0x71 binaries/rflputc.o
 .comment       0x00000000       0x71 binaries/rflread.o
 .comment       0x00000000       0x71 binaries/rflseek.o
 .comment       0x00000000       0x71 binaries/rflwrite.o
 .comment       0x00000000       0x71 binaries/rfscomm.o
 .comment       0x00000000       0x71 binaries/rfscontrol.o
 .comment       0x00000000       0x71 binaries/rfsgetmode.o
 .comment       0x00000000       0x71 binaries/rfsinit.o
 .comment       0x00000000       0x71 binaries/rfsndmsg.o
 .comment       0x00000000       0x71 binaries/rfsopen.o
 .comment       0x00000000       0x71 binaries/arp.o
 .comment       0x00000000       0x71 binaries/dhcp.o
 .comment       0x00000000       0x71 binaries/dns.o
 .comment       0x00000000       0x71 binaries/dot2ip.o
 .comment       0x00000000       0x71 binaries/hexdump.o
 .comment       0x00000000       0x71 binaries/icmp.o
 .comment       0x00000000       0x71 binaries/ip.o
 .comment       0x00000000       0x71 binaries/net.o
 .comment       0x00000000       0x71 binaries/netstart.o
 .comment       0x00000000       0x71 binaries/pdump.o
 .comment       0x00000000       0x71 binaries/tftp.o
 .comment       0x00000000       0x71 binaries/udp.o
 .comment       0x00000000       0x71 binaries/addargs.o
 .comment       0x00000000       0x71 binaries/lexan.o
 .comment       0x00000000       0x71 binaries/shell.o
 .comment       0x00000000       0x71 binaries/xsh_argecho.o
 .comment       0x00000000       0x71 binaries/xsh_arp.o
 .comment       0x00000000       0x71 binaries/xsh_babybird.o
 .comment       0x00000000       0x71 binaries/xsh_cat.o
 .comment       0x00000000       0x71 binaries/xsh_clear.o
 .comment       0x00000000       0x71 binaries/xsh_date.o
 .comment       0x00000000       0x71 binaries/xsh_devdump.o
 .comment       0x00000000       0x71 binaries/xsh_echo.o
 .comment       0x00000000       0x71 binaries/xsh_exit.o
 .comment       0x00000000       0x71 binaries/xsh_hello.o
 .comment       0x00000000       0x71 binaries/xsh_help.o
 .comment       0x00000000       0x71 binaries/xsh_ipaddr.o
 .comment       0x00000000       0x71 binaries/xsh_kill.o
 .comment       0x00000000       0x71 binaries/xsh_led.o
 .comment       0x00000000       0x71 binaries/xsh_memdump.o
 .comment       0x00000000       0x71 binaries/xsh_memstat.o
 .comment       0x00000000       0x71 binaries/xsh_ping.o
 .comment       0x00000000       0x71 binaries/xsh_process_ring.o
 .comment       0x00000000       0x71 binaries/xsh_process_ring_incorrect_order.o
 .comment       0x00000000       0x71 binaries/xsh_ps.o
 .comment       0x00000000       0x71 binaries/xsh_sleep.o
 .comment       0x00000000       0x71 binaries/xsh_udpdump.o
 .comment       0x00000000       0x71 binaries/xsh_udpecho.o
 .comment       0x00000000       0x71 binaries/xsh_udpeserver.o
 .comment       0x00000000       0x71 binaries/xsh_uptime.o
 .comment       0x00000000       0x71 binaries/babyBird.o
 .comment       0x00000000       0x71 binaries/consume.o
 .comment       0x00000000       0x71 binaries/parentBird.o
 .comment       0x00000000       0x71 binaries/produce.o
 .comment       0x00000000       0x71 binaries/ring.o
 .comment       0x00000000       0x71 binaries/ring_incorrect_order.o

.debug_frame    0x00000000       0x40
 .debug_frame   0x00000000       0x20 /usr/lib/gcc/arm-none-eabi/4.9.3/libgcc.a(_udivsi3.o)
 .debug_frame   0x00000020       0x20 /usr/lib/gcc/arm-none-eabi/4.9.3/libgcc.a(_divsi3.o)
